Archive member included because of file (symbol)

c:\Users\robol\AppData\Roaming\Code\User\globalStorage\vexrobotics.vexcode\sdk\cpp\V5\V5_20240802_15_00_00/vexv5\libv5rt.a(v5_startup.c.obj)
                              (vexStartup)
c:\Users\robol\AppData\Roaming\Code\User\globalStorage\vexrobotics.vexcode\sdk\cpp\V5\V5_20240802_15_00_00/vexv5\libv5rt.a(v5_util.c.obj)
                              c:\Users\robol\AppData\Roaming\Code\User\globalStorage\vexrobotics.vexcode\sdk\cpp\V5\V5_20240802_15_00_00/vexv5\libv5rt.a(v5_startup.c.obj) (vexStdlibVersionLinked)
c:\Users\robol\AppData\Roaming\Code\User\globalStorage\vexrobotics.vexcode\sdk\cpp\V5\V5_20240802_15_00_00/vexv5\libv5rt.a(v5_apijump.c.obj)
                              c:\Users\robol\AppData\Roaming\Code\User\globalStorage\vexrobotics.vexcode\sdk\cpp\V5\V5_20240802_15_00_00/vexv5\libv5rt.a(v5_startup.c.obj) (vexPrivateApiEnable)
c:\Users\robol\AppData\Roaming\Code\User\globalStorage\vexrobotics.vexcode\sdk\cpp\V5\V5_20240802_15_00_00/vexv5\libv5rt.a(v5_apiversions.c.obj)
                              c:\Users\robol\AppData\Roaming\Code\User\globalStorage\vexrobotics.vexcode\sdk\cpp\V5\V5_20240802_15_00_00/vexv5\libv5rt.a(v5_apijump.c.obj) (vexSystemVersion)
c:\Users\robol\AppData\Roaming\Code\User\globalStorage\vexrobotics.vexcode\sdk\cpp\V5\V5_20240802_15_00_00/vexv5\libv5rt.a(vex_global.cpp.obj)
                              build/src/main.o (vex::wait(double, vex::timeUnits))
c:\Users\robol\AppData\Roaming\Code\User\globalStorage\vexrobotics.vexcode\sdk\cpp\V5\V5_20240802_15_00_00/vexv5\libv5rt.a(vex_device.cpp.obj)
                              build/src/ai_robot_link.o (vex::device::value())
c:\Users\robol\AppData\Roaming\Code\User\globalStorage\vexrobotics.vexcode\sdk\cpp\V5\V5_20240802_15_00_00/vexv5\libv5rt.a(vex_motor.cpp.obj)
                              build/src/main.o (vex::motor::~motor())
c:\Users\robol\AppData\Roaming\Code\User\globalStorage\vexrobotics.vexcode\sdk\cpp\V5\V5_20240802_15_00_00/vexv5\libv5rt.a(vex_imu.cpp.obj)
                              build/src/main.o (vex::inertial::setHeading(double, vex::rotationUnits))
c:\Users\robol\AppData\Roaming\Code\User\globalStorage\vexrobotics.vexcode\sdk\cpp\V5\V5_20240802_15_00_00/vexv5\libv5rt.a(vex_optical.cpp.obj)
                              build/src/main.o (vex::optical::~optical())
c:\Users\robol\AppData\Roaming\Code\User\globalStorage\vexrobotics.vexcode\sdk\cpp\V5\V5_20240802_15_00_00/vexv5\libv5rt.a(vex_gps.cpp.obj)
                              build/src/main.o (vex::gps::~gps())
c:\Users\robol\AppData\Roaming\Code\User\globalStorage\vexrobotics.vexcode\sdk\cpp\V5\V5_20240802_15_00_00/vexv5\libv5rt.a(vex_controller.cpp.obj)
                              build/src/main.o (vex::controller::~controller())
c:\Users\robol\AppData\Roaming\Code\User\globalStorage\vexrobotics.vexcode\sdk\cpp\V5\V5_20240802_15_00_00/vexv5\libv5rt.a(vex_task.cpp.obj)
                              build/src/main.o (vex::task::task(int (*)()))
c:\Users\robol\AppData\Roaming\Code\User\globalStorage\vexrobotics.vexcode\sdk\cpp\V5\V5_20240802_15_00_00/vexv5\libv5rt.a(vex_thread.cpp.obj)
                              build/src/main.o (vex::thread::thread(int (*)()))
c:\Users\robol\AppData\Roaming\Code\User\globalStorage\vexrobotics.vexcode\sdk\cpp\V5\V5_20240802_15_00_00/vexv5\libv5rt.a(vex_event.cpp.obj)
                              c:\Users\robol\AppData\Roaming\Code\User\globalStorage\vexrobotics.vexcode\sdk\cpp\V5\V5_20240802_15_00_00/vexv5\libv5rt.a(vex_imu.cpp.obj) (vex::event::init(unsigned long, unsigned long, void (*)()))
c:\Users\robol\AppData\Roaming\Code\User\globalStorage\vexrobotics.vexcode\sdk\cpp\V5\V5_20240802_15_00_00/vexv5\libv5rt.a(vex_mevent.cpp.obj)
                              c:\Users\robol\AppData\Roaming\Code\User\globalStorage\vexrobotics.vexcode\sdk\cpp\V5\V5_20240802_15_00_00/vexv5\libv5rt.a(vex_controller.cpp.obj) (vex::mevent::mevent(unsigned long, unsigned long))
c:\Users\robol\AppData\Roaming\Code\User\globalStorage\vexrobotics.vexcode\sdk\cpp\V5\V5_20240802_15_00_00/vexv5\libv5rt.a(vex_brain.cpp.obj)
                              build/src/dashboard.o (vex::brain::lcd::setFont(vex::fontType))
c:\Users\robol\AppData\Roaming\Code\User\globalStorage\vexrobotics.vexcode\sdk\cpp\V5\V5_20240802_15_00_00/vexv5\libv5rt.a(vex_competition.cpp.obj)
                              build/src/main.o (vex::competition::competition())
c:\Users\robol\AppData\Roaming\Code\User\globalStorage\vexrobotics.vexcode\sdk\cpp\V5\V5_20240802_15_00_00/vexv5\libv5rt.a(vex_triport.cpp.obj)
                              c:\Users\robol\AppData\Roaming\Code\User\globalStorage\vexrobotics.vexcode\sdk\cpp\V5\V5_20240802_15_00_00/vexv5\libv5rt.a(vex_brain.cpp.obj) (vex::triport::~triport())
c:\Users\robol\AppData\Roaming\Code\User\globalStorage\vexrobotics.vexcode\sdk\cpp\V5\V5_20240802_15_00_00/vexv5\libv5rt.a(vex_color.cpp.obj)
[...]
Memory Configuration

Name             Origin             Length             Attributes
ps7_ddr_0_S_AXI_BASEADDR 0x03800000         0x04800000
*default*        0x00000000         0xffffffff

Linker script and memory map

                0x00002000                _STACK_SIZE = DEFINED (_STACK_SIZE)?_STACK_SIZE:0x2000
                0x00100000                _HEAP_SIZE = DEFINED (_HEAP_SIZE)?_HEAP_SIZE:0x100000
                0x00000400                _ABORT_STACK_SIZE = DEFINED (_ABORT_STACK_SIZE)?_ABORT_STACK_SIZE:0x400
                0x00000800                _SUPERVISOR_STACK_SIZE = DEFINED (_SUPERVISOR_STACK_SIZE)?_SUPERVISOR_STACK_SIZE:0x800
                0x00000400                _IRQ_STACK_SIZE = DEFINED (_IRQ_STACK_SIZE)?_IRQ_STACK_SIZE:0x400
                0x00000400                _FIQ_STACK_SIZE = DEFINED (_FIQ_STACK_SIZE)?_FIQ_STACK_SIZE:0x400
                0x00000400                _UNDEF_STACK_SIZE = DEFINED (_UNDEF_STACK_SIZE)?_UNDEF_STACK_SIZE:0x400

.text           0x03800000     0x9d38
 *(.vectors)
 *(.boot_data)
 .boot_data     0x03800000       0x20 c:\Users\robol\AppData\Roaming\Code\User\globalStorage\vexrobotics.vexcode\sdk\cpp\V5\V5_20240802_15_00_00/vexv5\libv5rt.a(v5_startup.c.obj)
                0x03800000                vexCodeSig
                0x00000020                . = 0x20
 *(.boot)
 .boot          0x03800020       0xbc c:\Users\robol\AppData\Roaming\Code\User\globalStorage\vexrobotics.vexcode\sdk\cpp\V5\V5_20240802_15_00_00/vexv5\libv5rt.a(v5_startup.c.obj)
                0x03800020                vexStartup
                0x03800100                . = ALIGN (0x40)
 *fill*         0x038000dc       0x24 
 *(.freertos_vectors)
 *(.text)
 .text          0x03800100       0x3a c:\Users\robol\AppData\Roaming\Code\User\globalStorage\vexrobotics.vexcode\sdk\cpp\V5\V5_20240802_15_00_00/vexv5/gcc/libs\libc.a(lib_a-aeabi_memmove-soft.o)
                0x03800100                __aeabi_memmove4
                0x03800100                __aeabi_memmove
                0x03800100                __aeabi_memmove8
 .text          0x0380013a       0x9a c:\Users\robol\AppData\Roaming\Code\User\globalStorage\vexrobotics.vexcode\sdk\cpp\V5\V5_20240802_15_00_00/vexv5/gcc/libs\libc.a(lib_a-aeabi_memset-soft.o)
                0x0380013a                __aeabi_memset8
                0x0380013a                __aeabi_memset
                0x0380013a                __aeabi_memset4
 *(.text.*)
 .text._ZN5FieldD2Ev
                0x038001d4       0xa4 build/src/main.o
                0x038001d4                Field::~Field()
 .text._ZN3vex11motor_groupC2IJNS_5motorES2_EEERS2_DpRT_
                0x03800278       0x44 build/src/main.o
                0x03800278                vex::motor_group::motor_group<vex::motor, vex::motor>(vex::motor&, vex::motor&, vex::motor&)
 .text._ZN5DriveD2Ev
                0x038002bc       0x2c build/src/main.o
                0x038002bc                Drive::~Drive()
 .text._Z15tuned_constantsv
                0x038002e8      0x108 build/src/main.o
                0x038002e8                tuned_constants()
 .text._Z9pre_autonv
                0x038003f0      0x170 build/src/main.o
                0x038003f0                pre_auton()
 .text._Z11usercontrolv
                0x03800560      0x1a0 build/src/main.o
                0x03800560                usercontrol()
 .text._Z16auto_Interactionv
                0x03800700       0x68 build/src/main.o
                0x03800700                auto_Interaction()
 .text.main     0x03800768       0xa0 build/src/main.o
                0x03800768                main
 .text._GLOBAL__sub_I_main.cpp
                0x03800808      0x578 build/src/main.o
 .text._ZN7BarrierC2E4LineS0_S0_
                0x03800d80       0xa8 build/src/field.o
                0x03800d80                Barrier::Barrier(Line, Line, Line)
 .text._ZN7BarrierD2Ev
                0x03800e28       0x24 build/src/field.o
                0x03800e28                Barrier::~Barrier()
 *fill*         0x03800e4c        0x4 
 .text._ZN5FieldC2Ebdd
                0x03800e50      0xbd0 build/src/field.o
                0x03800e50                Field::Field(bool, double, double)
                0x03800e50                Field::Field(bool, double, double)
 .text._Z14Inside_PolygonffSt6vectorIPK5PointSaIS2_EE
                0x03801a20      0x118 build/src/field.o
                0x03801a20                Inside_Polygon(float, float, std::vector<Point const*, std::allocator<Point const*> >)
 .text._ZNSt6vectorIPK5PointSaIS2_EEC2ERKS4_
                0x03801b38       0x78 build/src/field.o
                0x03801b38                std::vector<Point const*, std::allocator<Point const*> >::vector(std::vector<Point const*, std::allocator<Point const*> > const&)
 .text._ZN5Field11Near_IntakeEff
                0x03801bb0       0x54 build/src/field.o
                0x03801bb0                Field::Near_Intake(float, float)
 .text._ZNSt6vectorI4LineSaIS0_EE19_M_emplace_back_auxIJRKS0_EEEvDpOT_
                0x03801c04       0xb0 build/src/field.o
                0x03801c04                void std::vector<Line, std::allocator<Line> >::_M_emplace_back_aux<Line const&>(Line const&)
 .text._ZNKSt6vectorI4LineSaIS0_EE12_M_check_lenEjPKc
                0x03801cb4       0x54 build/src/field.o
                0x03801cb4                std::vector<Line, std::allocator<Line> >::_M_check_len(unsigned int, char const*) const
 .text._ZNSt12_Vector_baseI4LineSaIS0_EE11_M_allocateEj
                0x03801d08       0x30 build/src/field.o
                0x03801d08                std::_Vector_base<Line, std::allocator<Line> >::_M_allocate(unsigned int)
 .text._ZNSt6vectorIPK5PointSaIS2_EE19_M_emplace_back_auxIJS2_EEEvDpOT_
                0x03801d38       0x8c build/src/field.o
                0x03801d38                void std::vector<Point const*, std::allocator<Point const*> >::_M_emplace_back_aux<Point const*>(Point const*&&)
 .text._ZNKSt6vectorIPK5PointSaIS2_EE12_M_check_lenEjPKc
                0x03801dc4       0x54 build/src/field.o
                0x03801dc4                std::vector<Point const*, std::allocator<Point const*> >::_M_check_len(unsigned int, char const*) const
 .text._ZNSt12_Vector_baseIPK5PointSaIS2_EE11_M_allocateEj
                0x03801e18       0x30 build/src/field.o
                0x03801e18                std::_Vector_base<Point const*, std::allocator<Point const*> >::_M_allocate(unsigned int)
 .text._ZNSt6vectorIP5PointSaIS1_EE19_M_emplace_back_auxIJS1_EEEvDpOT_
                0x03801e48       0x8c build/src/field.o
                0x03801e48                void std::vector<Point*, std::allocator<Point*> >::_M_emplace_back_aux<Point*>(Point*&&)
 .text._ZNKSt6vectorIP5PointSaIS1_EE12_M_check_lenEjPKc
                0x03801ed4       0x54 build/src/field.o
                0x03801ed4                std::vector<Point*, std::allocator<Point*> >::_M_check_len(unsigned int, char const*) const
 .text._ZNSt12_Vector_baseIP5PointSaIS1_EE11_M_allocateEj
                0x03801f28       0x30 build/src/field.o
                0x03801f28                std::_Vector_base<Point*, std::allocator<Point*> >::_M_allocate(unsigned int)
 .text._ZNSt6vectorIPK7BarrierSaIS2_EE19_M_emplace_back_auxIJS2_EEEvDpOT_
                0x03801f58       0x8c build/src/field.o
                0x03801f58                void std::vector<Barrier const*, std::allocator<Barrier const*> >::_M_emplace_back_aux<Barrier const*>(Barrier const*&&)
 .text._ZNKSt6vectorIPK7BarrierSaIS2_EE12_M_check_lenEjPKc
                0x03801fe4       0x54 build/src/field.o
                0x03801fe4                std::vector<Barrier const*, std::allocator<Barrier const*> >::_M_check_len(unsigned int, char const*) const
 .text._ZNSt12_Vector_baseIPK7BarrierSaIS2_EE11_M_allocateEj
                0x03802038       0x30 build/src/field.o
                0x03802038                std::_Vector_base<Barrier const*, std::allocator<Barrier const*> >::_M_allocate(unsigned int)
 .text._GLOBAL__sub_I_field.cpp
                0x03802068      0x9a8 build/src/field.o
 .text._Z13dashboardTaskv
                0x03802a10      0x7cc build/src/dashboard.o
                0x03802a10                dashboardTask()
 *fill*         0x038031dc        0x4 
 .text._Z10distanceToddN3vex13distanceUnitsE
                0x038031e0       0xb0 build/src/ai_functions.o
                0x038031e0                distanceTo(double, double, vex::distanceUnits)
 .text._Z16calculateBearingdddd
                0x03803290      0x108 build/src/ai_functions.o
                0x03803290                calculateBearing(double, double, double, double)
 .text._Z11moveToPointP5Pointb
                0x03803398      0x250 build/src/ai_functions.o
                0x03803398                moveToPoint(Point*, bool)
 .text._Z10MovetoMogoP5Point
                0x038035e8       0xf4 build/src/ai_functions.o
                0x038035e8                MovetoMogo(Point*)
 *fill*         0x038036dc        0x4 
 .text._Z14moveToPositiondddbii
                0x038036e0       0xe8 build/src/ai_functions.o
                0x038036e0                moveToPosition(double, double, double, bool, int, int)
 .text._Z8findMogobb
                0x038037c8      0x210 build/src/ai_functions.o
                0x038037c8                findMogo(bool, bool)
 .text._Z8findRingbb
                0x038039d8      0x200 build/src/ai_functions.o
                0x038039d8                findRing(bool, bool)
 .text._Z9getObjectbb
                0x03803bd8      0x254 build/src/ai_functions.o
                0x03803bd8                getObject(bool, bool)
 *fill*         0x03803e2c        0x4 
 .text._Z7GetMogov
                0x03803e30      0x3b4 build/src/ai_functions.o
                0x03803e30                GetMogo()
 *fill*         0x038041e4        0x4 
 .text._Z11HoldingMogov
                0x038041e8       0xc0 build/src/ai_functions.o
                0x038041e8                HoldingMogo()
 .text._GLOBAL__sub_I_ai_functions.cpp
                0x038042a8       0x34 build/src/ai_functions.o
 .text._ZN2ai10robot_linkC2ElPKcN3vex8linkTypeE
                0x038042dc       0x98 build/src/ai_robot_link.o
                0x038042dc                ai::robot_link::robot_link(long, char const*, vex::linkType)
                0x038042dc                ai::robot_link::robot_link(long, char const*, vex::linkType)
 .text._ZN2ai10robot_link7tx_taskEPv
                0x03804374       0xe0 build/src/ai_robot_link.o
                0x03804374                ai::robot_link::tx_task(void*)
 .text._ZN2ai10robot_link7rx_taskEPv
                0x03804454       0x8c build/src/ai_robot_link.o
                0x03804454                ai::robot_link::rx_task(void*)
 .text._ZN2ai10robot_linkD2Ev
                0x038044e0       0x4c build/src/ai_robot_link.o
                0x038044e0                ai::robot_link::~robot_link()
                0x038044e0                ai::robot_link::~robot_link()
 .text._ZN2ai10robot_linkD0Ev
                0x0380452c       0x14 build/src/ai_robot_link.o
                0x0380452c                ai::robot_link::~robot_link()
 .text._ZN2ai10robot_link11get_packetsEv
                0x03804540        0x8 build/src/ai_robot_link.o
                0x03804540                ai::robot_link::get_packets()
 .text._ZN2ai10robot_link10get_errorsEv
                0x03804548        0x8 build/src/ai_robot_link.o
                0x03804548                ai::robot_link::get_errors()
 .text._ZN2ai10robot_link12get_timeoutsEv
                0x03804550        0x8 build/src/ai_robot_link.o
                0x03804550                ai::robot_link::get_timeouts()
 .text._ZN2ai10robot_link9get_totalEv
                0x03804558        0x8 build/src/ai_robot_link.o
                0x03804558                ai::robot_link::get_total()
 .text._ZN2ai10robot_link19set_remote_locationEfffl
                0x03804560       0x78 build/src/ai_robot_link.o
                0x03804560                ai::robot_link::set_remote_location(float, float, float, long)
 .text._ZN2ai10robot_link18get_local_locationERfS1_S1_Rl
                0x038045d8       0x88 build/src/ai_robot_link.o
                0x038045d8                ai::robot_link::get_local_location(float&, float&, float&, long&)
 .text._ZN2ai10robot_link19get_remote_locationERfS1_S1_
                0x03804660       0x7c build/src/ai_robot_link.o
                0x03804660                ai::robot_link::get_remote_location(float&, float&, float&)
 .text._ZN2ai10robot_link7processEh
                0x038046dc      0x258 build/src/ai_robot_link.o
                0x038046dc                ai::robot_link::process(unsigned char)
 .text._ZN2ai6jetsonC2Ev
                0x03804934       0x60 build/src/ai_jetson.o
                0x03804934                ai::jetson::jetson()
                0x03804934                ai::jetson::jetson()
 .text._ZN2ai6jetson12receive_taskEPv
                0x03804994       0x8c build/src/ai_jetson.o
                0x03804994                ai::jetson::receive_task(void*)
 .text._ZN2ai6jetsonD2Ev
                0x03804a20       0x28 build/src/ai_jetson.o
                0x03804a20                ai::jetson::~jetson()
                0x03804a20                ai::jetson::~jetson()
 .text._ZN2ai6jetson11get_packetsEv
                0x03804a48        0x8 build/src/ai_jetson.o
                0x03804a48                ai::jetson::get_packets()
 .text._ZN2ai6jetson10get_errorsEv
                0x03804a50        0x8 build/src/ai_jetson.o
                0x03804a50                ai::jetson::get_errors()
 .text._ZN2ai6jetson12get_timeoutsEv
                0x03804a58        0x8 build/src/ai_jetson.o
                0x03804a58                ai::jetson::get_timeouts()
 .text._ZN2ai6jetson9get_totalEv
                0x03804a60        0x8 build/src/ai_jetson.o
                0x03804a60                ai::jetson::get_total()
 .text._ZN2ai6jetson8get_dataEP9AI_RECORD
                0x03804a68       0x5c build/src/ai_jetson.o
                0x03804a68                ai::jetson::get_data(AI_RECORD*)
 .text._ZN2ai6jetson5crc32EPhmm
                0x03804ac4       0x84 build/src/ai_jetson.o
                0x03804ac4                ai::jetson::crc32(unsigned char*, unsigned long, unsigned long)
 .text._ZN2ai6jetson5parseEh
                0x03804b48      0x31c build/src/ai_jetson.o
                0x03804b48                ai::jetson::parse(unsigned char)
 .text._ZN2ai6jetson11request_mapEv
                0x03804e64       0x88 build/src/ai_jetson.o
                0x03804e64                ai::jetson::request_map()
 .text._Z15reduce_0_to_360f
                0x03804eec       0x7c build/src/JAR-Template/util.o
                0x03804eec                reduce_0_to_360(float)
 .text._Z26reduce_negative_180_to_180f
                0x03804f68       0x90 build/src/JAR-Template/util.o
                0x03804f68                reduce_negative_180_to_180(float)
 .text._Z5clampfff
                0x03804ff8       0x2c build/src/JAR-Template/util.o
                0x03804ff8                clamp(float, float, float)
 *fill*         0x03805024        0x4 
 .text._ZN5DriveC2EN3vex11motor_groupES1_ifff
                0x03805028       0xa0 build/src/JAR-Template/drive.o
                0x03805028                Drive::Drive(vex::motor_group, vex::motor_group, int, float, float, float)
                0x03805028                Drive::Drive(vex::motor_group, vex::motor_group, int, float, float, float)
 .text._ZN5Drive18drive_with_voltageEff
                0x038050c8       0x6c build/src/JAR-Template/drive.o
                0x038050c8                Drive::drive_with_voltage(float, float)
 .text._ZN5Drive18set_turn_constantsEfffff
                0x03805134       0x1c build/src/JAR-Template/drive.o
                0x03805134                Drive::set_turn_constants(float, float, float, float, float)
 .text._ZN5Drive19set_drive_constantsEfffff
                0x03805150       0x1c build/src/JAR-Template/drive.o
                0x03805150                Drive::set_drive_constants(float, float, float, float, float)
 .text._ZN5Drive21set_heading_constantsEfffff
                0x0380516c       0x1c build/src/JAR-Template/drive.o
                0x0380516c                Drive::set_heading_constants(float, float, float, float, float)
 .text._ZN5Drive19set_swing_constantsEfffff
                0x03805188       0x1c build/src/JAR-Template/drive.o
                0x03805188                Drive::set_swing_constants(float, float, float, float, float)
 .text._ZN5Drive24set_turn_exit_conditionsEfff
                0x038051a4        0xc build/src/JAR-Template/drive.o
                0x038051a4                Drive::set_turn_exit_conditions(float, float, float)
 .text._ZN5Drive25set_drive_exit_conditionsEfff
                0x038051b0        0xc build/src/JAR-Template/drive.o
                0x038051b0                Drive::set_drive_exit_conditions(float, float, float)
 .text._ZN5Drive25set_swing_exit_conditionsEfff
                0x038051bc        0xc build/src/JAR-Template/drive.o
                0x038051bc                Drive::set_swing_exit_conditions(float, float, float)
 .text._ZN5Drive13turn_to_angleEf
                0x038051c8       0x50 build/src/JAR-Template/drive.o
                0x038051c8                Drive::turn_to_angle(float)
 .text._ZN5Drive13turn_to_angleEfffffffff
                0x03805218      0x178 build/src/JAR-Template/drive.o
                0x03805218                Drive::turn_to_angle(float, float, float, float, float, float, float, float, float)
 .text._ZN5Drive14drive_distanceEf
                0x03805390       0x80 build/src/JAR-Template/drive.o
                0x03805390                Drive::drive_distance(float)
 .text._ZN5Drive14drive_distanceEfffffffffffffff
                0x03805410      0x2e0 build/src/JAR-Template/drive.o
                0x03805410                Drive::drive_distance(float, float, float, float, float, float, float, float, float, float, float, float, float, float, float)
 .text._ZN5Drive11set_headingEf
                0x038056f0       0x50 build/src/JAR-Template/drive.o
                0x038056f0                Drive::set_heading(float)
 .text._ZN3PIDC2Efffff
                0x03805740       0x2c build/src/JAR-Template/PID.o
                0x03805740                PID::PID(float, float, float, float, float)
                0x03805740                PID::PID(float, float, float, float, float)
 .text._ZN3PIDC2Effffffff
                0x0380576c       0x44 build/src/JAR-Template/PID.o
                0x0380576c                PID::PID(float, float, float, float, float, float, float, float)
                0x0380576c                PID::PID(float, float, float, float, float, float, float, float)
 .text._ZN3PID7computeEf
                0x038057b0       0xd0 build/src/JAR-Template/PID.o
                0x038057b0                PID::compute(float)
 .text._ZN3PID10is_settledEv
                0x03805880       0x44 build/src/JAR-Template/PID.o
                0x03805880                PID::is_settled()
 .text.vexMain  0x038058c4       0xb0 c:\Users\robol\AppData\Roaming\Code\User\globalStorage\vexrobotics.vexcode\sdk\cpp\V5\V5_20240802_15_00_00/vexv5\libv5rt.a(v5_startup.c.obj)
                0x038058c4                vexMain
 .text.__vex_function_prolog
                0x03805974       0x18 c:\Users\robol\AppData\Roaming\Code\User\globalStorage\vexrobotics.vexcode\sdk\cpp\V5\V5_20240802_15_00_00/vexv5\libv5rt.a(v5_startup.c.obj)
                0x03805974                __vex_function_prolog
 .text._init    0x0380598c        0x4 c:\Users\robol\AppData\Roaming\Code\User\globalStorage\vexrobotics.vexcode\sdk\cpp\V5\V5_20240802_15_00_00/vexv5\libv5rt.a(v5_startup.c.obj)
                0x0380598c                _init
 .text._fini    0x03805990        0x4 c:\Users\robol\AppData\Roaming\Code\User\globalStorage\vexrobotics.vexcode\sdk\cpp\V5\V5_20240802_15_00_00/vexv5\libv5rt.a(v5_startup.c.obj)
                0x03805990                _fini
 .text.vexStdlibVersionLinked
                0x03805994        0xc c:\Users\robol\AppData\Roaming\Code\User\globalStorage\vexrobotics.vexcode\sdk\cpp\V5\V5_20240802_15_00_00/vexv5\libv5rt.a(v5_util.c.obj)
                0x03805994                vexStdlibVersionLinked
 .text.vexStdlibVersionVerify
                0x038059a0       0x30 c:\Users\robol\AppData\Roaming\Code\User\globalStorage\vexrobotics.vexcode\sdk\cpp\V5\V5_20240802_15_00_00/vexv5\libv5rt.a(v5_util.c.obj)
                0x038059a0                vexStdlibVersionVerify
 .text.vexPrivateApiEnable
                0x038059d0       0x10 c:\Users\robol\AppData\Roaming\Code\User\globalStorage\vexrobotics.vexcode\sdk\cpp\V5\V5_20240802_15_00_00/vexv5\libv5rt.a(v5_apijump.c.obj)
                0x038059d0                vexPrivateApiEnable
 .text.vexStdlibMismatchError
                0x038059e0       0x3c c:\Users\robol\AppData\Roaming\Code\User\globalStorage\vexrobotics.vexcode\sdk\cpp\V5\V5_20240802_15_00_00/vexv5\libv5rt.a(v5_apijump.c.obj)
                0x038059e0                vexStdlibMismatchError
 .text.vexTaskAdd
                0x03805a1c       0x10 c:\Users\robol\AppData\Roaming\Code\User\globalStorage\vexrobotics.vexcode\sdk\cpp\V5\V5_20240802_15_00_00/vexv5\libv5rt.a(v5_apijump.c.obj)
                0x03805a1c                vexTaskAdd
 .text.vexTasksRun
                0x03805a2c       0x10 c:\Users\robol\AppData\Roaming\Code\User\globalStorage\vexrobotics.vexcode\sdk\cpp\V5\V5_20240802_15_00_00/vexv5\libv5rt.a(v5_apijump.c.obj)
                0x03805a2c                vexTasksRun
 .text.vexTaskYield
                0x03805a3c       0x10 c:\Users\robol\AppData\Roaming\Code\User\globalStorage\vexrobotics.vexcode\sdk\cpp\V5\V5_20240802_15_00_00/vexv5\libv5rt.a(v5_apijump.c.obj)
                0x03805a3c                vexTaskYield
 .text.vexTaskCheckTimeslice
                0x03805a4c       0x10 c:\Users\robol\AppData\Roaming\Code\User\globalStorage\vexrobotics.vexcode\sdk\cpp\V5\V5_20240802_15_00_00/vexv5\libv5rt.a(v5_apijump.c.obj)
                0x03805a4c                vexTaskCheckTimeslice
 .text.vexTaskSleep
                0x03805a5c       0x10 c:\Users\robol\AppData\Roaming\Code\User\globalStorage\vexrobotics.vexcode\sdk\cpp\V5\V5_20240802_15_00_00/vexv5\libv5rt.a(v5_apijump.c.obj)
                0x03805a5c                vexTaskSleep
 .text.vexSemaphoreInit
                0x03805a6c       0x24 c:\Users\robol\AppData\Roaming\Code\User\globalStorage\vexrobotics.vexcode\sdk\cpp\V5\V5_20240802_15_00_00/vexv5\libv5rt.a(v5_apijump.c.obj)
                0x03805a6c                vexSemaphoreInit
 .text.vexSemaphoreLock
                0x03805a90       0x2c c:\Users\robol\AppData\Roaming\Code\User\globalStorage\vexrobotics.vexcode\sdk\cpp\V5\V5_20240802_15_00_00/vexv5\libv5rt.a(v5_apijump.c.obj)
                0x03805a90                vexSemaphoreLock
 .text.vexSemaphoreUnlock
                0x03805abc       0x24 c:\Users\robol\AppData\Roaming\Code\User\globalStorage\vexrobotics.vexcode\sdk\cpp\V5\V5_20240802_15_00_00/vexv5\libv5rt.a(v5_apijump.c.obj)
                0x03805abc                vexSemaphoreUnlock
 .text.vexTasksDump
                0x03805ae0       0x1c c:\Users\robol\AppData\Roaming\Code\User\globalStorage\vexrobotics.vexcode\sdk\cpp\V5\V5_20240802_15_00_00/vexv5\libv5rt.a(v5_apijump.c.obj)
                0x03805ae0                vexTasksDump
 .text.vexTaskGetTaskIndex
                0x03805afc       0x10 c:\Users\robol\AppData\Roaming\Code\User\globalStorage\vexrobotics.vexcode\sdk\cpp\V5\V5_20240802_15_00_00/vexv5\libv5rt.a(v5_apijump.c.obj)
                0x03805afc                vexTaskGetTaskIndex
 .text.vexTaskStopAll
                0x03805b0c       0x10 c:\Users\robol\AppData\Roaming\Code\User\globalStorage\vexrobotics.vexcode\sdk\cpp\V5\V5_20240802_15_00_00/vexv5\libv5rt.a(v5_apijump.c.obj)
                0x03805b0c                vexTaskStopAll
 .text.vexTaskRemoveAllUser
                0x03805b1c       0x34 c:\Users\robol\AppData\Roaming\Code\User\globalStorage\vexrobotics.vexcode\sdk\cpp\V5\V5_20240802_15_00_00/vexv5\libv5rt.a(v5_apijump.c.obj)
                0x03805b1c                vexTaskRemoveAllUser
 .text.vexTaskCompletionIdSet
                0x03805b50       0x10 c:\Users\robol\AppData\Roaming\Code\User\globalStorage\vexrobotics.vexcode\sdk\cpp\V5\V5_20240802_15_00_00/vexv5\libv5rt.a(v5_apijump.c.obj)
                0x03805b50                vexTaskCompletionIdSet
 .text.vexTaskAddWithArg
                0x03805b60       0x10 c:\Users\robol\AppData\Roaming\Code\User\globalStorage\vexrobotics.vexcode\sdk\cpp\V5\V5_20240802_15_00_00/vexv5\libv5rt.a(v5_apijump.c.obj)
                0x03805b60                vexTaskAddWithArg
 .text.vexTaskStopWithId
                0x03805b70       0x10 c:\Users\robol\AppData\Roaming\Code\User\globalStorage\vexrobotics.vexcode\sdk\cpp\V5\V5_20240802_15_00_00/vexv5\libv5rt.a(v5_apijump.c.obj)
                0x03805b70                vexTaskStopWithId
 .text.vexTaskPrioritySetWithId
                0x03805b80       0x10 c:\Users\robol\AppData\Roaming\Code\User\globalStorage\vexrobotics.vexcode\sdk\cpp\V5\V5_20240802_15_00_00/vexv5\libv5rt.a(v5_apijump.c.obj)
                0x03805b80                vexTaskPrioritySetWithId
 .text.vexCriticalSection
                0x03805b90       0x2c c:\Users\robol\AppData\Roaming\Code\User\globalStorage\vexrobotics.vexcode\sdk\cpp\V5\V5_20240802_15_00_00/vexv5\libv5rt.a(v5_apijump.c.obj)
                0x03805b90                vexCriticalSection
 .text.vexEventAdd
                0x03805bbc       0x34 c:\Users\robol\AppData\Roaming\Code\User\globalStorage\vexrobotics.vexcode\sdk\cpp\V5\V5_20240802_15_00_00/vexv5\libv5rt.a(v5_apijump.c.obj)
                0x03805bbc                vexEventAdd
 .text.vexEventUserIndexGet
                0x03805bf0       0x1c c:\Users\robol\AppData\Roaming\Code\User\globalStorage\vexrobotics.vexcode\sdk\cpp\V5\V5_20240802_15_00_00/vexv5\libv5rt.a(v5_apijump.c.obj)
                0x03805bf0                vexEventUserIndexGet
 .text.vexEventAddWithArg
                0x03805c0c       0x3c c:\Users\robol\AppData\Roaming\Code\User\globalStorage\vexrobotics.vexcode\sdk\cpp\V5\V5_20240802_15_00_00/vexv5\libv5rt.a(v5_apijump.c.obj)
                0x03805c0c                vexEventAddWithArg
 .text.vexEventsCleanup
                0x03805c48       0x2c c:\Users\robol\AppData\Roaming\Code\User\globalStorage\vexrobotics.vexcode\sdk\cpp\V5\V5_20240802_15_00_00/vexv5\libv5rt.a(v5_apijump.c.obj)
                0x03805c48                vexEventsCleanup
 .text.vexDebug
                0x03805c74       0x38 c:\Users\robol\AppData\Roaming\Code\User\globalStorage\vexrobotics.vexcode\sdk\cpp\V5\V5_20240802_15_00_00/vexv5\libv5rt.a(v5_apijump.c.obj)
                0x03805c74                vexDebug
 .text.vex_sprintf
                0x03805cac       0x40 c:\Users\robol\AppData\Roaming\Code\User\globalStorage\vexrobotics.vexcode\sdk\cpp\V5\V5_20240802_15_00_00/vexv5\libv5rt.a(v5_apijump.c.obj)
                0x03805cac                vex_sprintf
 .text.vexSystemTimeGet
                0x03805cec       0x1c c:\Users\robol\AppData\Roaming\Code\User\globalStorage\vexrobotics.vexcode\sdk\cpp\V5\V5_20240802_15_00_00/vexv5\libv5rt.a(v5_apijump.c.obj)
                0x03805cec                vexSystemTimeGet
 .text.vexSystemExitRequest
                0x03805d08       0x1c c:\Users\robol\AppData\Roaming\Code\User\globalStorage\vexrobotics.vexcode\sdk\cpp\V5\V5_20240802_15_00_00/vexv5\libv5rt.a(v5_apijump.c.obj)
                0x03805d08                vexSystemExitRequest
 .text.vexDeviceGetByIndex
                0x03805d24       0x24 c:\Users\robol\AppData\Roaming\Code\User\globalStorage\vexrobotics.vexcode\sdk\cpp\V5\V5_20240802_15_00_00/vexv5\libv5rt.a(v5_apijump.c.obj)
                0x03805d24                vexDeviceGetByIndex
 .text.vexControllerGet
                0x03805d48       0x2c c:\Users\robol\AppData\Roaming\Code\User\globalStorage\vexrobotics.vexcode\sdk\cpp\V5\V5_20240802_15_00_00/vexv5\libv5rt.a(v5_apijump.c.obj)
                0x03805d48                vexControllerGet
 .text.vexDeviceAdiPortConfigSet
                0x03805d74       0x34 c:\Users\robol\AppData\Roaming\Code\User\globalStorage\vexrobotics.vexcode\sdk\cpp\V5\V5_20240802_15_00_00/vexv5\libv5rt.a(v5_apijump.c.obj)
                0x03805d74                vexDeviceAdiPortConfigSet
 .text.vexDeviceAdiPortConfigGet
                0x03805da8       0x2c c:\Users\robol\AppData\Roaming\Code\User\globalStorage\vexrobotics.vexcode\sdk\cpp\V5\V5_20240802_15_00_00/vexv5\libv5rt.a(v5_apijump.c.obj)
                0x03805da8                vexDeviceAdiPortConfigGet
 .text.vexDeviceAdiValueSet
                0x03805dd4       0x34 c:\Users\robol\AppData\Roaming\Code\User\globalStorage\vexrobotics.vexcode\sdk\cpp\V5\V5_20240802_15_00_00/vexv5\libv5rt.a(v5_apijump.c.obj)
                0x03805dd4                vexDeviceAdiValueSet
 .text.vexDeviceAdiValueGet
                0x03805e08       0x2c c:\Users\robol\AppData\Roaming\Code\User\globalStorage\vexrobotics.vexcode\sdk\cpp\V5\V5_20240802_15_00_00/vexv5\libv5rt.a(v5_apijump.c.obj)
                0x03805e08                vexDeviceAdiValueGet
 .text.vexDeviceMotorVelocitySet
                0x03805e34       0x2c c:\Users\robol\AppData\Roaming\Code\User\globalStorage\vexrobotics.vexcode\sdk\cpp\V5\V5_20240802_15_00_00/vexv5\libv5rt.a(v5_apijump.c.obj)
                0x03805e34                vexDeviceMotorVelocitySet
 .text.vexDeviceMotorVoltageSet
                0x03805e60       0x2c c:\Users\robol\AppData\Roaming\Code\User\globalStorage\vexrobotics.vexcode\sdk\cpp\V5\V5_20240802_15_00_00/vexv5\libv5rt.a(v5_apijump.c.obj)
                0x03805e60                vexDeviceMotorVoltageSet
 .text.vexDeviceMotorActualVelocityGet
                0x03805e8c       0x24 c:\Users\robol\AppData\Roaming\Code\User\globalStorage\vexrobotics.vexcode\sdk\cpp\V5\V5_20240802_15_00_00/vexv5\libv5rt.a(v5_apijump.c.obj)
                0x03805e8c                vexDeviceMotorActualVelocityGet
 .text.vexDeviceMotorReverseFlagSet
                0x03805eb0       0x2c c:\Users\robol\AppData\Roaming\Code\User\globalStorage\vexrobotics.vexcode\sdk\cpp\V5\V5_20240802_15_00_00/vexv5\libv5rt.a(v5_apijump.c.obj)
                0x03805eb0                vexDeviceMotorReverseFlagSet
 .text.vexDeviceMotorEncoderUnitsSet
                0x03805edc       0x2c c:\Users\robol\AppData\Roaming\Code\User\globalStorage\vexrobotics.vexcode\sdk\cpp\V5\V5_20240802_15_00_00/vexv5\libv5rt.a(v5_apijump.c.obj)
                0x03805edc                vexDeviceMotorEncoderUnitsSet
 .text.vexDeviceMotorBrakeModeSet
                0x03805f08       0x2c c:\Users\robol\AppData\Roaming\Code\User\globalStorage\vexrobotics.vexcode\sdk\cpp\V5\V5_20240802_15_00_00/vexv5\libv5rt.a(v5_apijump.c.obj)
                0x03805f08                vexDeviceMotorBrakeModeSet
 .text.vexDeviceMotorPositionSet
                0x03805f34       0x34 c:\Users\robol\AppData\Roaming\Code\User\globalStorage\vexrobotics.vexcode\sdk\cpp\V5\V5_20240802_15_00_00/vexv5\libv5rt.a(v5_apijump.c.obj)
                0x03805f34                vexDeviceMotorPositionSet
 .text.vexDeviceMotorPositionGet
                0x03805f68       0x24 c:\Users\robol\AppData\Roaming\Code\User\globalStorage\vexrobotics.vexcode\sdk\cpp\V5\V5_20240802_15_00_00/vexv5\libv5rt.a(v5_apijump.c.obj)
                0x03805f68                vexDeviceMotorPositionGet
 .text.vexDeviceMotorGearingSet
                0x03805f8c       0x2c c:\Users\robol\AppData\Roaming\Code\User\globalStorage\vexrobotics.vexcode\sdk\cpp\V5\V5_20240802_15_00_00/vexv5\libv5rt.a(v5_apijump.c.obj)
                0x03805f8c                vexDeviceMotorGearingSet
 .text.vexDeviceMotorGearingGet
                0x03805fb8       0x24 c:\Users\robol\AppData\Roaming\Code\User\globalStorage\vexrobotics.vexcode\sdk\cpp\V5\V5_20240802_15_00_00/vexv5\libv5rt.a(v5_apijump.c.obj)
                0x03805fb8                vexDeviceMotorGearingGet
 .text.vexDeviceImuReset
                0x03805fdc       0x24 c:\Users\robol\AppData\Roaming\Code\User\globalStorage\vexrobotics.vexcode\sdk\cpp\V5\V5_20240802_15_00_00/vexv5\libv5rt.a(v5_apijump.c.obj)
                0x03805fdc                vexDeviceImuReset
 .text.vexDeviceImuHeadingGet
                0x03806000       0x24 c:\Users\robol\AppData\Roaming\Code\User\globalStorage\vexrobotics.vexcode\sdk\cpp\V5\V5_20240802_15_00_00/vexv5\libv5rt.a(v5_apijump.c.obj)
                0x03806000                vexDeviceImuHeadingGet
 .text.vexDeviceImuDegreesGet
                0x03806024       0x24 c:\Users\robol\AppData\Roaming\Code\User\globalStorage\vexrobotics.vexcode\sdk\cpp\V5\V5_20240802_15_00_00/vexv5\libv5rt.a(v5_apijump.c.obj)
                0x03806024                vexDeviceImuDegreesGet
 .text.vexDeviceImuStatusGet
                0x03806048       0x24 c:\Users\robol\AppData\Roaming\Code\User\globalStorage\vexrobotics.vexcode\sdk\cpp\V5\V5_20240802_15_00_00/vexv5\libv5rt.a(v5_apijump.c.obj)
                0x03806048                vexDeviceImuStatusGet
 .text.vexDeviceOpticalHueGet
                0x0380606c       0x24 c:\Users\robol\AppData\Roaming\Code\User\globalStorage\vexrobotics.vexcode\sdk\cpp\V5\V5_20240802_15_00_00/vexv5\libv5rt.a(v5_apijump.c.obj)
                0x0380606c                vexDeviceOpticalHueGet
 .text.vexDeviceOpticalGestureEnable
                0x03806090       0x24 c:\Users\robol\AppData\Roaming\Code\User\globalStorage\vexrobotics.vexcode\sdk\cpp\V5\V5_20240802_15_00_00/vexv5\libv5rt.a(v5_apijump.c.obj)
                0x03806090                vexDeviceOpticalGestureEnable
 .text.vexDeviceOpticalGestureDisable
                0x038060b4       0x24 c:\Users\robol\AppData\Roaming\Code\User\globalStorage\vexrobotics.vexcode\sdk\cpp\V5\V5_20240802_15_00_00/vexv5\libv5rt.a(v5_apijump.c.obj)
                0x038060b4                vexDeviceOpticalGestureDisable
 .text.vexDeviceOpticalProximityThreshold
                0x038060d8       0x2c c:\Users\robol\AppData\Roaming\Code\User\globalStorage\vexrobotics.vexcode\sdk\cpp\V5\V5_20240802_15_00_00/vexv5\libv5rt.a(v5_apijump.c.obj)
                0x038060d8                vexDeviceOpticalProximityThreshold
 .text.vexDeviceGpsReset
                0x03806104       0x38 c:\Users\robol\AppData\Roaming\Code\User\globalStorage\vexrobotics.vexcode\sdk\cpp\V5\V5_20240802_15_00_00/vexv5\libv5rt.a(v5_apijump.c.obj)
                0x03806104                vexDeviceGpsReset
 .text.vexDeviceGpsHeadingGet
                0x0380613c       0x44 c:\Users\robol\AppData\Roaming\Code\User\globalStorage\vexrobotics.vexcode\sdk\cpp\V5\V5_20240802_15_00_00/vexv5\libv5rt.a(v5_apijump.c.obj)
                0x0380613c                vexDeviceGpsHeadingGet
 .text.vexDeviceGpsDegreesGet
                0x03806180       0x44 c:\Users\robol\AppData\Roaming\Code\User\globalStorage\vexrobotics.vexcode\sdk\cpp\V5\V5_20240802_15_00_00/vexv5\libv5rt.a(v5_apijump.c.obj)
                0x03806180                vexDeviceGpsDegreesGet
 .text.vexDeviceGpsAttitudeGet
                0x038061c4      0x198 c:\Users\robol\AppData\Roaming\Code\User\globalStorage\vexrobotics.vexcode\sdk\cpp\V5\V5_20240802_15_00_00/vexv5\libv5rt.a(v5_apijump.c.obj)
                0x038061c4                vexDeviceGpsAttitudeGet
 .text.vexDeviceGpsStatusGet
                0x0380635c       0x40 c:\Users\robol\AppData\Roaming\Code\User\globalStorage\vexrobotics.vexcode\sdk\cpp\V5\V5_20240802_15_00_00/vexv5\libv5rt.a(v5_apijump.c.obj)
                0x0380635c                vexDeviceGpsStatusGet
 .text.vexDeviceGpsModeSet
                0x0380639c       0x40 c:\Users\robol\AppData\Roaming\Code\User\globalStorage\vexrobotics.vexcode\sdk\cpp\V5\V5_20240802_15_00_00/vexv5\libv5rt.a(v5_apijump.c.obj)
                0x0380639c                vexDeviceGpsModeSet
 .text.vexDeviceGpsOriginSet
                0x038063dc       0x50 c:\Users\robol\AppData\Roaming\Code\User\globalStorage\vexrobotics.vexcode\sdk\cpp\V5\V5_20240802_15_00_00/vexv5\libv5rt.a(v5_apijump.c.obj)
                0x038063dc                vexDeviceGpsOriginSet
 .text.vexDeviceGpsRotationSet
                0x0380642c       0x48 c:\Users\robol\AppData\Roaming\Code\User\globalStorage\vexrobotics.vexcode\sdk\cpp\V5\V5_20240802_15_00_00/vexv5\libv5rt.a(v5_apijump.c.obj)
                0x0380642c                vexDeviceGpsRotationSet
 .text.vexDeviceGpsRotationGet
                0x03806474       0x44 c:\Users\robol\AppData\Roaming\Code\User\globalStorage\vexrobotics.vexcode\sdk\cpp\V5\V5_20240802_15_00_00/vexv5\libv5rt.a(v5_apijump.c.obj)
                0x03806474                vexDeviceGpsRotationGet
 .text.vexDisplayForegroundColor
                0x038064b8       0x24 c:\Users\robol\AppData\Roaming\Code\User\globalStorage\vexrobotics.vexcode\sdk\cpp\V5\V5_20240802_15_00_00/vexv5\libv5rt.a(v5_apijump.c.obj)
                0x038064b8                vexDisplayForegroundColor
 .text.vexDisplayBackgroundColor
                0x038064dc       0x24 c:\Users\robol\AppData\Roaming\Code\User\globalStorage\vexrobotics.vexcode\sdk\cpp\V5\V5_20240802_15_00_00/vexv5\libv5rt.a(v5_apijump.c.obj)
                0x038064dc                vexDisplayBackgroundColor
 .text.vexDisplayBackgroundColorGet
                0x03806500       0x1c c:\Users\robol\AppData\Roaming\Code\User\globalStorage\vexrobotics.vexcode\sdk\cpp\V5\V5_20240802_15_00_00/vexv5\libv5rt.a(v5_apijump.c.obj)
                0x03806500                vexDisplayBackgroundColorGet
 .text.vexDisplayRectDraw
                0x0380651c       0x4c c:\Users\robol\AppData\Roaming\Code\User\globalStorage\vexrobotics.vexcode\sdk\cpp\V5\V5_20240802_15_00_00/vexv5\libv5rt.a(v5_apijump.c.obj)
                0x0380651c                vexDisplayRectDraw
 .text.vexDisplayRectClear
                0x03806568       0x4c c:\Users\robol\AppData\Roaming\Code\User\globalStorage\vexrobotics.vexcode\sdk\cpp\V5\V5_20240802_15_00_00/vexv5\libv5rt.a(v5_apijump.c.obj)
                0x03806568                vexDisplayRectClear
 .text.vexDisplayVPrintf
                0x038065b4       0x50 c:\Users\robol\AppData\Roaming\Code\User\globalStorage\vexrobotics.vexcode\sdk\cpp\V5\V5_20240802_15_00_00/vexv5\libv5rt.a(v5_apijump.c.obj)
                0x038065b4                vexDisplayVPrintf
 .text.vexDisplayTextReference
                0x03806604       0x24 c:\Users\robol\AppData\Roaming\Code\User\globalStorage\vexrobotics.vexcode\sdk\cpp\V5\V5_20240802_15_00_00/vexv5\libv5rt.a(v5_apijump.c.obj)
                0x03806604                vexDisplayTextReference
 .text.vexDisplayTextSize
                0x03806628       0x2c c:\Users\robol\AppData\Roaming\Code\User\globalStorage\vexrobotics.vexcode\sdk\cpp\V5\V5_20240802_15_00_00/vexv5\libv5rt.a(v5_apijump.c.obj)
                0x03806628                vexDisplayTextSize
 .text.vexDisplayFontNamedSet
                0x03806654       0x24 c:\Users\robol\AppData\Roaming\Code\User\globalStorage\vexrobotics.vexcode\sdk\cpp\V5\V5_20240802_15_00_00/vexv5\libv5rt.a(v5_apijump.c.obj)
                0x03806654                vexDisplayFontNamedSet
 .text.vexDisplayPenSizeGet
                0x03806678       0x1c c:\Users\robol\AppData\Roaming\Code\User\globalStorage\vexrobotics.vexcode\sdk\cpp\V5\V5_20240802_15_00_00/vexv5\libv5rt.a(v5_apijump.c.obj)
                0x03806678                vexDisplayPenSizeGet
 .text.vexSystemStdlibImpureDataAddr
                0x03806694       0x28 c:\Users\robol\AppData\Roaming\Code\User\globalStorage\vexrobotics.vexcode\sdk\cpp\V5\V5_20240802_15_00_00/vexv5\libv5rt.a(v5_apijump.c.obj)
                0x03806694                vexSystemStdlibImpureDataAddr
 .text.vexSystemStdlibImpureDataSize
                0x038066bc       0x28 c:\Users\robol\AppData\Roaming\Code\User\globalStorage\vexrobotics.vexcode\sdk\cpp\V5\V5_20240802_15_00_00/vexv5\libv5rt.a(v5_apijump.c.obj)
                0x038066bc                vexSystemStdlibImpureDataSize
 .text.vexSystemSaveUserData
                0x038066e4       0x3c c:\Users\robol\AppData\Roaming\Code\User\globalStorage\vexrobotics.vexcode\sdk\cpp\V5\V5_20240802_15_00_00/vexv5\libv5rt.a(v5_apijump.c.obj)
                0x038066e4                vexSystemSaveUserData
 .text.vexDisplayClipRegionSet
                0x03806720       0x4c c:\Users\robol\AppData\Roaming\Code\User\globalStorage\vexrobotics.vexcode\sdk\cpp\V5\V5_20240802_15_00_00/vexv5\libv5rt.a(v5_apijump.c.obj)
                0x03806720                vexDisplayClipRegionSet
 .text.vexDisplayThemeIdGet
                0x0380676c       0x38 c:\Users\robol\AppData\Roaming\Code\User\globalStorage\vexrobotics.vexcode\sdk\cpp\V5\V5_20240802_15_00_00/vexv5\libv5rt.a(v5_apijump.c.obj)
                0x0380676c                vexDisplayThemeIdGet
 .text.vexDisplayRender
                0x038067a4       0x2c c:\Users\robol\AppData\Roaming\Code\User\globalStorage\vexrobotics.vexcode\sdk\cpp\V5\V5_20240802_15_00_00/vexv5\libv5rt.a(v5_apijump.c.obj)
                0x038067a4                vexDisplayRender
 .text.vexDeviceEventMaskSet
                0x038067d0       0x48 c:\Users\robol\AppData\Roaming\Code\User\globalStorage\vexrobotics.vexcode\sdk\cpp\V5\V5_20240802_15_00_00/vexv5\libv5rt.a(v5_apijump.c.obj)
                0x038067d0                vexDeviceEventMaskSet
 .text.vexDeviceEventMaskGet
                0x03806818       0x3c c:\Users\robol\AppData\Roaming\Code\User\globalStorage\vexrobotics.vexcode\sdk\cpp\V5\V5_20240802_15_00_00/vexv5\libv5rt.a(v5_apijump.c.obj)
                0x03806818                vexDeviceEventMaskGet
 .text.vexDeviceGenericSerialEnable
                0x03806854       0x2c c:\Users\robol\AppData\Roaming\Code\User\globalStorage\vexrobotics.vexcode\sdk\cpp\V5\V5_20240802_15_00_00/vexv5\libv5rt.a(v5_apijump.c.obj)
                0x03806854                vexDeviceGenericSerialEnable
 .text.vexDeviceGenericSerialBaudrate
                0x03806880       0x2c c:\Users\robol\AppData\Roaming\Code\User\globalStorage\vexrobotics.vexcode\sdk\cpp\V5\V5_20240802_15_00_00/vexv5\libv5rt.a(v5_apijump.c.obj)
                0x03806880                vexDeviceGenericSerialBaudrate
 .text.vexDeviceGenericSerialWriteChar
                0x038068ac       0x2c c:\Users\robol\AppData\Roaming\Code\User\globalStorage\vexrobotics.vexcode\sdk\cpp\V5\V5_20240802_15_00_00/vexv5\libv5rt.a(v5_apijump.c.obj)
                0x038068ac                vexDeviceGenericSerialWriteChar
 .text.vexDeviceGenericSerialWriteFree
                0x038068d8       0x24 c:\Users\robol\AppData\Roaming\Code\User\globalStorage\vexrobotics.vexcode\sdk\cpp\V5\V5_20240802_15_00_00/vexv5\libv5rt.a(v5_apijump.c.obj)
                0x038068d8                vexDeviceGenericSerialWriteFree
 .text.vexDeviceGenericSerialTransmit
                0x038068fc       0x34 c:\Users\robol\AppData\Roaming\Code\User\globalStorage\vexrobotics.vexcode\sdk\cpp\V5\V5_20240802_15_00_00/vexv5\libv5rt.a(v5_apijump.c.obj)
                0x038068fc                vexDeviceGenericSerialTransmit
 .text.vexDeviceGenericSerialReadChar
                0x03806930       0x24 c:\Users\robol\AppData\Roaming\Code\User\globalStorage\vexrobotics.vexcode\sdk\cpp\V5\V5_20240802_15_00_00/vexv5\libv5rt.a(v5_apijump.c.obj)
                0x03806930                vexDeviceGenericSerialReadChar
 .text.vexDeviceGenericSerialPeekChar
                0x03806954       0x24 c:\Users\robol\AppData\Roaming\Code\User\globalStorage\vexrobotics.vexcode\sdk\cpp\V5\V5_20240802_15_00_00/vexv5\libv5rt.a(v5_apijump.c.obj)
                0x03806954                vexDeviceGenericSerialPeekChar
 .text.vexDeviceGenericSerialReceiveAvail
                0x03806978       0x24 c:\Users\robol\AppData\Roaming\Code\User\globalStorage\vexrobotics.vexcode\sdk\cpp\V5\V5_20240802_15_00_00/vexv5\libv5rt.a(v5_apijump.c.obj)
                0x03806978                vexDeviceGenericSerialReceiveAvail
 .text.vexDeviceGenericSerialReceive
                0x0380699c       0x34 c:\Users\robol\AppData\Roaming\Code\User\globalStorage\vexrobotics.vexcode\sdk\cpp\V5\V5_20240802_15_00_00/vexv5\libv5rt.a(v5_apijump.c.obj)
                0x0380699c                vexDeviceGenericSerialReceive
 .text.vexDeviceGenericRadioConnection
                0x038069d0       0x3c c:\Users\robol\AppData\Roaming\Code\User\globalStorage\vexrobotics.vexcode\sdk\cpp\V5\V5_20240802_15_00_00/vexv5\libv5rt.a(v5_apijump.c.obj)
                0x038069d0                vexDeviceGenericRadioConnection
 .text.vexDeviceGenericRadioWriteChar
                0x03806a0c       0x2c c:\Users\robol\AppData\Roaming\Code\User\globalStorage\vexrobotics.vexcode\sdk\cpp\V5\V5_20240802_15_00_00/vexv5\libv5rt.a(v5_apijump.c.obj)
                0x03806a0c                vexDeviceGenericRadioWriteChar
 .text.vexDeviceGenericRadioWriteFree
                0x03806a38       0x24 c:\Users\robol\AppData\Roaming\Code\User\globalStorage\vexrobotics.vexcode\sdk\cpp\V5\V5_20240802_15_00_00/vexv5\libv5rt.a(v5_apijump.c.obj)
                0x03806a38                vexDeviceGenericRadioWriteFree
 .text.vexDeviceGenericRadioTransmit
                0x03806a5c       0x34 c:\Users\robol\AppData\Roaming\Code\User\globalStorage\vexrobotics.vexcode\sdk\cpp\V5\V5_20240802_15_00_00/vexv5\libv5rt.a(v5_apijump.c.obj)
                0x03806a5c                vexDeviceGenericRadioTransmit
 .text.vexDeviceGenericRadioReadChar
                0x03806a90       0x24 c:\Users\robol\AppData\Roaming\Code\User\globalStorage\vexrobotics.vexcode\sdk\cpp\V5\V5_20240802_15_00_00/vexv5\libv5rt.a(v5_apijump.c.obj)
                0x03806a90                vexDeviceGenericRadioReadChar
 .text.vexDeviceGenericRadioPeekChar
                0x03806ab4       0x24 c:\Users\robol\AppData\Roaming\Code\User\globalStorage\vexrobotics.vexcode\sdk\cpp\V5\V5_20240802_15_00_00/vexv5\libv5rt.a(v5_apijump.c.obj)
                0x03806ab4                vexDeviceGenericRadioPeekChar
 .text.vexDeviceGenericRadioReceiveAvail
                0x03806ad8       0x24 c:\Users\robol\AppData\Roaming\Code\User\globalStorage\vexrobotics.vexcode\sdk\cpp\V5\V5_20240802_15_00_00/vexv5\libv5rt.a(v5_apijump.c.obj)
                0x03806ad8                vexDeviceGenericRadioReceiveAvail
 .text.vexDeviceGenericRadioReceive
                0x03806afc       0x34 c:\Users\robol\AppData\Roaming\Code\User\globalStorage\vexrobotics.vexcode\sdk\cpp\V5\V5_20240802_15_00_00/vexv5\libv5rt.a(v5_apijump.c.obj)
                0x03806afc                vexDeviceGenericRadioReceive
 .text.vexDeviceGenericRadioLinkStatus
                0x03806b30       0x24 c:\Users\robol\AppData\Roaming\Code\User\globalStorage\vexrobotics.vexcode\sdk\cpp\V5\V5_20240802_15_00_00/vexv5\libv5rt.a(v5_apijump.c.obj)
                0x03806b30                vexDeviceGenericRadioLinkStatus
 .text.vexDeviceGenericCdcConnection
                0x03806b54       0x2c c:\Users\robol\AppData\Roaming\Code\User\globalStorage\vexrobotics.vexcode\sdk\cpp\V5\V5_20240802_15_00_00/vexv5\libv5rt.a(v5_apijump.c.obj)
                0x03806b54                vexDeviceGenericCdcConnection
 .text.vexDeviceGenericCdcWriteChar
                0x03806b80       0x2c c:\Users\robol\AppData\Roaming\Code\User\globalStorage\vexrobotics.vexcode\sdk\cpp\V5\V5_20240802_15_00_00/vexv5\libv5rt.a(v5_apijump.c.obj)
                0x03806b80                vexDeviceGenericCdcWriteChar
 .text.vexDeviceGenericCdcWriteFree
                0x03806bac       0x24 c:\Users\robol\AppData\Roaming\Code\User\globalStorage\vexrobotics.vexcode\sdk\cpp\V5\V5_20240802_15_00_00/vexv5\libv5rt.a(v5_apijump.c.obj)
                0x03806bac                vexDeviceGenericCdcWriteFree
 .text.vexDeviceGenericCdcTransmit
                0x03806bd0       0x34 c:\Users\robol\AppData\Roaming\Code\User\globalStorage\vexrobotics.vexcode\sdk\cpp\V5\V5_20240802_15_00_00/vexv5\libv5rt.a(v5_apijump.c.obj)
                0x03806bd0                vexDeviceGenericCdcTransmit
 .text.vexDeviceGenericCdcReadChar
                0x03806c04       0x24 c:\Users\robol\AppData\Roaming\Code\User\globalStorage\vexrobotics.vexcode\sdk\cpp\V5\V5_20240802_15_00_00/vexv5\libv5rt.a(v5_apijump.c.obj)
                0x03806c04                vexDeviceGenericCdcReadChar
 .text.vexDeviceGenericCdcPeekChar
                0x03806c28       0x24 c:\Users\robol\AppData\Roaming\Code\User\globalStorage\vexrobotics.vexcode\sdk\cpp\V5\V5_20240802_15_00_00/vexv5\libv5rt.a(v5_apijump.c.obj)
                0x03806c28                vexDeviceGenericCdcPeekChar
 .text.vexDeviceGenericCdcReceiveAvail
                0x03806c4c       0x24 c:\Users\robol\AppData\Roaming\Code\User\globalStorage\vexrobotics.vexcode\sdk\cpp\V5\V5_20240802_15_00_00/vexv5\libv5rt.a(v5_apijump.c.obj)
                0x03806c4c                vexDeviceGenericCdcReceiveAvail
 .text.vexDeviceGenericCdcReceive
                0x03806c70       0x34 c:\Users\robol\AppData\Roaming\Code\User\globalStorage\vexrobotics.vexcode\sdk\cpp\V5\V5_20240802_15_00_00/vexv5\libv5rt.a(v5_apijump.c.obj)
                0x03806c70                vexDeviceGenericCdcReceive
 .text.vexDeviceGenericCdcLinkStatus
                0x03806ca4       0x24 c:\Users\robol\AppData\Roaming\Code\User\globalStorage\vexrobotics.vexcode\sdk\cpp\V5\V5_20240802_15_00_00/vexv5\libv5rt.a(v5_apijump.c.obj)
                0x03806ca4                vexDeviceGenericCdcLinkStatus
 .text.vexSystemVersion
                0x03806cc8       0x10 c:\Users\robol\AppData\Roaming\Code\User\globalStorage\vexrobotics.vexcode\sdk\cpp\V5\V5_20240802_15_00_00/vexv5\libv5rt.a(v5_apiversions.c.obj)
                0x03806cc8                vexSystemVersion
 .text.vexStdlibVersion
                0x03806cd8       0x10 c:\Users\robol\AppData\Roaming\Code\User\globalStorage\vexrobotics.vexcode\sdk\cpp\V5\V5_20240802_15_00_00/vexv5\libv5rt.a(v5_apiversions.c.obj)
                0x03806cd8                vexStdlibVersion
 .text._ZN3vex4waitEdNS_9timeUnitsE
                0x03806ce8       0x30 c:\Users\robol\AppData\Roaming\Code\User\globalStorage\vexrobotics.vexcode\sdk\cpp\V5\V5_20240802_15_00_00/vexv5\libv5rt.a(vex_global.cpp.obj)
                0x03806ce8                vex::wait(double, vex::timeUnits)
 .text._ZN3vex6deviceD2Ev
                0x03806d18        0x4 c:\Users\robol\AppData\Roaming\Code\User\globalStorage\vexrobotics.vexcode\sdk\cpp\V5\V5_20240802_15_00_00/vexv5\libv5rt.a(vex_device.cpp.obj)
                0x03806d18                vex::device::~device()
                0x03806d18                vex::device::~device()
 .text._ZN3vex6device5valueEv
                0x03806d1c        0x8 c:\Users\robol\AppData\Roaming\Code\User\globalStorage\vexrobotics.vexcode\sdk\cpp\V5\V5_20240802_15_00_00/vexv5\libv5rt.a(vex_device.cpp.obj)
                0x03806d1c                vex::device::value()
 .text._ZN3vex6deviceD0Ev
                0x03806d24       0x14 c:\Users\robol\AppData\Roaming\Code\User\globalStorage\vexrobotics.vexcode\sdk\cpp\V5\V5_20240802_15_00_00/vexv5\libv5rt.a(vex_device.cpp.obj)
                0x03806d24                vex::device::~device()
 .text._ZN3vex6device4initEl
                0x03806d38       0x30 c:\Users\robol\AppData\Roaming\Code\User\globalStorage\vexrobotics.vexcode\sdk\cpp\V5\V5_20240802_15_00_00/vexv5\libv5rt.a(vex_device.cpp.obj)
                0x03806d38                vex::device::init(long)
 .text._ZN3vex6deviceC2El
                0x03806d68       0x20 c:\Users\robol\AppData\Roaming\Code\User\globalStorage\vexrobotics.vexcode\sdk\cpp\V5\V5_20240802_15_00_00/vexv5\libv5rt.a(vex_device.cpp.obj)
                0x03806d68                vex::device::device(long)
                0x03806d68                vex::device::device(long)
 .text._ZN3vex6device4typeEv
                0x03806d88       0x10 c:\Users\robol\AppData\Roaming\Code\User\globalStorage\vexrobotics.vexcode\sdk\cpp\V5\V5_20240802_15_00_00/vexv5\libv5rt.a(vex_device.cpp.obj)
                0x03806d88                vex::device::type()
 .text._ZN3vex6device9installedEv
                0x03806d98       0x14 c:\Users\robol\AppData\Roaming\Code\User\globalStorage\vexrobotics.vexcode\sdk\cpp\V5\V5_20240802_15_00_00/vexv5\libv5rt.a(vex_device.cpp.obj)
                0x03806d98                vex::device::installed()
 .text._ZN3vex5motorD2Ev
                0x03806dac       0x20 c:\Users\robol\AppData\Roaming\Code\User\globalStorage\vexrobotics.vexcode\sdk\cpp\V5\V5_20240802_15_00_00/vexv5\libv5rt.a(vex_motor.cpp.obj)
                0x03806dac                vex::motor::~motor()
                0x03806dac                vex::motor::~motor()
 .text._ZN3vex5motorD0Ev
                0x03806dcc       0x1c c:\Users\robol\AppData\Roaming\Code\User\globalStorage\vexrobotics.vexcode\sdk\cpp\V5\V5_20240802_15_00_00/vexv5\libv5rt.a(vex_motor.cpp.obj)
                0x03806dcc                vex::motor::~motor()
 .text._ZN3vex5motor9installedEv
                0x03806de8       0x18 c:\Users\robol\AppData\Roaming\Code\User\globalStorage\vexrobotics.vexcode\sdk\cpp\V5\V5_20240802_15_00_00/vexv5\libv5rt.a(vex_motor.cpp.obj)
                0x03806de8                vex::motor::installed()
 .text._ZN3vex5motor15defaultStoppingENS_9brakeTypeE
                0x03806e00       0x30 c:\Users\robol\AppData\Roaming\Code\User\globalStorage\vexrobotics.vexcode\sdk\cpp\V5\V5_20240802_15_00_00/vexv5\libv5rt.a(vex_motor.cpp.obj)
                0x03806e00                vex::motor::defaultStopping(vex::brakeType)
 .text._ZN3vex5motorC2El
                0x03806e30       0x78 c:\Users\robol\AppData\Roaming\Code\User\globalStorage\vexrobotics.vexcode\sdk\cpp\V5\V5_20240802_15_00_00/vexv5\libv5rt.a(vex_motor.cpp.obj)
                0x03806e30                vex::motor::motor(long)
                0x03806e30                vex::motor::motor(long)
 .text._ZN3vex5motorC2ElNS_11gearSettingEb
                0x03806ea8       0x34 c:\Users\robol\AppData\Roaming\Code\User\globalStorage\vexrobotics.vexcode\sdk\cpp\V5\V5_20240802_15_00_00/vexv5\libv5rt.a(vex_motor.cpp.obj)
                0x03806ea8                vex::motor::motor(long, vex::gearSetting, bool)
                0x03806ea8                vex::motor::motor(long, vex::gearSetting, bool)
 *fill*         0x03806edc        0x4 
 .text._ZN3vex5motor4spinENS_13directionTypeEdNS_12voltageUnitsE
                0x03806ee0       0x50 c:\Users\robol\AppData\Roaming\Code\User\globalStorage\vexrobotics.vexcode\sdk\cpp\V5\V5_20240802_15_00_00/vexv5\libv5rt.a(vex_motor.cpp.obj)
                0x03806ee0                vex::motor::spin(vex::directionType, double, vex::voltageUnits)
 .text._ZN3vex5motor4stopENS_9brakeTypeE
                0x03806f30       0x30 c:\Users\robol\AppData\Roaming\Code\User\globalStorage\vexrobotics.vexcode\sdk\cpp\V5\V5_20240802_15_00_00/vexv5\libv5rt.a(vex_motor.cpp.obj)
                0x03806f30                vex::motor::stop(vex::brakeType)
 .text._ZN3vex5motor16velocityToScaledEdNS_13velocityUnitsE
                0x03806f60       0x5c c:\Users\robol\AppData\Roaming\Code\User\globalStorage\vexrobotics.vexcode\sdk\cpp\V5\V5_20240802_15_00_00/vexv5\libv5rt.a(vex_motor.cpp.obj)
                0x03806f60                vex::motor::velocityToScaled(double, vex::velocityUnits)
 .text._ZN3vex5motor8velocityENS_13velocityUnitsE
                0x03806fbc       0x30 c:\Users\robol\AppData\Roaming\Code\User\globalStorage\vexrobotics.vexcode\sdk\cpp\V5\V5_20240802_15_00_00/vexv5\libv5rt.a(vex_motor.cpp.obj)
                0x03806fbc                vex::motor::velocity(vex::velocityUnits)
 .text._ZN3vex5motor5valueEv
                0x03806fec       0x1c c:\Users\robol\AppData\Roaming\Code\User\globalStorage\vexrobotics.vexcode\sdk\cpp\V5\V5_20240802_15_00_00/vexv5\libv5rt.a(vex_motor.cpp.obj)
                0x03806fec                vex::motor::value()
 .text._ZN3vex5motor16scaledToVelocityEdNS_13velocityUnitsE
                0x03807008       0xa4 c:\Users\robol\AppData\Roaming\Code\User\globalStorage\vexrobotics.vexcode\sdk\cpp\V5\V5_20240802_15_00_00/vexv5\libv5rt.a(vex_motor.cpp.obj)
                0x03807008                vex::motor::scaledToVelocity(double, vex::velocityUnits)
 .text._ZN3vex5motor4spinENS_13directionTypeEdNS_13velocityUnitsE
                0x038070ac       0x5c c:\Users\robol\AppData\Roaming\Code\User\globalStorage\vexrobotics.vexcode\sdk\cpp\V5\V5_20240802_15_00_00/vexv5\libv5rt.a(vex_motor.cpp.obj)
                0x038070ac                vex::motor::spin(vex::directionType, double, vex::velocityUnits)
 .text._ZN3vex5motor4spinENS_13directionTypeE
                0x03807108       0x28 c:\Users\robol\AppData\Roaming\Code\User\globalStorage\vexrobotics.vexcode\sdk\cpp\V5\V5_20240802_15_00_00/vexv5\libv5rt.a(vex_motor.cpp.obj)
                0x03807108                vex::motor::spin(vex::directionType)
 .text._ZN3vex5motor11setVelocityEdNS_13velocityUnitsE
                0x03807130       0x54 c:\Users\robol\AppData\Roaming\Code\User\globalStorage\vexrobotics.vexcode\sdk\cpp\V5\V5_20240802_15_00_00/vexv5\libv5rt.a(vex_motor.cpp.obj)
                0x03807130                vex::motor::setVelocity(double, vex::velocityUnits)
 .text._ZN3vex5motor16setRotationUnitsENS_13rotationUnitsE
                0x03807184       0x1c c:\Users\robol\AppData\Roaming\Code\User\globalStorage\vexrobotics.vexcode\sdk\cpp\V5\V5_20240802_15_00_00/vexv5\libv5rt.a(vex_motor.cpp.obj)
                0x03807184                vex::motor::setRotationUnits(vex::rotationUnits)
 .text._ZN3vex5motor8positionENS_13rotationUnitsE
                0x038071a0       0x44 c:\Users\robol\AppData\Roaming\Code\User\globalStorage\vexrobotics.vexcode\sdk\cpp\V5\V5_20240802_15_00_00/vexv5\libv5rt.a(vex_motor.cpp.obj)
                0x038071a0                vex::motor::position(vex::rotationUnits)
 .text._ZN3vex8inertial11getTurnTypeEv
                0x038071e4        0x8 c:\Users\robol\AppData\Roaming\Code\User\globalStorage\vexrobotics.vexcode\sdk\cpp\V5\V5_20240802_15_00_00/vexv5\libv5rt.a(vex_imu.cpp.obj)
                0x038071e4                vex::inertial::getTurnType()
 .text._ZThn16_N3vex8inertial11getTurnTypeEv
                0x038071ec        0x8 c:\Users\robol\AppData\Roaming\Code\User\globalStorage\vexrobotics.vexcode\sdk\cpp\V5\V5_20240802_15_00_00/vexv5\libv5rt.a(vex_imu.cpp.obj)
                0x038071ec                non-virtual thunk to vex::inertial::getTurnType()
 *fill*         0x038071f4        0x4 
 .text._ZN3vex8inertial10setHeadingEdNS_13rotationUnitsE
                0x038071f8       0x58 c:\Users\robol\AppData\Roaming\Code\User\globalStorage\vexrobotics.vexcode\sdk\cpp\V5\V5_20240802_15_00_00/vexv5\libv5rt.a(vex_imu.cpp.obj)
                0x038071f8                vex::inertial::setHeading(double, vex::rotationUnits)
 .text._ZThn16_N3vex8inertial10setHeadingEdNS_13rotationUnitsE
                0x03807250        0x8 c:\Users\robol\AppData\Roaming\Code\User\globalStorage\vexrobotics.vexcode\sdk\cpp\V5\V5_20240802_15_00_00/vexv5\libv5rt.a(vex_imu.cpp.obj)
                0x03807250                non-virtual thunk to vex::inertial::setHeading(double, vex::rotationUnits)
 .text._ZN3vex8inertial11setRotationEdNS_13rotationUnitsE
                0x03807258       0x58 c:\Users\robol\AppData\Roaming\Code\User\globalStorage\vexrobotics.vexcode\sdk\cpp\V5\V5_20240802_15_00_00/vexv5\libv5rt.a(vex_imu.cpp.obj)
                0x03807258                vex::inertial::setRotation(double, vex::rotationUnits)
 .text._ZThn16_N3vex8inertial11setRotationEdNS_13rotationUnitsE
                0x038072b0        0x8 c:\Users\robol\AppData\Roaming\Code\User\globalStorage\vexrobotics.vexcode\sdk\cpp\V5\V5_20240802_15_00_00/vexv5\libv5rt.a(vex_imu.cpp.obj)
                0x038072b0                non-virtual thunk to vex::inertial::setRotation(double, vex::rotationUnits)
 .text._ZN3vex8inertialD2Ev
                0x038072b8       0x20 c:\Users\robol\AppData\Roaming\Code\User\globalStorage\vexrobotics.vexcode\sdk\cpp\V5\V5_20240802_15_00_00/vexv5\libv5rt.a(vex_imu.cpp.obj)
                0x038072b8                vex::inertial::~inertial()
                0x038072b8                vex::inertial::~inertial()
 .text._ZThn16_N3vex8inertialD1Ev
                0x038072d8        0x8 c:\Users\robol\AppData\Roaming\Code\User\globalStorage\vexrobotics.vexcode\sdk\cpp\V5\V5_20240802_15_00_00/vexv5\libv5rt.a(vex_imu.cpp.obj)
                0x038072d8                non-virtual thunk to vex::inertial::~inertial()
 .text._ZN3vex8inertialD0Ev
                0x038072e0       0x1c c:\Users\robol\AppData\Roaming\Code\User\globalStorage\vexrobotics.vexcode\sdk\cpp\V5\V5_20240802_15_00_00/vexv5\libv5rt.a(vex_imu.cpp.obj)
                0x038072e0                vex::inertial::~inertial()
 .text._ZThn16_N3vex8inertialD0Ev
                0x038072fc        0x8 c:\Users\robol\AppData\Roaming\Code\User\globalStorage\vexrobotics.vexcode\sdk\cpp\V5\V5_20240802_15_00_00/vexv5\libv5rt.a(vex_imu.cpp.obj)
                0x038072fc                non-virtual thunk to vex::inertial::~inertial()
 .text._ZN3vex8inertial9installedEv
                0x03807304       0x18 c:\Users\robol\AppData\Roaming\Code\User\globalStorage\vexrobotics.vexcode\sdk\cpp\V5\V5_20240802_15_00_00/vexv5\libv5rt.a(vex_imu.cpp.obj)
                0x03807304                vex::inertial::installed()
 .text._ZN3vex8inertial5angleENS_13rotationUnitsE
                0x0380731c       0x6c c:\Users\robol\AppData\Roaming\Code\User\globalStorage\vexrobotics.vexcode\sdk\cpp\V5\V5_20240802_15_00_00/vexv5\libv5rt.a(vex_imu.cpp.obj)
                0x0380731c                vex::inertial::angle(vex::rotationUnits)
 .text._ZThn16_N3vex8inertial5angleENS_13rotationUnitsE
                0x03807388        0x8 c:\Users\robol\AppData\Roaming\Code\User\globalStorage\vexrobotics.vexcode\sdk\cpp\V5\V5_20240802_15_00_00/vexv5\libv5rt.a(vex_imu.cpp.obj)
                0x03807388                non-virtual thunk to vex::inertial::angle(vex::rotationUnits)
 .text._ZN3vex8inertial7headingENS_13rotationUnitsE
                0x03807390        0x4 c:\Users\robol\AppData\Roaming\Code\User\globalStorage\vexrobotics.vexcode\sdk\cpp\V5\V5_20240802_15_00_00/vexv5\libv5rt.a(vex_imu.cpp.obj)
                0x03807390                vex::inertial::heading(vex::rotationUnits)
 .text._ZThn16_N3vex8inertial7headingENS_13rotationUnitsE
                0x03807394        0x8 c:\Users\robol\AppData\Roaming\Code\User\globalStorage\vexrobotics.vexcode\sdk\cpp\V5\V5_20240802_15_00_00/vexv5\libv5rt.a(vex_imu.cpp.obj)
                0x03807394                non-virtual thunk to vex::inertial::heading(vex::rotationUnits)
 .text._ZN3vex8inertial5valueEv
                0x0380739c       0x1c c:\Users\robol\AppData\Roaming\Code\User\globalStorage\vexrobotics.vexcode\sdk\cpp\V5\V5_20240802_15_00_00/vexv5\libv5rt.a(vex_imu.cpp.obj)
                0x0380739c                vex::inertial::value()
 .text._ZN3vex8inertial8rotationENS_13rotationUnitsE
                0x038073b8       0x48 c:\Users\robol\AppData\Roaming\Code\User\globalStorage\vexrobotics.vexcode\sdk\cpp\V5\V5_20240802_15_00_00/vexv5\libv5rt.a(vex_imu.cpp.obj)
                0x038073b8                vex::inertial::rotation(vex::rotationUnits)
 .text._ZThn16_N3vex8inertial8rotationENS_13rotationUnitsE
                0x03807400        0x8 c:\Users\robol\AppData\Roaming\Code\User\globalStorage\vexrobotics.vexcode\sdk\cpp\V5\V5_20240802_15_00_00/vexv5\libv5rt.a(vex_imu.cpp.obj)
                0x03807400                non-virtual thunk to vex::inertial::rotation(vex::rotationUnits)
 .text._ZN3vex8inertial13isCalibratingEv
                0x03807408       0x38 c:\Users\robol\AppData\Roaming\Code\User\globalStorage\vexrobotics.vexcode\sdk\cpp\V5\V5_20240802_15_00_00/vexv5\libv5rt.a(vex_imu.cpp.obj)
                0x03807408                vex::inertial::isCalibrating()
 .text._ZThn16_N3vex8inertial13isCalibratingEv
                0x03807440        0x8 c:\Users\robol\AppData\Roaming\Code\User\globalStorage\vexrobotics.vexcode\sdk\cpp\V5\V5_20240802_15_00_00/vexv5\libv5rt.a(vex_imu.cpp.obj)
                0x03807440                non-virtual thunk to vex::inertial::isCalibrating()
 .text._ZN3vex8inertialC2ElNS_8turnTypeE
                0x03807448       0x4c c:\Users\robol\AppData\Roaming\Code\User\globalStorage\vexrobotics.vexcode\sdk\cpp\V5\V5_20240802_15_00_00/vexv5\libv5rt.a(vex_imu.cpp.obj)
                0x03807448                vex::inertial::inertial(long, vex::turnType)
                0x03807448                vex::inertial::inertial(long, vex::turnType)
 .text._ZN3vex8inertial16startCalibrationEl
                0x03807494       0x20 c:\Users\robol\AppData\Roaming\Code\User\globalStorage\vexrobotics.vexcode\sdk\cpp\V5\V5_20240802_15_00_00/vexv5\libv5rt.a(vex_imu.cpp.obj)
                0x03807494                vex::inertial::startCalibration(long)
 .text._ZN3vex8inertial9calibrateEl
                0x038074b4        0xc c:\Users\robol\AppData\Roaming\Code\User\globalStorage\vexrobotics.vexcode\sdk\cpp\V5\V5_20240802_15_00_00/vexv5\libv5rt.a(vex_imu.cpp.obj)
                0x038074b4                vex::inertial::calibrate(long)
                0x038074b8                non-virtual thunk to vex::inertial::calibrate(long)
 .text._ZN3vex7opticalD2Ev
                0x038074c0       0x20 c:\Users\robol\AppData\Roaming\Code\User\globalStorage\vexrobotics.vexcode\sdk\cpp\V5\V5_20240802_15_00_00/vexv5\libv5rt.a(vex_optical.cpp.obj)
                0x038074c0                vex::optical::~optical()
                0x038074c0                vex::optical::~optical()
 .text._ZN3vex7opticalD0Ev
                0x038074e0       0x1c c:\Users\robol\AppData\Roaming\Code\User\globalStorage\vexrobotics.vexcode\sdk\cpp\V5\V5_20240802_15_00_00/vexv5\libv5rt.a(vex_optical.cpp.obj)
                0x038074e0                vex::optical::~optical()
 .text._ZN3vex7optical9installedEv
                0x038074fc       0x18 c:\Users\robol\AppData\Roaming\Code\User\globalStorage\vexrobotics.vexcode\sdk\cpp\V5\V5_20240802_15_00_00/vexv5\libv5rt.a(vex_optical.cpp.obj)
                0x038074fc                vex::optical::installed()
 .text._ZN3vex7optical3hueEv
                0x03807514        0x8 c:\Users\robol\AppData\Roaming\Code\User\globalStorage\vexrobotics.vexcode\sdk\cpp\V5\V5_20240802_15_00_00/vexv5\libv5rt.a(vex_optical.cpp.obj)
                0x03807514                vex::optical::hue()
 .text._ZN3vex7optical5valueEv
                0x0380751c       0x18 c:\Users\robol\AppData\Roaming\Code\User\globalStorage\vexrobotics.vexcode\sdk\cpp\V5\V5_20240802_15_00_00/vexv5\libv5rt.a(vex_optical.cpp.obj)
                0x0380751c                vex::optical::value()
 .text._ZN3vex7optical13gestureEnableEv
                0x03807534        0x8 c:\Users\robol\AppData\Roaming\Code\User\globalStorage\vexrobotics.vexcode\sdk\cpp\V5\V5_20240802_15_00_00/vexv5\libv5rt.a(vex_optical.cpp.obj)
                0x03807534                vex::optical::gestureEnable()
 .text._ZN3vex7optical14gestureDisableEv
                0x0380753c        0x8 c:\Users\robol\AppData\Roaming\Code\User\globalStorage\vexrobotics.vexcode\sdk\cpp\V5\V5_20240802_15_00_00/vexv5\libv5rt.a(vex_optical.cpp.obj)
                0x0380753c                vex::optical::gestureDisable()
 .text._ZN3vex7opticalC2Elb
                0x03807544       0x54 c:\Users\robol\AppData\Roaming\Code\User\globalStorage\vexrobotics.vexcode\sdk\cpp\V5\V5_20240802_15_00_00/vexv5\libv5rt.a(vex_optical.cpp.obj)
                0x03807544                vex::optical::optical(long, bool)
                0x03807544                vex::optical::optical(long, bool)
 .text._ZN3vex3gps11getTurnTypeEv
                0x03807598        0x8 c:\Users\robol\AppData\Roaming\Code\User\globalStorage\vexrobotics.vexcode\sdk\cpp\V5\V5_20240802_15_00_00/vexv5\libv5rt.a(vex_gps.cpp.obj)
                0x03807598                vex::gps::getTurnType()
 .text._ZThn16_N3vex3gps11getTurnTypeEv
                0x038075a0        0x8 c:\Users\robol\AppData\Roaming\Code\User\globalStorage\vexrobotics.vexcode\sdk\cpp\V5\V5_20240802_15_00_00/vexv5\libv5rt.a(vex_gps.cpp.obj)
                0x038075a0                non-virtual thunk to vex::gps::getTurnType()
 .text._ZN3vex3gps10setHeadingEdNS_13rotationUnitsE
                0x038075a8       0x58 c:\Users\robol\AppData\Roaming\Code\User\globalStorage\vexrobotics.vexcode\sdk\cpp\V5\V5_20240802_15_00_00/vexv5\libv5rt.a(vex_gps.cpp.obj)
                0x038075a8                vex::gps::setHeading(double, vex::rotationUnits)
 .text._ZThn16_N3vex3gps10setHeadingEdNS_13rotationUnitsE
                0x03807600        0x8 c:\Users\robol\AppData\Roaming\Code\User\globalStorage\vexrobotics.vexcode\sdk\cpp\V5\V5_20240802_15_00_00/vexv5\libv5rt.a(vex_gps.cpp.obj)
                0x03807600                non-virtual thunk to vex::gps::setHeading(double, vex::rotationUnits)
 .text._ZN3vex3gps11setRotationEdNS_13rotationUnitsE
                0x03807608       0x58 c:\Users\robol\AppData\Roaming\Code\User\globalStorage\vexrobotics.vexcode\sdk\cpp\V5\V5_20240802_15_00_00/vexv5\libv5rt.a(vex_gps.cpp.obj)
                0x03807608                vex::gps::setRotation(double, vex::rotationUnits)
 .text._ZThn16_N3vex3gps11setRotationEdNS_13rotationUnitsE
                0x03807660        0x8 c:\Users\robol\AppData\Roaming\Code\User\globalStorage\vexrobotics.vexcode\sdk\cpp\V5\V5_20240802_15_00_00/vexv5\libv5rt.a(vex_gps.cpp.obj)
                0x03807660                non-virtual thunk to vex::gps::setRotation(double, vex::rotationUnits)
 .text._ZN3vex3gpsD2Ev
                0x03807668       0x20 c:\Users\robol\AppData\Roaming\Code\User\globalStorage\vexrobotics.vexcode\sdk\cpp\V5\V5_20240802_15_00_00/vexv5\libv5rt.a(vex_gps.cpp.obj)
                0x03807668                vex::gps::~gps()
                0x03807668                vex::gps::~gps()
 .text._ZThn16_N3vex3gpsD1Ev
                0x03807688        0x8 c:\Users\robol\AppData\Roaming\Code\User\globalStorage\vexrobotics.vexcode\sdk\cpp\V5\V5_20240802_15_00_00/vexv5\libv5rt.a(vex_gps.cpp.obj)
                0x03807688                non-virtual thunk to vex::gps::~gps()
 .text._ZN3vex3gpsD0Ev
                0x03807690       0x1c c:\Users\robol\AppData\Roaming\Code\User\globalStorage\vexrobotics.vexcode\sdk\cpp\V5\V5_20240802_15_00_00/vexv5\libv5rt.a(vex_gps.cpp.obj)
                0x03807690                vex::gps::~gps()
 .text._ZThn16_N3vex3gpsD0Ev
                0x038076ac        0x8 c:\Users\robol\AppData\Roaming\Code\User\globalStorage\vexrobotics.vexcode\sdk\cpp\V5\V5_20240802_15_00_00/vexv5\libv5rt.a(vex_gps.cpp.obj)
                0x038076ac                non-virtual thunk to vex::gps::~gps()
 .text._ZN3vex3gps9installedEv
                0x038076b4       0x18 c:\Users\robol\AppData\Roaming\Code\User\globalStorage\vexrobotics.vexcode\sdk\cpp\V5\V5_20240802_15_00_00/vexv5\libv5rt.a(vex_gps.cpp.obj)
                0x038076b4                vex::gps::installed()
 .text._ZN3vex3gps5angleENS_13rotationUnitsE
                0x038076cc       0x84 c:\Users\robol\AppData\Roaming\Code\User\globalStorage\vexrobotics.vexcode\sdk\cpp\V5\V5_20240802_15_00_00/vexv5\libv5rt.a(vex_gps.cpp.obj)
                0x038076cc                vex::gps::angle(vex::rotationUnits)
 .text._ZThn16_N3vex3gps5angleENS_13rotationUnitsE
                0x03807750        0x8 c:\Users\robol\AppData\Roaming\Code\User\globalStorage\vexrobotics.vexcode\sdk\cpp\V5\V5_20240802_15_00_00/vexv5\libv5rt.a(vex_gps.cpp.obj)
                0x03807750                non-virtual thunk to vex::gps::angle(vex::rotationUnits)
 .text._ZN3vex3gps7headingENS_13rotationUnitsE
                0x03807758        0x4 c:\Users\robol\AppData\Roaming\Code\User\globalStorage\vexrobotics.vexcode\sdk\cpp\V5\V5_20240802_15_00_00/vexv5\libv5rt.a(vex_gps.cpp.obj)
                0x03807758                vex::gps::heading(vex::rotationUnits)
 .text._ZThn16_N3vex3gps7headingENS_13rotationUnitsE
                0x0380775c        0x8 c:\Users\robol\AppData\Roaming\Code\User\globalStorage\vexrobotics.vexcode\sdk\cpp\V5\V5_20240802_15_00_00/vexv5\libv5rt.a(vex_gps.cpp.obj)
                0x0380775c                non-virtual thunk to vex::gps::heading(vex::rotationUnits)
 .text._ZN3vex3gps5valueEv
                0x03807764       0x1c c:\Users\robol\AppData\Roaming\Code\User\globalStorage\vexrobotics.vexcode\sdk\cpp\V5\V5_20240802_15_00_00/vexv5\libv5rt.a(vex_gps.cpp.obj)
                0x03807764                vex::gps::value()
 .text._ZN3vex3gps8rotationENS_13rotationUnitsE
                0x03807780       0x60 c:\Users\robol\AppData\Roaming\Code\User\globalStorage\vexrobotics.vexcode\sdk\cpp\V5\V5_20240802_15_00_00/vexv5\libv5rt.a(vex_gps.cpp.obj)
                0x03807780                vex::gps::rotation(vex::rotationUnits)
 .text._ZThn16_N3vex3gps8rotationENS_13rotationUnitsE
                0x038077e0        0x8 c:\Users\robol\AppData\Roaming\Code\User\globalStorage\vexrobotics.vexcode\sdk\cpp\V5\V5_20240802_15_00_00/vexv5\libv5rt.a(vex_gps.cpp.obj)
                0x038077e0                non-virtual thunk to vex::gps::rotation(vex::rotationUnits)
 .text._ZN3vex3gps13isCalibratingEv
                0x038077e8       0x38 c:\Users\robol\AppData\Roaming\Code\User\globalStorage\vexrobotics.vexcode\sdk\cpp\V5\V5_20240802_15_00_00/vexv5\libv5rt.a(vex_gps.cpp.obj)
                0x038077e8                vex::gps::isCalibrating()
 .text._ZThn16_N3vex3gps13isCalibratingEv
                0x03807820        0x8 c:\Users\robol\AppData\Roaming\Code\User\globalStorage\vexrobotics.vexcode\sdk\cpp\V5\V5_20240802_15_00_00/vexv5\libv5rt.a(vex_gps.cpp.obj)
                0x03807820                non-virtual thunk to vex::gps::isCalibrating()
 .text._ZN3vex3gps17setSensorRotationEd
                0x03807828        0x8 c:\Users\robol\AppData\Roaming\Code\User\globalStorage\vexrobotics.vexcode\sdk\cpp\V5\V5_20240802_15_00_00/vexv5\libv5rt.a(vex_gps.cpp.obj)
                0x03807828                vex::gps::setSensorRotation(double)
 .text._ZN3vex3gpsC2EldNS_8turnTypeE
                0x03807830       0x74 c:\Users\robol\AppData\Roaming\Code\User\globalStorage\vexrobotics.vexcode\sdk\cpp\V5\V5_20240802_15_00_00/vexv5\libv5rt.a(vex_gps.cpp.obj)
                0x03807830                vex::gps::gps(long, double, vex::turnType)
                0x03807830                vex::gps::gps(long, double, vex::turnType)
 *fill*         0x038078a4        0x4 
 .text._ZN3vex3gps9setOriginEddNS_13distanceUnitsE
                0x038078a8       0x68 c:\Users\robol\AppData\Roaming\Code\User\globalStorage\vexrobotics.vexcode\sdk\cpp\V5\V5_20240802_15_00_00/vexv5\libv5rt.a(vex_gps.cpp.obj)
                0x038078a8                vex::gps::setOrigin(double, double, vex::distanceUnits)
 .text._ZN3vex3gpsC2ElddNS_13distanceUnitsEdNS_8turnTypeE
                0x03807910       0x4c c:\Users\robol\AppData\Roaming\Code\User\globalStorage\vexrobotics.vexcode\sdk\cpp\V5\V5_20240802_15_00_00/vexv5\libv5rt.a(vex_gps.cpp.obj)
                0x03807910                vex::gps::gps(long, double, double, vex::distanceUnits, double, vex::turnType)
                0x03807910                vex::gps::gps(long, double, double, vex::distanceUnits, double, vex::turnType)
 *fill*         0x0380795c        0x4 
 .text._ZN3vex3gps9xPositionENS_13distanceUnitsE
                0x03807960       0x70 c:\Users\robol\AppData\Roaming\Code\User\globalStorage\vexrobotics.vexcode\sdk\cpp\V5\V5_20240802_15_00_00/vexv5\libv5rt.a(vex_gps.cpp.obj)
                0x03807960                vex::gps::xPosition(vex::distanceUnits)
 .text._ZN3vex3gps9yPositionENS_13distanceUnitsE
                0x038079d0       0x70 c:\Users\robol\AppData\Roaming\Code\User\globalStorage\vexrobotics.vexcode\sdk\cpp\V5\V5_20240802_15_00_00/vexv5\libv5rt.a(vex_gps.cpp.obj)
                0x038079d0                vex::gps::yPosition(vex::distanceUnits)
 .text._ZN3vex3gps16startCalibrationEl
                0x03807a40       0x48 c:\Users\robol\AppData\Roaming\Code\User\globalStorage\vexrobotics.vexcode\sdk\cpp\V5\V5_20240802_15_00_00/vexv5\libv5rt.a(vex_gps.cpp.obj)
                0x03807a40                vex::gps::startCalibration(long)
 .text._ZN3vex3gps9calibrateEl
                0x03807a88        0xc c:\Users\robol\AppData\Roaming\Code\User\globalStorage\vexrobotics.vexcode\sdk\cpp\V5\V5_20240802_15_00_00/vexv5\libv5rt.a(vex_gps.cpp.obj)
                0x03807a88                vex::gps::calibrate(long)
                0x03807a8c                non-virtual thunk to vex::gps::calibrate(long)
 .text._ZN3vex10controllerD2Ev
                0x03807a94        0x4 c:\Users\robol\AppData\Roaming\Code\User\globalStorage\vexrobotics.vexcode\sdk\cpp\V5\V5_20240802_15_00_00/vexv5\libv5rt.a(vex_controller.cpp.obj)
                0x03807a94                vex::controller::~controller()
                0x03807a94                vex::controller::~controller()
 .text._ZN3vex10controller5valueE19_V5_ControllerIndex
                0x03807a98        0x8 c:\Users\robol\AppData\Roaming\Code\User\globalStorage\vexrobotics.vexcode\sdk\cpp\V5\V5_20240802_15_00_00/vexv5\libv5rt.a(vex_controller.cpp.obj)
                0x03807a98                vex::controller::value(_V5_ControllerIndex)
 .text._ZNK3vex10controller6button8pressingEv
                0x03807aa0       0xc8 c:\Users\robol\AppData\Roaming\Code\User\globalStorage\vexrobotics.vexcode\sdk\cpp\V5\V5_20240802_15_00_00/vexv5\libv5rt.a(vex_controller.cpp.obj)
                0x03807aa0                vex::controller::button::pressing() const
 .text._ZNK3vex10controller6button21_buttonToPressedEventEv
                0x03807b68       0x20 c:\Users\robol\AppData\Roaming\Code\User\globalStorage\vexrobotics.vexcode\sdk\cpp\V5\V5_20240802_15_00_00/vexv5\libv5rt.a(vex_controller.cpp.obj)
                0x03807b68                vex::controller::button::_buttonToPressedEvent() const
 .text._ZNK3vex10controller6button22_buttonToReleasedEventEv
                0x03807b88       0x20 c:\Users\robol\AppData\Roaming\Code\User\globalStorage\vexrobotics.vexcode\sdk\cpp\V5\V5_20240802_15_00_00/vexv5\libv5rt.a(vex_controller.cpp.obj)
                0x03807b88                vex::controller::button::_buttonToReleasedEvent() const
 .text._ZN3vex10controller6buttonC2ENS0_11tButtonTypeEPS0_
                0x03807ba8       0x48 c:\Users\robol\AppData\Roaming\Code\User\globalStorage\vexrobotics.vexcode\sdk\cpp\V5\V5_20240802_15_00_00/vexv5\libv5rt.a(vex_controller.cpp.obj)
                0x03807ba8                vex::controller::button::button(vex::controller::tButtonType, vex::controller*)
                0x03807ba8                vex::controller::button::button(vex::controller::tButtonType, vex::controller*)
 .text._ZNK3vex10controller4axis5valueEv
                0x03807bf0       0x58 c:\Users\robol\AppData\Roaming\Code\User\globalStorage\vexrobotics.vexcode\sdk\cpp\V5\V5_20240802_15_00_00/vexv5\libv5rt.a(vex_controller.cpp.obj)
                0x03807bf0                vex::controller::axis::value() const
 .text._ZNK3vex10controller4axis8positionENS_12percentUnitsE
                0x03807c48       0x1c c:\Users\robol\AppData\Roaming\Code\User\globalStorage\vexrobotics.vexcode\sdk\cpp\V5\V5_20240802_15_00_00/vexv5\libv5rt.a(vex_controller.cpp.obj)
                0x03807c48                vex::controller::axis::position(vex::percentUnits) const
 .text._ZNK3vex10controller4axis23_joystickToChangedEventEv
                0x03807c64       0x20 c:\Users\robol\AppData\Roaming\Code\User\globalStorage\vexrobotics.vexcode\sdk\cpp\V5\V5_20240802_15_00_00/vexv5\libv5rt.a(vex_controller.cpp.obj)
                0x03807c64                vex::controller::axis::_joystickToChangedEvent() const
 .text._ZN3vex10controller4axisC2ENS0_9tAxisTypeEPS0_
                0x03807c84       0x2c c:\Users\robol\AppData\Roaming\Code\User\globalStorage\vexrobotics.vexcode\sdk\cpp\V5\V5_20240802_15_00_00/vexv5\libv5rt.a(vex_controller.cpp.obj)
                0x03807c84                vex::controller::axis::axis(vex::controller::tAxisType, vex::controller*)
                0x03807c84                vex::controller::axis::axis(vex::controller::tAxisType, vex::controller*)
 .text._ZN3vex10controllerC2ENS_14controllerTypeE
                0x03807cb0      0x16c c:\Users\robol\AppData\Roaming\Code\User\globalStorage\vexrobotics.vexcode\sdk\cpp\V5\V5_20240802_15_00_00/vexv5\libv5rt.a(vex_controller.cpp.obj)
                0x03807cb0                vex::controller::controller(vex::controllerType)
                0x03807cb0                vex::controller::controller(vex::controllerType)
 .text._ZN3vex4taskC2EPFivE
                0x03807e1c       0x5c c:\Users\robol\AppData\Roaming\Code\User\globalStorage\vexrobotics.vexcode\sdk\cpp\V5\V5_20240802_15_00_00/vexv5\libv5rt.a(vex_task.cpp.obj)
                0x03807e1c                vex::task::task(int (*)())
                0x03807e1c                vex::task::task(int (*)())
 .text._ZN3vex4taskD2Ev
                0x03807e78        0x4 c:\Users\robol\AppData\Roaming\Code\User\globalStorage\vexrobotics.vexcode\sdk\cpp\V5\V5_20240802_15_00_00/vexv5\libv5rt.a(vex_task.cpp.obj)
                0x03807e78                vex::task::~task()
                0x03807e78                vex::task::~task()
 .text._ZN3vex4task4stopEPvi
                0x03807e7c       0x1c c:\Users\robol\AppData\Roaming\Code\User\globalStorage\vexrobotics.vexcode\sdk\cpp\V5\V5_20240802_15_00_00/vexv5\libv5rt.a(vex_task.cpp.obj)
                0x03807e7c                vex::task::stop(void*, int)
 .text._ZN3vex4task5sleepEm
                0x03807e98        0x4 c:\Users\robol\AppData\Roaming\Code\User\globalStorage\vexrobotics.vexcode\sdk\cpp\V5\V5_20240802_15_00_00/vexv5\libv5rt.a(vex_task.cpp.obj)
                0x03807e98                vex::task::sleep(unsigned long)
 .text._ZN3vex4task6_indexEPFivE
                0x03807e9c       0x14 c:\Users\robol\AppData\Roaming\Code\User\globalStorage\vexrobotics.vexcode\sdk\cpp\V5\V5_20240802_15_00_00/vexv5\libv5rt.a(vex_task.cpp.obj)
                0x03807e9c                vex::task::_index(int (*)())
 .text._ZN3vex4task8_stopAllEv
                0x03807eb0       0x3c c:\Users\robol\AppData\Roaming\Code\User\globalStorage\vexrobotics.vexcode\sdk\cpp\V5\V5_20240802_15_00_00/vexv5\libv5rt.a(vex_task.cpp.obj)
                0x03807eb0                vex::task::_stopAll()
 .text._ZN3vex6threadC2EPFivE
                0x03807eec       0x5c c:\Users\robol\AppData\Roaming\Code\User\globalStorage\vexrobotics.vexcode\sdk\cpp\V5\V5_20240802_15_00_00/vexv5\libv5rt.a(vex_thread.cpp.obj)
                0x03807eec                vex::thread::thread(int (*)())
                0x03807eec                vex::thread::thread(int (*)())
 .text._ZN3vex6threadC2EPFiPvES1_
                0x03807f48       0x5c c:\Users\robol\AppData\Roaming\Code\User\globalStorage\vexrobotics.vexcode\sdk\cpp\V5\V5_20240802_15_00_00/vexv5\libv5rt.a(vex_thread.cpp.obj)
                0x03807f48                vex::thread::thread(int (*)(void*), void*)
                0x03807f48                vex::thread::thread(int (*)(void*), void*)
 .text._ZN3vex6threadD2Ev
                0x03807fa4        0x4 c:\Users\robol\AppData\Roaming\Code\User\globalStorage\vexrobotics.vexcode\sdk\cpp\V5\V5_20240802_15_00_00/vexv5\libv5rt.a(vex_thread.cpp.obj)
                0x03807fa4                vex::thread::~thread()
                0x03807fa4                vex::thread::~thread()
 .text._ZN3vex6thread11setPriorityEl
                0x03807fa8       0x1c c:\Users\robol\AppData\Roaming\Code\User\globalStorage\vexrobotics.vexcode\sdk\cpp\V5\V5_20240802_15_00_00/vexv5\libv5rt.a(vex_thread.cpp.obj)
                0x03807fa8                vex::thread::setPriority(long)
 .text._ZN3vex11this_thread5yieldEv
                0x03807fc4        0x4 c:\Users\robol\AppData\Roaming\Code\User\globalStorage\vexrobotics.vexcode\sdk\cpp\V5\V5_20240802_15_00_00/vexv5\libv5rt.a(vex_thread.cpp.obj)
                0x03807fc4                vex::this_thread::yield()
 .text._ZN3vex11this_thread9sleep_forEm
                0x03807fc8        0x4 c:\Users\robol\AppData\Roaming\Code\User\globalStorage\vexrobotics.vexcode\sdk\cpp\V5\V5_20240802_15_00_00/vexv5\libv5rt.a(vex_thread.cpp.obj)
                0x03807fc8                vex::this_thread::sleep_for(unsigned long)
 .text._ZN3vex5mutexC2Ev
                0x03807fcc       0x1c c:\Users\robol\AppData\Roaming\Code\User\globalStorage\vexrobotics.vexcode\sdk\cpp\V5\V5_20240802_15_00_00/vexv5\libv5rt.a(vex_thread.cpp.obj)
                0x03807fcc                vex::mutex::mutex()
                0x03807fcc                vex::mutex::mutex()
 .text._ZN3vex5mutexD2Ev
                0x03807fe8        0x4 c:\Users\robol\AppData\Roaming\Code\User\globalStorage\vexrobotics.vexcode\sdk\cpp\V5\V5_20240802_15_00_00/vexv5\libv5rt.a(vex_thread.cpp.obj)
                0x03807fe8                vex::mutex::~mutex()
                0x03807fe8                vex::mutex::~mutex()
 .text._ZN3vex5mutex4lockEv
                0x03807fec        0x8 c:\Users\robol\AppData\Roaming\Code\User\globalStorage\vexrobotics.vexcode\sdk\cpp\V5\V5_20240802_15_00_00/vexv5\libv5rt.a(vex_thread.cpp.obj)
                0x03807fec                vex::mutex::lock()
 .text._ZN3vex5mutex6unlockEv
                0x03807ff4        0x4 c:\Users\robol\AppData\Roaming\Code\User\globalStorage\vexrobotics.vexcode\sdk\cpp\V5\V5_20240802_15_00_00/vexv5\libv5rt.a(vex_thread.cpp.obj)
                0x03807ff4                vex::mutex::unlock()
 .text._ZN3vex5event4initEmmPFvvE
                0x03807ff8        0x4 c:\Users\robol\AppData\Roaming\Code\User\globalStorage\vexrobotics.vexcode\sdk\cpp\V5\V5_20240802_15_00_00/vexv5\libv5rt.a(vex_event.cpp.obj)
                0x03807ff8                vex::event::init(unsigned long, unsigned long, void (*)())
 .text._ZN3vex5event4initEmmPFvPvES1_
                0x03807ffc        0x4 c:\Users\robol\AppData\Roaming\Code\User\globalStorage\vexrobotics.vexcode\sdk\cpp\V5\V5_20240802_15_00_00/vexv5\libv5rt.a(vex_event.cpp.obj)
                0x03807ffc                vex::event::init(unsigned long, unsigned long, void (*)(void*), void*)
 .text._ZN3vex5event9userindexEv
                0x03808000        0x4 c:\Users\robol\AppData\Roaming\Code\User\globalStorage\vexrobotics.vexcode\sdk\cpp\V5\V5_20240802_15_00_00/vexv5\libv5rt.a(vex_event.cpp.obj)
                0x03808000                vex::event::userindex()
 .text._ZZN3vex6meventC4EmmENUlvE_4_FUNEv
                0x03808004        0x4 c:\Users\robol\AppData\Roaming\Code\User\globalStorage\vexrobotics.vexcode\sdk\cpp\V5\V5_20240802_15_00_00/vexv5\libv5rt.a(vex_mevent.cpp.obj)
 .text._ZN3vex6meventC2Emm
                0x03808008       0x70 c:\Users\robol\AppData\Roaming\Code\User\globalStorage\vexrobotics.vexcode\sdk\cpp\V5\V5_20240802_15_00_00/vexv5\libv5rt.a(vex_mevent.cpp.obj)
                0x03808008                vex::mevent::mevent(unsigned long, unsigned long)
                0x03808008                vex::mevent::mevent(unsigned long, unsigned long)
 .text._ZN3vex5brain9_getIndexEv
                0x03808078       0x10 c:\Users\robol\AppData\Roaming\Code\User\globalStorage\vexrobotics.vexcode\sdk\cpp\V5\V5_20240802_15_00_00/vexv5\libv5rt.a(vex_brain.cpp.obj)
                0x03808078                vex::brain::_getIndex()
 .text._ZN3vex5brain3lcd9setCursorEll
                0x03808088       0x44 c:\Users\robol\AppData\Roaming\Code\User\globalStorage\vexrobotics.vexcode\sdk\cpp\V5\V5_20240802_15_00_00/vexv5\libv5rt.a(vex_brain.cpp.obj)
                0x03808088                vex::brain::lcd::setCursor(long, long)
 .text._ZN3vex5brain3lcd7setFontENS_8fontTypeE
                0x038080cc      0x23c c:\Users\robol\AppData\Roaming\Code\User\globalStorage\vexrobotics.vexcode\sdk\cpp\V5\V5_20240802_15_00_00/vexv5\libv5rt.a(vex_brain.cpp.obj)
                0x038080cc                vex::brain::lcd::setFont(vex::fontType)
 .text._ZN3vex5brain3lcdC2Ev
                0x03808308       0x94 c:\Users\robol\AppData\Roaming\Code\User\globalStorage\vexrobotics.vexcode\sdk\cpp\V5\V5_20240802_15_00_00/vexv5\libv5rt.a(vex_brain.cpp.obj)
                0x03808308                vex::brain::lcd::lcd()
                0x03808308                vex::brain::lcd::lcd()
 .text._ZN3vex5brainC2Ev
                0x0380839c       0x3c c:\Users\robol\AppData\Roaming\Code\User\globalStorage\vexrobotics.vexcode\sdk\cpp\V5\V5_20240802_15_00_00/vexv5\libv5rt.a(vex_brain.cpp.obj)
                0x0380839c                vex::brain::brain()
                0x0380839c                vex::brain::brain()
 .text._ZN3vex5brain3lcd11setPenColorERKNS_5colorE
                0x038083d8       0x14 c:\Users\robol\AppData\Roaming\Code\User\globalStorage\vexrobotics.vexcode\sdk\cpp\V5\V5_20240802_15_00_00/vexv5\libv5rt.a(vex_brain.cpp.obj)
                0x038083d8                vex::brain::lcd::setPenColor(vex::color const&)
 .text._ZN3vex5brain3lcd12setFillColorERKNS_5colorE
                0x038083ec       0x38 c:\Users\robol\AppData\Roaming\Code\User\globalStorage\vexrobotics.vexcode\sdk\cpp\V5\V5_20240802_15_00_00/vexv5\libv5rt.a(vex_brain.cpp.obj)
                0x038083ec                vex::brain::lcd::setFillColor(vex::color const&)
 .text._ZN3vex5brain3lcd7printAtEllPKcz
                0x03808424       0x54 c:\Users\robol\AppData\Roaming\Code\User\globalStorage\vexrobotics.vexcode\sdk\cpp\V5\V5_20240802_15_00_00/vexv5\libv5rt.a(vex_brain.cpp.obj)
                0x03808424                vex::brain::lcd::printAt(long, long, char const*, ...)
 .text._ZN3vex5brain3lcd12_clearScreenEm
                0x03808478       0x38 c:\Users\robol\AppData\Roaming\Code\User\globalStorage\vexrobotics.vexcode\sdk\cpp\V5\V5_20240802_15_00_00/vexv5\libv5rt.a(vex_brain.cpp.obj)
                0x03808478                vex::brain::lcd::_clearScreen(unsigned long)
 .text._ZN3vex5brain3lcd11clearScreenERKNS_5colorE
                0x038084b0       0x20 c:\Users\robol\AppData\Roaming\Code\User\globalStorage\vexrobotics.vexcode\sdk\cpp\V5\V5_20240802_15_00_00/vexv5\libv5rt.a(vex_brain.cpp.obj)
                0x038084b0                vex::brain::lcd::clearScreen(vex::color const&)
 .text._ZN3vex5brain3lcd11clearScreenEv
                0x038084d0       0x2c c:\Users\robol\AppData\Roaming\Code\User\globalStorage\vexrobotics.vexcode\sdk\cpp\V5\V5_20240802_15_00_00/vexv5\libv5rt.a(vex_brain.cpp.obj)
                0x038084d0                vex::brain::lcd::clearScreen()
 .text._ZN3vex5brain3lcd13drawRectangleEiiii
                0x038084fc       0xdc c:\Users\robol\AppData\Roaming\Code\User\globalStorage\vexrobotics.vexcode\sdk\cpp\V5\V5_20240802_15_00_00/vexv5\libv5rt.a(vex_brain.cpp.obj)
                0x038084fc                vex::brain::lcd::drawRectangle(int, int, int, int)
 .text._ZN3vex5brain3lcd14_drawRectangleEiiiim
                0x038085d8       0x74 c:\Users\robol\AppData\Roaming\Code\User\globalStorage\vexrobotics.vexcode\sdk\cpp\V5\V5_20240802_15_00_00/vexv5\libv5rt.a(vex_brain.cpp.obj)
                0x038085d8                vex::brain::lcd::_drawRectangle(int, int, int, int, unsigned long)
 .text._ZN3vex5brain3lcd13drawRectangleEiiiiRKNS_5colorE
                0x0380864c       0x68 c:\Users\robol\AppData\Roaming\Code\User\globalStorage\vexrobotics.vexcode\sdk\cpp\V5\V5_20240802_15_00_00/vexv5\libv5rt.a(vex_brain.cpp.obj)
                0x0380864c                vex::brain::lcd::drawRectangle(int, int, int, int, vex::color const&)
 .text._ZN3vex5brain3lcd6renderEv
                0x038086b4        0xc c:\Users\robol\AppData\Roaming\Code\User\globalStorage\vexrobotics.vexcode\sdk\cpp\V5\V5_20240802_15_00_00/vexv5\libv5rt.a(vex_brain.cpp.obj)
                0x038086b4                vex::brain::lcd::render()
 .text._ZN3vex5brain3lcd13setClipRegionEiiii
                0x038086c0       0x34 c:\Users\robol\AppData\Roaming\Code\User\globalStorage\vexrobotics.vexcode\sdk\cpp\V5\V5_20240802_15_00_00/vexv5\libv5rt.a(vex_brain.cpp.obj)
                0x038086c0                vex::brain::lcd::setClipRegion(int, int, int, int)
 .text._ZN3vex5brainD2Ev
                0x038086f4       0x20 c:\Users\robol\AppData\Roaming\Code\User\globalStorage\vexrobotics.vexcode\sdk\cpp\V5\V5_20240802_15_00_00/vexv5\libv5rt.a(vex_brain.cpp.obj)
                0x038086f4                vex::brain::~brain()
                0x038086f4                vex::brain::~brain()
 .text._ZN3vex11competition8_disableEPv
                0x03808714       0xa4 c:\Users\robol\AppData\Roaming\Code\User\globalStorage\vexrobotics.vexcode\sdk\cpp\V5\V5_20240802_15_00_00/vexv5\libv5rt.a(vex_competition.cpp.obj)
                0x03808714                vex::competition::_disable(void*)
 .text._ZN3vex11competition11_autonomousEv
                0x038087b8       0x80 c:\Users\robol\AppData\Roaming\Code\User\globalStorage\vexrobotics.vexcode\sdk\cpp\V5\V5_20240802_15_00_00/vexv5\libv5rt.a(vex_competition.cpp.obj)
                0x038087b8                vex::competition::_autonomous()
 .text._ZN3vex11competition14_drivercontrolEv
                0x03808838       0x80 c:\Users\robol\AppData\Roaming\Code\User\globalStorage\vexrobotics.vexcode\sdk\cpp\V5\V5_20240802_15_00_00/vexv5\libv5rt.a(vex_competition.cpp.obj)
                0x03808838                vex::competition::_drivercontrol()
 .text._ZN3vex11competitionC2Ev