Archive member included because of file (symbol)

c:\Users\robol\AppData\Roaming\Code\User\globalStorage\vexrobotics.vexcode\sdk\cpp\V5\V5_20240802_15_00_00/vexv5\libv5rt.a(v5_startup.c.obj)
                              (vexStartup)
c:\Users\robol\AppData\Roaming\Code\User\globalStorage\vexrobotics.vexcode\sdk\cpp\V5\V5_20240802_15_00_00/vexv5\libv5rt.a(v5_util.c.obj)
                              c:\Users\robol\AppData\Roaming\Code\User\globalStorage\vexrobotics.vexcode\sdk\cpp\V5\V5_20240802_15_00_00/vexv5\libv5rt.a(v5_startup.c.obj) (vexStdlibVersionLinked)
c:\Users\robol\AppData\Roaming\Code\User\globalStorage\vexrobotics.vexcode\sdk\cpp\V5\V5_20240802_15_00_00/vexv5\libv5rt.a(v5_apijump.c.obj)
                              c:\Users\robol\AppData\Roaming\Code\User\globalStorage\vexrobotics.vexcode\sdk\cpp\V5\V5_20240802_15_00_00/vexv5\libv5rt.a(v5_startup.c.obj) (vexPrivateApiEnable)
c:\Users\robol\AppData\Roaming\Code\User\globalStorage\vexrobotics.vexcode\sdk\cpp\V5\V5_20240802_15_00_00/vexv5\libv5rt.a(v5_apiversions.c.obj)
                              c:\Users\robol\AppData\Roaming\Code\User\globalStorage\vexrobotics.vexcode\sdk\cpp\V5\V5_20240802_15_00_00/vexv5\libv5rt.a(v5_apijump.c.obj) (vexSystemVersion)
c:\Users\robol\AppData\Roaming\Code\User\globalStorage\vexrobotics.vexcode\sdk\cpp\V5\V5_20240802_15_00_00/vexv5\libv5rt.a(vex_global.cpp.obj)
                              build/src/main.o (vex::wait(double, vex::timeUnits))
c:\Users\robol\AppData\Roaming\Code\User\globalStorage\vexrobotics.vexcode\sdk\cpp\V5\V5_20240802_15_00_00/vexv5\libv5rt.a(vex_device.cpp.obj)
                              build/src/ai_robot_link.o (vex::device::value())
c:\Users\robol\AppData\Roaming\Code\User\globalStorage\vexrobotics.vexcode\sdk\cpp\V5\V5_20240802_15_00_00/vexv5\libv5rt.a(vex_motor.cpp.obj)
                              build/src/main.o (vex::motor::~motor())
c:\Users\robol\AppData\Roaming\Code\User\globalStorage\vexrobotics.vexcode\sdk\cpp\V5\V5_20240802_15_00_00/vexv5\libv5rt.a(vex_imu.cpp.obj)
                              build/src/main.o (vex::inertial::setHeading(double, vex::rotationUnits))
c:\Users\robol\AppData\Roaming\Code\User\globalStorage\vexrobotics.vexcode\sdk\cpp\V5\V5_20240802_15_00_00/vexv5\libv5rt.a(vex_optical.cpp.obj)
                              build/src/main.o (vex::optical::~optical())
c:\Users\robol\AppData\Roaming\Code\User\globalStorage\vexrobotics.vexcode\sdk\cpp\V5\V5_20240802_15_00_00/vexv5\libv5rt.a(vex_gps.cpp.obj)
                              build/src/main.o (vex::gps::~gps())
c:\Users\robol\AppData\Roaming\Code\User\globalStorage\vexrobotics.vexcode\sdk\cpp\V5\V5_20240802_15_00_00/vexv5\libv5rt.a(vex_controller.cpp.obj)
                              build/src/main.o (vex::controller::~controller())
c:\Users\robol\AppData\Roaming\Code\User\globalStorage\vexrobotics.vexcode\sdk\cpp\V5\V5_20240802_15_00_00/vexv5\libv5rt.a(vex_task.cpp.obj)
                              build/src/main.o (vex::task::task(int (*)()))
c:\Users\robol\AppData\Roaming\Code\User\globalStorage\vexrobotics.vexcode\sdk\cpp\V5\V5_20240802_15_00_00/vexv5\libv5rt.a(vex_thread.cpp.obj)
                              build/src/main.o (vex::thread::thread(int (*)()))
c:\Users\robol\AppData\Roaming\Code\User\globalStorage\vexrobotics.vexcode\sdk\cpp\V5\V5_20240802_15_00_00/vexv5\libv5rt.a(vex_event.cpp.obj)
                              c:\Users\robol\AppData\Roaming\Code\User\globalStorage\vexrobotics.vexcode\sdk\cpp\V5\V5_20240802_15_00_00/vexv5\libv5rt.a(vex_imu.cpp.obj) (vex::event::init(unsigned long, unsigned long, void (*)()))
c:\Users\robol\AppData\Roaming\Code\User\globalStorage\vexrobotics.vexcode\sdk\cpp\V5\V5_20240802_15_00_00/vexv5\libv5rt.a(vex_mevent.cpp.obj)
                              c:\Users\robol\AppData\Roaming\Code\User\globalStorage\vexrobotics.vexcode\sdk\cpp\V5\V5_20240802_15_00_00/vexv5\libv5rt.a(vex_controller.cpp.obj) (vex::mevent::mevent(unsigned long, unsigned long))
c:\Users\robol\AppData\Roaming\Code\User\globalStorage\vexrobotics.vexcode\sdk\cpp\V5\V5_20240802_15_00_00/vexv5\libv5rt.a(vex_brain.cpp.obj)
                              build/src/dashboard.o (vex::brain::lcd::setFont(vex::fontType))
c:\Users\robol\AppData\Roaming\Code\User\globalStorage\vexrobotics.vexcode\sdk\cpp\V5\V5_20240802_15_00_00/vexv5\libv5rt.a(vex_competition.cpp.obj)
                              build/src/main.o (vex::competition::competition())
c:\Users\robol\AppData\Roaming\Code\User\globalStorage\vexrobotics.vexcode\sdk\cpp\V5\V5_20240802_15_00_00/vexv5\libv5rt.a(vex_triport.cpp.obj)
                              c:\Users\robol\AppData\Roaming\Code\User\globalStorage\vexrobotics.vexcode\sdk\cpp\V5\V5_20240802_15_00_00/vexv5\libv5rt.a(vex_brain.cpp.obj) (vex::triport::~triport())
c:\Users\robol\AppData\Roaming\Code\User\globalStorage\vexrobotics.vexcode\sdk\cpp\V5\V5_20240802_15_00_00/vexv5\libv5rt.a(vex_color.cpp.obj)
[...]
Memory Configuration

Name             Origin             Length             Attributes
ps7_ddr_0_S_AXI_BASEADDR 0x03800000         0x04800000
*default*        0x00000000         0xffffffff

Linker script and memory map

                0x00002000                _STACK_SIZE = DEFINED (_STACK_SIZE)?_STACK_SIZE:0x2000
                0x00100000                _HEAP_SIZE = DEFINED (_HEAP_SIZE)?_HEAP_SIZE:0x100000
                0x00000400                _ABORT_STACK_SIZE = DEFINED (_ABORT_STACK_SIZE)?_ABORT_STACK_SIZE:0x400
                0x00000800                _SUPERVISOR_STACK_SIZE = DEFINED (_SUPERVISOR_STACK_SIZE)?_SUPERVISOR_STACK_SIZE:0x800
                0x00000400                _IRQ_STACK_SIZE = DEFINED (_IRQ_STACK_SIZE)?_IRQ_STACK_SIZE:0x400
                0x00000400                _FIQ_STACK_SIZE = DEFINED (_FIQ_STACK_SIZE)?_FIQ_STACK_SIZE:0x400
                0x00000400                _UNDEF_STACK_SIZE = DEFINED (_UNDEF_STACK_SIZE)?_UNDEF_STACK_SIZE:0x400

.text           0x03800000     0x9e88
 *(.vectors)
 *(.boot_data)
 .boot_data     0x03800000       0x20 c:\Users\robol\AppData\Roaming\Code\User\globalStorage\vexrobotics.vexcode\sdk\cpp\V5\V5_20240802_15_00_00/vexv5\libv5rt.a(v5_startup.c.obj)
                0x03800000                vexCodeSig
                0x00000020                . = 0x20
 *(.boot)
 .boot          0x03800020       0xbc c:\Users\robol\AppData\Roaming\Code\User\globalStorage\vexrobotics.vexcode\sdk\cpp\V5\V5_20240802_15_00_00/vexv5\libv5rt.a(v5_startup.c.obj)
                0x03800020                vexStartup
                0x03800100                . = ALIGN (0x40)
 *fill*         0x038000dc       0x24 
 *(.freertos_vectors)
 *(.text)
 .text          0x03800100       0x3a c:\Users\robol\AppData\Roaming\Code\User\globalStorage\vexrobotics.vexcode\sdk\cpp\V5\V5_20240802_15_00_00/vexv5/gcc/libs\libc.a(lib_a-aeabi_memmove-soft.o)
                0x03800100                __aeabi_memmove4
                0x03800100                __aeabi_memmove
                0x03800100                __aeabi_memmove8
 .text          0x0380013a       0x9a c:\Users\robol\AppData\Roaming\Code\User\globalStorage\vexrobotics.vexcode\sdk\cpp\V5\V5_20240802_15_00_00/vexv5/gcc/libs\libc.a(lib_a-aeabi_memset-soft.o)
                0x0380013a                __aeabi_memset8
                0x0380013a                __aeabi_memset
                0x0380013a                __aeabi_memset4
 *(.text.*)
 .text._ZN5FieldD2Ev
                0x038001d4       0xa4 build/src/main.o
                0x038001d4                Field::~Field()
 .text._ZN3vex11motor_groupC2IJNS_5motorES2_EEERS2_DpRT_
                0x03800278       0x44 build/src/main.o
                0x03800278                vex::motor_group::motor_group<vex::motor, vex::motor>(vex::motor&, vex::motor&, vex::motor&)
 .text._ZN5DriveD2Ev
                0x038002bc       0x2c build/src/main.o
                0x038002bc                Drive::~Drive()
 .text._Z15tuned_constantsv
                0x038002e8      0x108 build/src/main.o
                0x038002e8                tuned_constants()
 .text._Z9pre_autonv
                0x038003f0      0x1b8 build/src/main.o
                0x038003f0                pre_auton()
 .text._Z11usercontrolv
                0x038005a8      0x1a0 build/src/main.o
                0x038005a8                usercontrol()
 .text._Z16auto_Interactionv
                0x03800748       0x8c build/src/main.o
                0x03800748                auto_Interaction()
 .text.main     0x038007d4       0xa0 build/src/main.o
                0x038007d4                main
 .text._GLOBAL__sub_I_main.cpp
                0x03800874      0x578 build/src/main.o
 .text._ZN7BarrierC2E4LineS0_S0_
                0x03800dec       0xa8 build/src/field.o
                0x03800dec                Barrier::Barrier(Line, Line, Line)
 .text._ZN7BarrierD2Ev
                0x03800e94       0x24 build/src/field.o
                0x03800e94                Barrier::~Barrier()
 .text._ZN5FieldC2Ebdd
                0x03800eb8      0xbd0 build/src/field.o
                0x03800eb8                Field::Field(bool, double, double)
                0x03800eb8                Field::Field(bool, double, double)
 .text._Z14Inside_PolygonffSt6vectorIPK5PointSaIS2_EE
                0x03801a88      0x118 build/src/field.o
                0x03801a88                Inside_Polygon(float, float, std::vector<Point const*, std::allocator<Point const*> >)
 .text._ZNSt6vectorIPK5PointSaIS2_EEC2ERKS4_
                0x03801ba0       0x78 build/src/field.o
                0x03801ba0                std::vector<Point const*, std::allocator<Point const*> >::vector(std::vector<Point const*, std::allocator<Point const*> > const&)
 .text._ZN5Field11Near_IntakeEff
                0x03801c18       0x54 build/src/field.o
                0x03801c18                Field::Near_Intake(float, float)
 .text._ZNSt6vectorI4LineSaIS0_EE19_M_emplace_back_auxIJRKS0_EEEvDpOT_
                0x03801c6c       0xb0 build/src/field.o
                0x03801c6c                void std::vector<Line, std::allocator<Line> >::_M_emplace_back_aux<Line const&>(Line const&)
 .text._ZNKSt6vectorI4LineSaIS0_EE12_M_check_lenEjPKc
                0x03801d1c       0x54 build/src/field.o
                0x03801d1c                std::vector<Line, std::allocator<Line> >::_M_check_len(unsigned int, char const*) const
 .text._ZNSt12_Vector_baseI4LineSaIS0_EE11_M_allocateEj
                0x03801d70       0x30 build/src/field.o
                0x03801d70                std::_Vector_base<Line, std::allocator<Line> >::_M_allocate(unsigned int)
 .text._ZNSt6vectorIPK5PointSaIS2_EE19_M_emplace_back_auxIJS2_EEEvDpOT_
                0x03801da0       0x8c build/src/field.o
                0x03801da0                void std::vector<Point const*, std::allocator<Point const*> >::_M_emplace_back_aux<Point const*>(Point const*&&)
 .text._ZNKSt6vectorIPK5PointSaIS2_EE12_M_check_lenEjPKc
                0x03801e2c       0x54 build/src/field.o
                0x03801e2c                std::vector<Point const*, std::allocator<Point const*> >::_M_check_len(unsigned int, char const*) const
 .text._ZNSt12_Vector_baseIPK5PointSaIS2_EE11_M_allocateEj
                0x03801e80       0x30 build/src/field.o
                0x03801e80                std::_Vector_base<Point const*, std::allocator<Point const*> >::_M_allocate(unsigned int)
 .text._ZNSt6vectorIP5PointSaIS1_EE19_M_emplace_back_auxIJS1_EEEvDpOT_
                0x03801eb0       0x8c build/src/field.o
                0x03801eb0                void std::vector<Point*, std::allocator<Point*> >::_M_emplace_back_aux<Point*>(Point*&&)
 .text._ZNKSt6vectorIP5PointSaIS1_EE12_M_check_lenEjPKc
                0x03801f3c       0x54 build/src/field.o
                0x03801f3c                std::vector<Point*, std::allocator<Point*> >::_M_check_len(unsigned int, char const*) const
 .text._ZNSt12_Vector_baseIP5PointSaIS1_EE11_M_allocateEj
                0x03801f90       0x30 build/src/field.o
                0x03801f90                std::_Vector_base<Point*, std::allocator<Point*> >::_M_allocate(unsigned int)
 .text._ZNSt6vectorIPK7BarrierSaIS2_EE19_M_emplace_back_auxIJS2_EEEvDpOT_
                0x03801fc0       0x8c build/src/field.o
                0x03801fc0                void std::vector<Barrier const*, std::allocator<Barrier const*> >::_M_emplace_back_aux<Barrier const*>(Barrier const*&&)
 .text._ZNKSt6vectorIPK7BarrierSaIS2_EE12_M_check_lenEjPKc
                0x0380204c       0x54 build/src/field.o
                0x0380204c                std::vector<Barrier const*, std::allocator<Barrier const*> >::_M_check_len(unsigned int, char const*) const
 .text._ZNSt12_Vector_baseIPK7BarrierSaIS2_EE11_M_allocateEj
                0x038020a0       0x30 build/src/field.o
                0x038020a0                std::_Vector_base<Barrier const*, std::allocator<Barrier const*> >::_M_allocate(unsigned int)
 .text._GLOBAL__sub_I_field.cpp
                0x038020d0      0x9a8 build/src/field.o
 .text._Z13dashboardTaskv
                0x03802a78      0x7cc build/src/dashboard.o
                0x03802a78                dashboardTask()
 *fill*         0x03803244        0x4 
 .text._Z10distanceToddN3vex13distanceUnitsE
                0x03803248       0xb0 build/src/ai_functions.o
                0x03803248                distanceTo(double, double, vex::distanceUnits)
 .text._Z16calculateBearingdddd
                0x038032f8      0x108 build/src/ai_functions.o
                0x038032f8                calculateBearing(double, double, double, double)
 .text._Z11moveToPointP5Pointb
                0x03803400      0x250 build/src/ai_functions.o
                0x03803400                moveToPoint(Point*, bool)
 .text._Z10MovetoMogoP5Point
                0x03803650       0xf4 build/src/ai_functions.o
                0x03803650                MovetoMogo(Point*)
 *fill*         0x03803744        0x4 
 .text._Z14moveToPositiondddbii
                0x03803748       0xe8 build/src/ai_functions.o
                0x03803748                moveToPosition(double, double, double, bool, int, int)
 .text._Z8findMogobb
                0x03803830      0x210 build/src/ai_functions.o
                0x03803830                findMogo(bool, bool)
 .text._Z8findRingbb
                0x03803a40      0x200 build/src/ai_functions.o
                0x03803a40                findRing(bool, bool)
 .text._Z9getObjectbb
                0x03803c40      0x254 build/src/ai_functions.o
                0x03803c40                getObject(bool, bool)
 *fill*         0x03803e94        0x4 
 .text._Z7GetMogov
                0x03803e98      0x3d4 build/src/ai_functions.o
                0x03803e98                GetMogo()
 *fill*         0x0380426c        0x4 
 .text._Z11HoldingMogov
                0x03804270       0xf8 build/src/ai_functions.o
                0x03804270                HoldingMogo()
 .text._GLOBAL__sub_I_ai_functions.cpp
                0x03804368       0x34 build/src/ai_functions.o
 .text._ZN2ai10robot_linkC2ElPKcN3vex8linkTypeE
                0x0380439c       0x98 build/src/ai_robot_link.o
                0x0380439c                ai::robot_link::robot_link(long, char const*, vex::linkType)
                0x0380439c                ai::robot_link::robot_link(long, char const*, vex::linkType)
 .text._ZN2ai10robot_link7tx_taskEPv
                0x03804434       0xe0 build/src/ai_robot_link.o
                0x03804434                ai::robot_link::tx_task(void*)
 .text._ZN2ai10robot_link7rx_taskEPv
                0x03804514       0x8c build/src/ai_robot_link.o
                0x03804514                ai::robot_link::rx_task(void*)
 .text._ZN2ai10robot_linkD2Ev
                0x038045a0       0x4c build/src/ai_robot_link.o
                0x038045a0                ai::robot_link::~robot_link()
                0x038045a0                ai::robot_link::~robot_link()
 .text._ZN2ai10robot_linkD0Ev
                0x038045ec       0x14 build/src/ai_robot_link.o
                0x038045ec                ai::robot_link::~robot_link()
 .text._ZN2ai10robot_link11get_packetsEv
                0x03804600        0x8 build/src/ai_robot_link.o
                0x03804600                ai::robot_link::get_packets()
 .text._ZN2ai10robot_link10get_errorsEv
                0x03804608        0x8 build/src/ai_robot_link.o
                0x03804608                ai::robot_link::get_errors()
 .text._ZN2ai10robot_link12get_timeoutsEv
                0x03804610        0x8 build/src/ai_robot_link.o
                0x03804610                ai::robot_link::get_timeouts()
 .text._ZN2ai10robot_link9get_totalEv
                0x03804618        0x8 build/src/ai_robot_link.o
                0x03804618                ai::robot_link::get_total()
 .text._ZN2ai10robot_link19set_remote_locationEfffl
                0x03804620       0x78 build/src/ai_robot_link.o
                0x03804620                ai::robot_link::set_remote_location(float, float, float, long)
 .text._ZN2ai10robot_link18get_local_locationERfS1_S1_Rl
                0x03804698       0x88 build/src/ai_robot_link.o
                0x03804698                ai::robot_link::get_local_location(float&, float&, float&, long&)
 .text._ZN2ai10robot_link19get_remote_locationERfS1_S1_
                0x03804720       0x7c build/src/ai_robot_link.o
                0x03804720                ai::robot_link::get_remote_location(float&, float&, float&)
 .text._ZN2ai10robot_link7processEh
                0x0380479c      0x258 build/src/ai_robot_link.o
                0x0380479c                ai::robot_link::process(unsigned char)
 .text._ZN2ai6jetsonC2Ev
                0x038049f4       0x60 build/src/ai_jetson.o
                0x038049f4                ai::jetson::jetson()
                0x038049f4                ai::jetson::jetson()
 .text._ZN2ai6jetson12receive_taskEPv
                0x03804a54       0x8c build/src/ai_jetson.o
                0x03804a54                ai::jetson::receive_task(void*)
 .text._ZN2ai6jetsonD2Ev
                0x03804ae0       0x28 build/src/ai_jetson.o
                0x03804ae0                ai::jetson::~jetson()
                0x03804ae0                ai::jetson::~jetson()
 .text._ZN2ai6jetson11get_packetsEv
                0x03804b08        0x8 build/src/ai_jetson.o
                0x03804b08                ai::jetson::get_packets()
 .text._ZN2ai6jetson10get_errorsEv
                0x03804b10        0x8 build/src/ai_jetson.o
                0x03804b10                ai::jetson::get_errors()
 .text._ZN2ai6jetson12get_timeoutsEv
                0x03804b18        0x8 build/src/ai_jetson.o
                0x03804b18                ai::jetson::get_timeouts()
 .text._ZN2ai6jetson9get_totalEv
                0x03804b20        0x8 build/src/ai_jetson.o
                0x03804b20                ai::jetson::get_total()
 .text._ZN2ai6jetson8get_dataEP9AI_RECORD
                0x03804b28       0x5c build/src/ai_jetson.o
                0x03804b28                ai::jetson::get_data(AI_RECORD*)
 .text._ZN2ai6jetson5crc32EPhmm
                0x03804b84       0x84 build/src/ai_jetson.o
                0x03804b84                ai::jetson::crc32(unsigned char*, unsigned long, unsigned long)
 .text._ZN2ai6jetson5parseEh
                0x03804c08      0x31c build/src/ai_jetson.o
                0x03804c08                ai::jetson::parse(unsigned char)
 .text._ZN2ai6jetson11request_mapEv
                0x03804f24       0x88 build/src/ai_jetson.o
                0x03804f24                ai::jetson::request_map()
 .text._Z15reduce_0_to_360f
                0x03804fac       0x7c build/src/JAR-Template/util.o
                0x03804fac                reduce_0_to_360(float)
 .text._Z26reduce_negative_180_to_180f
                0x03805028       0x90 build/src/JAR-Template/util.o
                0x03805028                reduce_negative_180_to_180(float)
 .text._Z5clampfff
                0x038050b8       0x2c build/src/JAR-Template/util.o
                0x038050b8                clamp(float, float, float)
 *fill*         0x038050e4        0x4 
 .text._ZN5DriveC2EN3vex11motor_groupES1_ifff
                0x038050e8       0xa0 build/src/JAR-Template/drive.o
                0x038050e8                Drive::Drive(vex::motor_group, vex::motor_group, int, float, float, float)
                0x038050e8                Drive::Drive(vex::motor_group, vex::motor_group, int, float, float, float)
 .text._ZN5Drive18drive_with_voltageEff
                0x03805188       0x6c build/src/JAR-Template/drive.o
                0x03805188                Drive::drive_with_voltage(float, float)
 .text._ZN5Drive18set_turn_constantsEfffff
                0x038051f4       0x1c build/src/JAR-Template/drive.o
                0x038051f4                Drive::set_turn_constants(float, float, float, float, float)
 .text._ZN5Drive19set_drive_constantsEfffff
                0x03805210       0x1c build/src/JAR-Template/drive.o
                0x03805210                Drive::set_drive_constants(float, float, float, float, float)
 .text._ZN5Drive21set_heading_constantsEfffff
                0x0380522c       0x1c build/src/JAR-Template/drive.o
                0x0380522c                Drive::set_heading_constants(float, float, float, float, float)
 .text._ZN5Drive19set_swing_constantsEfffff
                0x03805248       0x1c build/src/JAR-Template/drive.o
                0x03805248                Drive::set_swing_constants(float, float, float, float, float)
 .text._ZN5Drive24set_turn_exit_conditionsEfff
                0x03805264        0xc build/src/JAR-Template/drive.o
                0x03805264                Drive::set_turn_exit_conditions(float, float, float)
 .text._ZN5Drive25set_drive_exit_conditionsEfff
                0x03805270        0xc build/src/JAR-Template/drive.o
                0x03805270                Drive::set_drive_exit_conditions(float, float, float)
 .text._ZN5Drive25set_swing_exit_conditionsEfff
                0x0380527c        0xc build/src/JAR-Template/drive.o
                0x0380527c                Drive::set_swing_exit_conditions(float, float, float)
 .text._ZN5Drive13turn_to_angleEf
                0x03805288       0x50 build/src/JAR-Template/drive.o
                0x03805288                Drive::turn_to_angle(float)
 .text._ZN5Drive13turn_to_angleEfffffffff
                0x038052d8      0x178 build/src/JAR-Template/drive.o
                0x038052d8                Drive::turn_to_angle(float, float, float, float, float, float, float, float, float)
 .text._ZN5Drive14drive_distanceEf
                0x03805450       0x80 build/src/JAR-Template/drive.o
                0x03805450                Drive::drive_distance(float)
 .text._ZN5Drive14drive_distanceEfffffffffffffff
                0x038054d0      0x2e0 build/src/JAR-Template/drive.o
                0x038054d0                Drive::drive_distance(float, float, float, float, float, float, float, float, float, float, float, float, float, float, float)
 .text._ZN5Drive11set_headingEf
                0x038057b0       0x50 build/src/JAR-Template/drive.o
                0x038057b0                Drive::set_heading(float)
 .text._ZN3PIDC2Efffff
                0x03805800       0x2c build/src/JAR-Template/PID.o
                0x03805800                PID::PID(float, float, float, float, float)
                0x03805800                PID::PID(float, float, float, float, float)
 .text._ZN3PIDC2Effffffff
                0x0380582c       0x44 build/src/JAR-Template/PID.o
                0x0380582c                PID::PID(float, float, float, float, float, float, float, float)
                0x0380582c                PID::PID(float, float, float, float, float, float, float, float)
 .text._ZN3PID7computeEf
                0x03805870       0xd0 build/src/JAR-Template/PID.o
                0x03805870                PID::compute(float)
 .text._ZN3PID10is_settledEv
                0x03805940       0x44 build/src/JAR-Template/PID.o
                0x03805940                PID::is_settled()
 .text.vexMain  0x03805984       0xb0 c:\Users\robol\AppData\Roaming\Code\User\globalStorage\vexrobotics.vexcode\sdk\cpp\V5\V5_20240802_15_00_00/vexv5\libv5rt.a(v5_startup.c.obj)
                0x03805984                vexMain
 .text.__vex_function_prolog
                0x03805a34       0x18 c:\Users\robol\AppData\Roaming\Code\User\globalStorage\vexrobotics.vexcode\sdk\cpp\V5\V5_20240802_15_00_00/vexv5\libv5rt.a(v5_startup.c.obj)
                0x03805a34                __vex_function_prolog
 .text._init    0x03805a4c        0x4 c:\Users\robol\AppData\Roaming\Code\User\globalStorage\vexrobotics.vexcode\sdk\cpp\V5\V5_20240802_15_00_00/vexv5\libv5rt.a(v5_startup.c.obj)
                0x03805a4c                _init
 .text._fini    0x03805a50        0x4 c:\Users\robol\AppData\Roaming\Code\User\globalStorage\vexrobotics.vexcode\sdk\cpp\V5\V5_20240802_15_00_00/vexv5\libv5rt.a(v5_startup.c.obj)
                0x03805a50                _fini
 .text.vexStdlibVersionLinked
                0x03805a54        0xc c:\Users\robol\AppData\Roaming\Code\User\globalStorage\vexrobotics.vexcode\sdk\cpp\V5\V5_20240802_15_00_00/vexv5\libv5rt.a(v5_util.c.obj)
                0x03805a54                vexStdlibVersionLinked
 .text.vexStdlibVersionVerify
                0x03805a60       0x30 c:\Users\robol\AppData\Roaming\Code\User\globalStorage\vexrobotics.vexcode\sdk\cpp\V5\V5_20240802_15_00_00/vexv5\libv5rt.a(v5_util.c.obj)
                0x03805a60                vexStdlibVersionVerify
 .text.vexPrivateApiEnable
                0x03805a90       0x10 c:\Users\robol\AppData\Roaming\Code\User\globalStorage\vexrobotics.vexcode\sdk\cpp\V5\V5_20240802_15_00_00/vexv5\libv5rt.a(v5_apijump.c.obj)
                0x03805a90                vexPrivateApiEnable
 .text.vexStdlibMismatchError
                0x03805aa0       0x3c c:\Users\robol\AppData\Roaming\Code\User\globalStorage\vexrobotics.vexcode\sdk\cpp\V5\V5_20240802_15_00_00/vexv5\libv5rt.a(v5_apijump.c.obj)
                0x03805aa0                vexStdlibMismatchError
 .text.vexTaskAdd
                0x03805adc       0x10 c:\Users\robol\AppData\Roaming\Code\User\globalStorage\vexrobotics.vexcode\sdk\cpp\V5\V5_20240802_15_00_00/vexv5\libv5rt.a(v5_apijump.c.obj)
                0x03805adc                vexTaskAdd
 .text.vexTasksRun
                0x03805aec       0x10 c:\Users\robol\AppData\Roaming\Code\User\globalStorage\vexrobotics.vexcode\sdk\cpp\V5\V5_20240802_15_00_00/vexv5\libv5rt.a(v5_apijump.c.obj)
                0x03805aec                vexTasksRun
 .text.vexTaskYield
                0x03805afc       0x10 c:\Users\robol\AppData\Roaming\Code\User\globalStorage\vexrobotics.vexcode\sdk\cpp\V5\V5_20240802_15_00_00/vexv5\libv5rt.a(v5_apijump.c.obj)
                0x03805afc                vexTaskYield
 .text.vexTaskCheckTimeslice
                0x03805b0c       0x10 c:\Users\robol\AppData\Roaming\Code\User\globalStorage\vexrobotics.vexcode\sdk\cpp\V5\V5_20240802_15_00_00/vexv5\libv5rt.a(v5_apijump.c.obj)
                0x03805b0c                vexTaskCheckTimeslice
 .text.vexTaskSleep
                0x03805b1c       0x10 c:\Users\robol\AppData\Roaming\Code\User\globalStorage\vexrobotics.vexcode\sdk\cpp\V5\V5_20240802_15_00_00/vexv5\libv5rt.a(v5_apijump.c.obj)
                0x03805b1c                vexTaskSleep
 .text.vexSemaphoreInit
                0x03805b2c       0x24 c:\Users\robol\AppData\Roaming\Code\User\globalStorage\vexrobotics.vexcode\sdk\cpp\V5\V5_20240802_15_00_00/vexv5\libv5rt.a(v5_apijump.c.obj)
                0x03805b2c                vexSemaphoreInit
 .text.vexSemaphoreLock
                0x03805b50       0x2c c:\Users\robol\AppData\Roaming\Code\User\globalStorage\vexrobotics.vexcode\sdk\cpp\V5\V5_20240802_15_00_00/vexv5\libv5rt.a(v5_apijump.c.obj)
                0x03805b50                vexSemaphoreLock
 .text.vexSemaphoreUnlock
                0x03805b7c       0x24 c:\Users\robol\AppData\Roaming\Code\User\globalStorage\vexrobotics.vexcode\sdk\cpp\V5\V5_20240802_15_00_00/vexv5\libv5rt.a(v5_apijump.c.obj)
                0x03805b7c                vexSemaphoreUnlock
 .text.vexTasksDump
                0x03805ba0       0x1c c:\Users\robol\AppData\Roaming\Code\User\globalStorage\vexrobotics.vexcode\sdk\cpp\V5\V5_20240802_15_00_00/vexv5\libv5rt.a(v5_apijump.c.obj)
                0x03805ba0                vexTasksDump
 .text.vexTaskGetTaskIndex
                0x03805bbc       0x10 c:\Users\robol\AppData\Roaming\Code\User\globalStorage\vexrobotics.vexcode\sdk\cpp\V5\V5_20240802_15_00_00/vexv5\libv5rt.a(v5_apijump.c.obj)
                0x03805bbc                vexTaskGetTaskIndex
 .text.vexTaskStopAll
                0x03805bcc       0x10 c:\Users\robol\AppData\Roaming\Code\User\globalStorage\vexrobotics.vexcode\sdk\cpp\V5\V5_20240802_15_00_00/vexv5\libv5rt.a(v5_apijump.c.obj)
                0x03805bcc                vexTaskStopAll
 .text.vexTaskRemoveAllUser
                0x03805bdc       0x34 c:\Users\robol\AppData\Roaming\Code\User\globalStorage\vexrobotics.vexcode\sdk\cpp\V5\V5_20240802_15_00_00/vexv5\libv5rt.a(v5_apijump.c.obj)
                0x03805bdc                vexTaskRemoveAllUser
 .text.vexTaskCompletionIdSet
                0x03805c10       0x10 c:\Users\robol\AppData\Roaming\Code\User\globalStorage\vexrobotics.vexcode\sdk\cpp\V5\V5_20240802_15_00_00/vexv5\libv5rt.a(v5_apijump.c.obj)
                0x03805c10                vexTaskCompletionIdSet
 .text.vexTaskAddWithArg
                0x03805c20       0x10 c:\Users\robol\AppData\Roaming\Code\User\globalStorage\vexrobotics.vexcode\sdk\cpp\V5\V5_20240802_15_00_00/vexv5\libv5rt.a(v5_apijump.c.obj)
                0x03805c20                vexTaskAddWithArg
 .text.vexTaskStopWithId
                0x03805c30       0x10 c:\Users\robol\AppData\Roaming\Code\User\globalStorage\vexrobotics.vexcode\sdk\cpp\V5\V5_20240802_15_00_00/vexv5\libv5rt.a(v5_apijump.c.obj)
                0x03805c30                vexTaskStopWithId
 .text.vexTaskPrioritySetWithId
                0x03805c40       0x10 c:\Users\robol\AppData\Roaming\Code\User\globalStorage\vexrobotics.vexcode\sdk\cpp\V5\V5_20240802_15_00_00/vexv5\libv5rt.a(v5_apijump.c.obj)
                0x03805c40                vexTaskPrioritySetWithId
 .text.vexCriticalSection
                0x03805c50       0x2c c:\Users\robol\AppData\Roaming\Code\User\globalStorage\vexrobotics.vexcode\sdk\cpp\V5\V5_20240802_15_00_00/vexv5\libv5rt.a(v5_apijump.c.obj)
                0x03805c50                vexCriticalSection
 .text.vexEventAdd
                0x03805c7c       0x34 c:\Users\robol\AppData\Roaming\Code\User\globalStorage\vexrobotics.vexcode\sdk\cpp\V5\V5_20240802_15_00_00/vexv5\libv5rt.a(v5_apijump.c.obj)
                0x03805c7c                vexEventAdd
 .text.vexEventUserIndexGet
                0x03805cb0       0x1c c:\Users\robol\AppData\Roaming\Code\User\globalStorage\vexrobotics.vexcode\sdk\cpp\V5\V5_20240802_15_00_00/vexv5\libv5rt.a(v5_apijump.c.obj)
                0x03805cb0                vexEventUserIndexGet
 .text.vexEventAddWithArg
                0x03805ccc       0x3c c:\Users\robol\AppData\Roaming\Code\User\globalStorage\vexrobotics.vexcode\sdk\cpp\V5\V5_20240802_15_00_00/vexv5\libv5rt.a(v5_apijump.c.obj)
                0x03805ccc                vexEventAddWithArg
 .text.vexEventsCleanup
                0x03805d08       0x2c c:\Users\robol\AppData\Roaming\Code\User\globalStorage\vexrobotics.vexcode\sdk\cpp\V5\V5_20240802_15_00_00/vexv5\libv5rt.a(v5_apijump.c.obj)
                0x03805d08                vexEventsCleanup
 .text.vexDebug
                0x03805d34       0x38 c:\Users\robol\AppData\Roaming\Code\User\globalStorage\vexrobotics.vexcode\sdk\cpp\V5\V5_20240802_15_00_00/vexv5\libv5rt.a(v5_apijump.c.obj)
                0x03805d34                vexDebug
 .text.vex_sprintf
                0x03805d6c       0x40 c:\Users\robol\AppData\Roaming\Code\User\globalStorage\vexrobotics.vexcode\sdk\cpp\V5\V5_20240802_15_00_00/vexv5\libv5rt.a(v5_apijump.c.obj)
                0x03805d6c                vex_sprintf
 .text.vexSystemTimeGet
                0x03805dac       0x1c c:\Users\robol\AppData\Roaming\Code\User\globalStorage\vexrobotics.vexcode\sdk\cpp\V5\V5_20240802_15_00_00/vexv5\libv5rt.a(v5_apijump.c.obj)
                0x03805dac                vexSystemTimeGet
 .text.vexSystemExitRequest
                0x03805dc8       0x1c c:\Users\robol\AppData\Roaming\Code\User\globalStorage\vexrobotics.vexcode\sdk\cpp\V5\V5_20240802_15_00_00/vexv5\libv5rt.a(v5_apijump.c.obj)
                0x03805dc8                vexSystemExitRequest
 .text.vexDeviceGetByIndex
                0x03805de4       0x24 c:\Users\robol\AppData\Roaming\Code\User\globalStorage\vexrobotics.vexcode\sdk\cpp\V5\V5_20240802_15_00_00/vexv5\libv5rt.a(v5_apijump.c.obj)
                0x03805de4                vexDeviceGetByIndex
 .text.vexControllerGet
                0x03805e08       0x2c c:\Users\robol\AppData\Roaming\Code\User\globalStorage\vexrobotics.vexcode\sdk\cpp\V5\V5_20240802_15_00_00/vexv5\libv5rt.a(v5_apijump.c.obj)
                0x03805e08                vexControllerGet
 .text.vexDeviceAdiPortConfigSet
                0x03805e34       0x34 c:\Users\robol\AppData\Roaming\Code\User\globalStorage\vexrobotics.vexcode\sdk\cpp\V5\V5_20240802_15_00_00/vexv5\libv5rt.a(v5_apijump.c.obj)
                0x03805e34                vexDeviceAdiPortConfigSet
 .text.vexDeviceAdiPortConfigGet
                0x03805e68       0x2c c:\Users\robol\AppData\Roaming\Code\User\globalStorage\vexrobotics.vexcode\sdk\cpp\V5\V5_20240802_15_00_00/vexv5\libv5rt.a(v5_apijump.c.obj)
                0x03805e68                vexDeviceAdiPortConfigGet
 .text.vexDeviceAdiValueSet
                0x03805e94       0x34 c:\Users\robol\AppData\Roaming\Code\User\globalStorage\vexrobotics.vexcode\sdk\cpp\V5\V5_20240802_15_00_00/vexv5\libv5rt.a(v5_apijump.c.obj)
                0x03805e94                vexDeviceAdiValueSet
 .text.vexDeviceAdiValueGet
                0x03805ec8       0x2c c:\Users\robol\AppData\Roaming\Code\User\globalStorage\vexrobotics.vexcode\sdk\cpp\V5\V5_20240802_15_00_00/vexv5\libv5rt.a(v5_apijump.c.obj)
                0x03805ec8                vexDeviceAdiValueGet
 .text.vexDeviceMotorVelocitySet
                0x03805ef4       0x2c c:\Users\robol\AppData\Roaming\Code\User\globalStorage\vexrobotics.vexcode\sdk\cpp\V5\V5_20240802_15_00_00/vexv5\libv5rt.a(v5_apijump.c.obj)
                0x03805ef4                vexDeviceMotorVelocitySet
 .text.vexDeviceMotorVoltageSet
                0x03805f20       0x2c c:\Users\robol\AppData\Roaming\Code\User\globalStorage\vexrobotics.vexcode\sdk\cpp\V5\V5_20240802_15_00_00/vexv5\libv5rt.a(v5_apijump.c.obj)
                0x03805f20                vexDeviceMotorVoltageSet
 .text.vexDeviceMotorActualVelocityGet
                0x03805f4c       0x24 c:\Users\robol\AppData\Roaming\Code\User\globalStorage\vexrobotics.vexcode\sdk\cpp\V5\V5_20240802_15_00_00/vexv5\libv5rt.a(v5_apijump.c.obj)
                0x03805f4c                vexDeviceMotorActualVelocityGet
 .text.vexDeviceMotorReverseFlagSet
                0x03805f70       0x2c c:\Users\robol\AppData\Roaming\Code\User\globalStorage\vexrobotics.vexcode\sdk\cpp\V5\V5_20240802_15_00_00/vexv5\libv5rt.a(v5_apijump.c.obj)
                0x03805f70                vexDeviceMotorReverseFlagSet
 .text.vexDeviceMotorEncoderUnitsSet
                0x03805f9c       0x2c c:\Users\robol\AppData\Roaming\Code\User\globalStorage\vexrobotics.vexcode\sdk\cpp\V5\V5_20240802_15_00_00/vexv5\libv5rt.a(v5_apijump.c.obj)
                0x03805f9c                vexDeviceMotorEncoderUnitsSet
 .text.vexDeviceMotorBrakeModeSet
                0x03805fc8       0x2c c:\Users\robol\AppData\Roaming\Code\User\globalStorage\vexrobotics.vexcode\sdk\cpp\V5\V5_20240802_15_00_00/vexv5\libv5rt.a(v5_apijump.c.obj)
                0x03805fc8                vexDeviceMotorBrakeModeSet
 .text.vexDeviceMotorPositionSet
                0x03805ff4       0x34 c:\Users\robol\AppData\Roaming\Code\User\globalStorage\vexrobotics.vexcode\sdk\cpp\V5\V5_20240802_15_00_00/vexv5\libv5rt.a(v5_apijump.c.obj)
                0x03805ff4                vexDeviceMotorPositionSet
 .text.vexDeviceMotorPositionGet
                0x03806028       0x24 c:\Users\robol\AppData\Roaming\Code\User\globalStorage\vexrobotics.vexcode\sdk\cpp\V5\V5_20240802_15_00_00/vexv5\libv5rt.a(v5_apijump.c.obj)
                0x03806028                vexDeviceMotorPositionGet
 .text.vexDeviceMotorGearingSet
                0x0380604c       0x2c c:\Users\robol\AppData\Roaming\Code\User\globalStorage\vexrobotics.vexcode\sdk\cpp\V5\V5_20240802_15_00_00/vexv5\libv5rt.a(v5_apijump.c.obj)
                0x0380604c                vexDeviceMotorGearingSet
 .text.vexDeviceMotorGearingGet
                0x03806078       0x24 c:\Users\robol\AppData\Roaming\Code\User\globalStorage\vexrobotics.vexcode\sdk\cpp\V5\V5_20240802_15_00_00/vexv5\libv5rt.a(v5_apijump.c.obj)
                0x03806078                vexDeviceMotorGearingGet
 .text.vexDeviceImuReset
                0x0380609c       0x24 c:\Users\robol\AppData\Roaming\Code\User\globalStorage\vexrobotics.vexcode\sdk\cpp\V5\V5_20240802_15_00_00/vexv5\libv5rt.a(v5_apijump.c.obj)
                0x0380609c                vexDeviceImuReset
 .text.vexDeviceImuHeadingGet
                0x038060c0       0x24 c:\Users\robol\AppData\Roaming\Code\User\globalStorage\vexrobotics.vexcode\sdk\cpp\V5\V5_20240802_15_00_00/vexv5\libv5rt.a(v5_apijump.c.obj)
                0x038060c0                vexDeviceImuHeadingGet
 .text.vexDeviceImuDegreesGet
                0x038060e4       0x24 c:\Users\robol\AppData\Roaming\Code\User\globalStorage\vexrobotics.vexcode\sdk\cpp\V5\V5_20240802_15_00_00/vexv5\libv5rt.a(v5_apijump.c.obj)
                0x038060e4                vexDeviceImuDegreesGet
 .text.vexDeviceImuStatusGet
                0x03806108       0x24 c:\Users\robol\AppData\Roaming\Code\User\globalStorage\vexrobotics.vexcode\sdk\cpp\V5\V5_20240802_15_00_00/vexv5\libv5rt.a(v5_apijump.c.obj)
                0x03806108                vexDeviceImuStatusGet
 .text.vexDeviceOpticalHueGet
                0x0380612c       0x24 c:\Users\robol\AppData\Roaming\Code\User\globalStorage\vexrobotics.vexcode\sdk\cpp\V5\V5_20240802_15_00_00/vexv5\libv5rt.a(v5_apijump.c.obj)
                0x0380612c                vexDeviceOpticalHueGet
 .text.vexDeviceOpticalLedPwmSet
                0x03806150       0x2c c:\Users\robol\AppData\Roaming\Code\User\globalStorage\vexrobotics.vexcode\sdk\cpp\V5\V5_20240802_15_00_00/vexv5\libv5rt.a(v5_apijump.c.obj)
                0x03806150                vexDeviceOpticalLedPwmSet
 .text.vexDeviceOpticalGestureEnable
                0x0380617c       0x24 c:\Users\robol\AppData\Roaming\Code\User\globalStorage\vexrobotics.vexcode\sdk\cpp\V5\V5_20240802_15_00_00/vexv5\libv5rt.a(v5_apijump.c.obj)
                0x0380617c                vexDeviceOpticalGestureEnable
 .text.vexDeviceOpticalGestureDisable
                0x038061a0       0x24 c:\Users\robol\AppData\Roaming\Code\User\globalStorage\vexrobotics.vexcode\sdk\cpp\V5\V5_20240802_15_00_00/vexv5\libv5rt.a(v5_apijump.c.obj)
                0x038061a0                vexDeviceOpticalGestureDisable
 .text.vexDeviceOpticalProximityThreshold
                0x038061c4       0x2c c:\Users\robol\AppData\Roaming\Code\User\globalStorage\vexrobotics.vexcode\sdk\cpp\V5\V5_20240802_15_00_00/vexv5\libv5rt.a(v5_apijump.c.obj)
                0x038061c4                vexDeviceOpticalProximityThreshold
 .text.vexDeviceGpsReset
                0x038061f0       0x38 c:\Users\robol\AppData\Roaming\Code\User\globalStorage\vexrobotics.vexcode\sdk\cpp\V5\V5_20240802_15_00_00/vexv5\libv5rt.a(v5_apijump.c.obj)
                0x038061f0                vexDeviceGpsReset
 .text.vexDeviceGpsHeadingGet
                0x03806228       0x44 c:\Users\robol\AppData\Roaming\Code\User\globalStorage\vexrobotics.vexcode\sdk\cpp\V5\V5_20240802_15_00_00/vexv5\libv5rt.a(v5_apijump.c.obj)
                0x03806228                vexDeviceGpsHeadingGet
 .text.vexDeviceGpsDegreesGet
                0x0380626c       0x44 c:\Users\robol\AppData\Roaming\Code\User\globalStorage\vexrobotics.vexcode\sdk\cpp\V5\V5_20240802_15_00_00/vexv5\libv5rt.a(v5_apijump.c.obj)
                0x0380626c                vexDeviceGpsDegreesGet
 .text.vexDeviceGpsAttitudeGet
                0x038062b0      0x198 c:\Users\robol\AppData\Roaming\Code\User\globalStorage\vexrobotics.vexcode\sdk\cpp\V5\V5_20240802_15_00_00/vexv5\libv5rt.a(v5_apijump.c.obj)
                0x038062b0                vexDeviceGpsAttitudeGet
 .text.vexDeviceGpsStatusGet
                0x03806448       0x40 c:\Users\robol\AppData\Roaming\Code\User\globalStorage\vexrobotics.vexcode\sdk\cpp\V5\V5_20240802_15_00_00/vexv5\libv5rt.a(v5_apijump.c.obj)
                0x03806448                vexDeviceGpsStatusGet
 .text.vexDeviceGpsModeSet
                0x03806488       0x40 c:\Users\robol\AppData\Roaming\Code\User\globalStorage\vexrobotics.vexcode\sdk\cpp\V5\V5_20240802_15_00_00/vexv5\libv5rt.a(v5_apijump.c.obj)
                0x03806488                vexDeviceGpsModeSet
 .text.vexDeviceGpsOriginSet
                0x038064c8       0x50 c:\Users\robol\AppData\Roaming\Code\User\globalStorage\vexrobotics.vexcode\sdk\cpp\V5\V5_20240802_15_00_00/vexv5\libv5rt.a(v5_apijump.c.obj)
                0x038064c8                vexDeviceGpsOriginSet
 .text.vexDeviceGpsRotationSet
                0x03806518       0x48 c:\Users\robol\AppData\Roaming\Code\User\globalStorage\vexrobotics.vexcode\sdk\cpp\V5\V5_20240802_15_00_00/vexv5\libv5rt.a(v5_apijump.c.obj)
                0x03806518                vexDeviceGpsRotationSet
 .text.vexDeviceGpsRotationGet
                0x03806560       0x44 c:\Users\robol\AppData\Roaming\Code\User\globalStorage\vexrobotics.vexcode\sdk\cpp\V5\V5_20240802_15_00_00/vexv5\libv5rt.a(v5_apijump.c.obj)
                0x03806560                vexDeviceGpsRotationGet
 .text.vexDisplayForegroundColor
                0x038065a4       0x24 c:\Users\robol\AppData\Roaming\Code\User\globalStorage\vexrobotics.vexcode\sdk\cpp\V5\V5_20240802_15_00_00/vexv5\libv5rt.a(v5_apijump.c.obj)
                0x038065a4                vexDisplayForegroundColor
 .text.vexDisplayBackgroundColor
                0x038065c8       0x24 c:\Users\robol\AppData\Roaming\Code\User\globalStorage\vexrobotics.vexcode\sdk\cpp\V5\V5_20240802_15_00_00/vexv5\libv5rt.a(v5_apijump.c.obj)
                0x038065c8                vexDisplayBackgroundColor
 .text.vexDisplayBackgroundColorGet
                0x038065ec       0x1c c:\Users\robol\AppData\Roaming\Code\User\globalStorage\vexrobotics.vexcode\sdk\cpp\V5\V5_20240802_15_00_00/vexv5\libv5rt.a(v5_apijump.c.obj)
                0x038065ec                vexDisplayBackgroundColorGet
 .text.vexDisplayRectDraw
                0x03806608       0x4c c:\Users\robol\AppData\Roaming\Code\User\globalStorage\vexrobotics.vexcode\sdk\cpp\V5\V5_20240802_15_00_00/vexv5\libv5rt.a(v5_apijump.c.obj)
                0x03806608                vexDisplayRectDraw
 .text.vexDisplayRectClear
                0x03806654       0x4c c:\Users\robol\AppData\Roaming\Code\User\globalStorage\vexrobotics.vexcode\sdk\cpp\V5\V5_20240802_15_00_00/vexv5\libv5rt.a(v5_apijump.c.obj)
                0x03806654                vexDisplayRectClear
 .text.vexDisplayVPrintf
                0x038066a0       0x50 c:\Users\robol\AppData\Roaming\Code\User\globalStorage\vexrobotics.vexcode\sdk\cpp\V5\V5_20240802_15_00_00/vexv5\libv5rt.a(v5_apijump.c.obj)
                0x038066a0                vexDisplayVPrintf
 .text.vexDisplayTextReference
                0x038066f0       0x24 c:\Users\robol\AppData\Roaming\Code\User\globalStorage\vexrobotics.vexcode\sdk\cpp\V5\V5_20240802_15_00_00/vexv5\libv5rt.a(v5_apijump.c.obj)
                0x038066f0                vexDisplayTextReference
 .text.vexDisplayTextSize
                0x03806714       0x2c c:\Users\robol\AppData\Roaming\Code\User\globalStorage\vexrobotics.vexcode\sdk\cpp\V5\V5_20240802_15_00_00/vexv5\libv5rt.a(v5_apijump.c.obj)
                0x03806714                vexDisplayTextSize
 .text.vexDisplayFontNamedSet
                0x03806740       0x24 c:\Users\robol\AppData\Roaming\Code\User\globalStorage\vexrobotics.vexcode\sdk\cpp\V5\V5_20240802_15_00_00/vexv5\libv5rt.a(v5_apijump.c.obj)
                0x03806740                vexDisplayFontNamedSet
 .text.vexDisplayPenSizeGet
                0x03806764       0x1c c:\Users\robol\AppData\Roaming\Code\User\globalStorage\vexrobotics.vexcode\sdk\cpp\V5\V5_20240802_15_00_00/vexv5\libv5rt.a(v5_apijump.c.obj)
                0x03806764                vexDisplayPenSizeGet
 .text.vexSystemStdlibImpureDataAddr
                0x03806780       0x28 c:\Users\robol\AppData\Roaming\Code\User\globalStorage\vexrobotics.vexcode\sdk\cpp\V5\V5_20240802_15_00_00/vexv5\libv5rt.a(v5_apijump.c.obj)
                0x03806780                vexSystemStdlibImpureDataAddr
 .text.vexSystemStdlibImpureDataSize
                0x038067a8       0x28 c:\Users\robol\AppData\Roaming\Code\User\globalStorage\vexrobotics.vexcode\sdk\cpp\V5\V5_20240802_15_00_00/vexv5\libv5rt.a(v5_apijump.c.obj)
                0x038067a8                vexSystemStdlibImpureDataSize
 .text.vexSystemSaveUserData
                0x038067d0       0x3c c:\Users\robol\AppData\Roaming\Code\User\globalStorage\vexrobotics.vexcode\sdk\cpp\V5\V5_20240802_15_00_00/vexv5\libv5rt.a(v5_apijump.c.obj)
                0x038067d0                vexSystemSaveUserData
 .text.vexDisplayClipRegionSet
                0x0380680c       0x4c c:\Users\robol\AppData\Roaming\Code\User\globalStorage\vexrobotics.vexcode\sdk\cpp\V5\V5_20240802_15_00_00/vexv5\libv5rt.a(v5_apijump.c.obj)
                0x0380680c                vexDisplayClipRegionSet
 .text.vexDisplayThemeIdGet
                0x03806858       0x38 c:\Users\robol\AppData\Roaming\Code\User\globalStorage\vexrobotics.vexcode\sdk\cpp\V5\V5_20240802_15_00_00/vexv5\libv5rt.a(v5_apijump.c.obj)
                0x03806858                vexDisplayThemeIdGet
 .text.vexDisplayRender
                0x03806890       0x2c c:\Users\robol\AppData\Roaming\Code\User\globalStorage\vexrobotics.vexcode\sdk\cpp\V5\V5_20240802_15_00_00/vexv5\libv5rt.a(v5_apijump.c.obj)
                0x03806890                vexDisplayRender
 .text.vexDeviceEventMaskSet
                0x038068bc       0x48 c:\Users\robol\AppData\Roaming\Code\User\globalStorage\vexrobotics.vexcode\sdk\cpp\V5\V5_20240802_15_00_00/vexv5\libv5rt.a(v5_apijump.c.obj)
                0x038068bc                vexDeviceEventMaskSet
 .text.vexDeviceEventMaskGet
                0x03806904       0x3c c:\Users\robol\AppData\Roaming\Code\User\globalStorage\vexrobotics.vexcode\sdk\cpp\V5\V5_20240802_15_00_00/vexv5\libv5rt.a(v5_apijump.c.obj)
                0x03806904                vexDeviceEventMaskGet
 .text.vexDeviceGenericSerialEnable
                0x03806940       0x2c c:\Users\robol\AppData\Roaming\Code\User\globalStorage\vexrobotics.vexcode\sdk\cpp\V5\V5_20240802_15_00_00/vexv5\libv5rt.a(v5_apijump.c.obj)
                0x03806940                vexDeviceGenericSerialEnable
 .text.vexDeviceGenericSerialBaudrate
                0x0380696c       0x2c c:\Users\robol\AppData\Roaming\Code\User\globalStorage\vexrobotics.vexcode\sdk\cpp\V5\V5_20240802_15_00_00/vexv5\libv5rt.a(v5_apijump.c.obj)
                0x0380696c                vexDeviceGenericSerialBaudrate
 .text.vexDeviceGenericSerialWriteChar
                0x03806998       0x2c c:\Users\robol\AppData\Roaming\Code\User\globalStorage\vexrobotics.vexcode\sdk\cpp\V5\V5_20240802_15_00_00/vexv5\libv5rt.a(v5_apijump.c.obj)
                0x03806998                vexDeviceGenericSerialWriteChar
 .text.vexDeviceGenericSerialWriteFree
                0x038069c4       0x24 c:\Users\robol\AppData\Roaming\Code\User\globalStorage\vexrobotics.vexcode\sdk\cpp\V5\V5_20240802_15_00_00/vexv5\libv5rt.a(v5_apijump.c.obj)
                0x038069c4                vexDeviceGenericSerialWriteFree
 .text.vexDeviceGenericSerialTransmit
                0x038069e8       0x34 c:\Users\robol\AppData\Roaming\Code\User\globalStorage\vexrobotics.vexcode\sdk\cpp\V5\V5_20240802_15_00_00/vexv5\libv5rt.a(v5_apijump.c.obj)
                0x038069e8                vexDeviceGenericSerialTransmit
 .text.vexDeviceGenericSerialReadChar
                0x03806a1c       0x24 c:\Users\robol\AppData\Roaming\Code\User\globalStorage\vexrobotics.vexcode\sdk\cpp\V5\V5_20240802_15_00_00/vexv5\libv5rt.a(v5_apijump.c.obj)
                0x03806a1c                vexDeviceGenericSerialReadChar
 .text.vexDeviceGenericSerialPeekChar
                0x03806a40       0x24 c:\Users\robol\AppData\Roaming\Code\User\globalStorage\vexrobotics.vexcode\sdk\cpp\V5\V5_20240802_15_00_00/vexv5\libv5rt.a(v5_apijump.c.obj)
                0x03806a40                vexDeviceGenericSerialPeekChar
 .text.vexDeviceGenericSerialReceiveAvail
                0x03806a64       0x24 c:\Users\robol\AppData\Roaming\Code\User\globalStorage\vexrobotics.vexcode\sdk\cpp\V5\V5_20240802_15_00_00/vexv5\libv5rt.a(v5_apijump.c.obj)
                0x03806a64                vexDeviceGenericSerialReceiveAvail
 .text.vexDeviceGenericSerialReceive
                0x03806a88       0x34 c:\Users\robol\AppData\Roaming\Code\User\globalStorage\vexrobotics.vexcode\sdk\cpp\V5\V5_20240802_15_00_00/vexv5\libv5rt.a(v5_apijump.c.obj)
                0x03806a88                vexDeviceGenericSerialReceive
 .text.vexDeviceGenericRadioConnection
                0x03806abc       0x3c c:\Users\robol\AppData\Roaming\Code\User\globalStorage\vexrobotics.vexcode\sdk\cpp\V5\V5_20240802_15_00_00/vexv5\libv5rt.a(v5_apijump.c.obj)
                0x03806abc                vexDeviceGenericRadioConnection
 .text.vexDeviceGenericRadioWriteChar
                0x03806af8       0x2c c:\Users\robol\AppData\Roaming\Code\User\globalStorage\vexrobotics.vexcode\sdk\cpp\V5\V5_20240802_15_00_00/vexv5\libv5rt.a(v5_apijump.c.obj)
                0x03806af8                vexDeviceGenericRadioWriteChar
 .text.vexDeviceGenericRadioWriteFree
                0x03806b24       0x24 c:\Users\robol\AppData\Roaming\Code\User\globalStorage\vexrobotics.vexcode\sdk\cpp\V5\V5_20240802_15_00_00/vexv5\libv5rt.a(v5_apijump.c.obj)
                0x03806b24                vexDeviceGenericRadioWriteFree
 .text.vexDeviceGenericRadioTransmit
                0x03806b48       0x34 c:\Users\robol\AppData\Roaming\Code\User\globalStorage\vexrobotics.vexcode\sdk\cpp\V5\V5_20240802_15_00_00/vexv5\libv5rt.a(v5_apijump.c.obj)
                0x03806b48                vexDeviceGenericRadioTransmit
 .text.vexDeviceGenericRadioReadChar
                0x03806b7c       0x24 c:\Users\robol\AppData\Roaming\Code\User\globalStorage\vexrobotics.vexcode\sdk\cpp\V5\V5_20240802_15_00_00/vexv5\libv5rt.a(v5_apijump.c.obj)
                0x03806b7c                vexDeviceGenericRadioReadChar
 .text.vexDeviceGenericRadioPeekChar
                0x03806ba0       0x24 c:\Users\robol\AppData\Roaming\Code\User\globalStorage\vexrobotics.vexcode\sdk\cpp\V5\V5_20240802_15_00_00/vexv5\libv5rt.a(v5_apijump.c.obj)
                0x03806ba0                vexDeviceGenericRadioPeekChar
 .text.vexDeviceGenericRadioReceiveAvail
                0x03806bc4       0x24 c:\Users\robol\AppData\Roaming\Code\User\globalStorage\vexrobotics.vexcode\sdk\cpp\V5\V5_20240802_15_00_00/vexv5\libv5rt.a(v5_apijump.c.obj)
                0x03806bc4                vexDeviceGenericRadioReceiveAvail
 .text.vexDeviceGenericRadioReceive
                0x03806be8       0x34 c:\Users\robol\AppData\Roaming\Code\User\globalStorage\vexrobotics.vexcode\sdk\cpp\V5\V5_20240802_15_00_00/vexv5\libv5rt.a(v5_apijump.c.obj)
                0x03806be8                vexDeviceGenericRadioReceive
 .text.vexDeviceGenericRadioLinkStatus
                0x03806c1c       0x24 c:\Users\robol\AppData\Roaming\Code\User\globalStorage\vexrobotics.vexcode\sdk\cpp\V5\V5_20240802_15_00_00/vexv5\libv5rt.a(v5_apijump.c.obj)
                0x03806c1c                vexDeviceGenericRadioLinkStatus
 .text.vexDeviceGenericCdcConnection
                0x03806c40       0x2c c:\Users\robol\AppData\Roaming\Code\User\globalStorage\vexrobotics.vexcode\sdk\cpp\V5\V5_20240802_15_00_00/vexv5\libv5rt.a(v5_apijump.c.obj)
                0x03806c40                vexDeviceGenericCdcConnection
 .text.vexDeviceGenericCdcWriteChar
                0x03806c6c       0x2c c:\Users\robol\AppData\Roaming\Code\User\globalStorage\vexrobotics.vexcode\sdk\cpp\V5\V5_20240802_15_00_00/vexv5\libv5rt.a(v5_apijump.c.obj)
                0x03806c6c                vexDeviceGenericCdcWriteChar
 .text.vexDeviceGenericCdcWriteFree
                0x03806c98       0x24 c:\Users\robol\AppData\Roaming\Code\User\globalStorage\vexrobotics.vexcode\sdk\cpp\V5\V5_20240802_15_00_00/vexv5\libv5rt.a(v5_apijump.c.obj)
                0x03806c98                vexDeviceGenericCdcWriteFree
 .text.vexDeviceGenericCdcTransmit
                0x03806cbc       0x34 c:\Users\robol\AppData\Roaming\Code\User\globalStorage\vexrobotics.vexcode\sdk\cpp\V5\V5_20240802_15_00_00/vexv5\libv5rt.a(v5_apijump.c.obj)
                0x03806cbc                vexDeviceGenericCdcTransmit
 .text.vexDeviceGenericCdcReadChar
                0x03806cf0       0x24 c:\Users\robol\AppData\Roaming\Code\User\globalStorage\vexrobotics.vexcode\sdk\cpp\V5\V5_20240802_15_00_00/vexv5\libv5rt.a(v5_apijump.c.obj)
                0x03806cf0                vexDeviceGenericCdcReadChar
 .text.vexDeviceGenericCdcPeekChar
                0x03806d14       0x24 c:\Users\robol\AppData\Roaming\Code\User\globalStorage\vexrobotics.vexcode\sdk\cpp\V5\V5_20240802_15_00_00/vexv5\libv5rt.a(v5_apijump.c.obj)
                0x03806d14                vexDeviceGenericCdcPeekChar
 .text.vexDeviceGenericCdcReceiveAvail
                0x03806d38       0x24 c:\Users\robol\AppData\Roaming\Code\User\globalStorage\vexrobotics.vexcode\sdk\cpp\V5\V5_20240802_15_00_00/vexv5\libv5rt.a(v5_apijump.c.obj)
                0x03806d38                vexDeviceGenericCdcReceiveAvail
 .text.vexDeviceGenericCdcReceive
                0x03806d5c       0x34 c:\Users\robol\AppData\Roaming\Code\User\globalStorage\vexrobotics.vexcode\sdk\cpp\V5\V5_20240802_15_00_00/vexv5\libv5rt.a(v5_apijump.c.obj)
                0x03806d5c                vexDeviceGenericCdcReceive
 .text.vexDeviceGenericCdcLinkStatus
                0x03806d90       0x24 c:\Users\robol\AppData\Roaming\Code\User\globalStorage\vexrobotics.vexcode\sdk\cpp\V5\V5_20240802_15_00_00/vexv5\libv5rt.a(v5_apijump.c.obj)
                0x03806d90                vexDeviceGenericCdcLinkStatus
 .text.vexSystemVersion
                0x03806db4       0x10 c:\Users\robol\AppData\Roaming\Code\User\globalStorage\vexrobotics.vexcode\sdk\cpp\V5\V5_20240802_15_00_00/vexv5\libv5rt.a(v5_apiversions.c.obj)
                0x03806db4                vexSystemVersion
 .text.vexStdlibVersion
                0x03806dc4       0x10 c:\Users\robol\AppData\Roaming\Code\User\globalStorage\vexrobotics.vexcode\sdk\cpp\V5\V5_20240802_15_00_00/vexv5\libv5rt.a(v5_apiversions.c.obj)
                0x03806dc4                vexStdlibVersion
 *fill*         0x03806dd4        0x4 
 .text._ZN3vex4waitEdNS_9timeUnitsE
                0x03806dd8       0x30 c:\Users\robol\AppData\Roaming\Code\User\globalStorage\vexrobotics.vexcode\sdk\cpp\V5\V5_20240802_15_00_00/vexv5\libv5rt.a(vex_global.cpp.obj)
                0x03806dd8                vex::wait(double, vex::timeUnits)
 .text._ZN3vex6deviceD2Ev
                0x03806e08        0x4 c:\Users\robol\AppData\Roaming\Code\User\globalStorage\vexrobotics.vexcode\sdk\cpp\V5\V5_20240802_15_00_00/vexv5\libv5rt.a(vex_device.cpp.obj)
                0x03806e08                vex::device::~device()
                0x03806e08                vex::device::~device()
 .text._ZN3vex6device5valueEv
                0x03806e0c        0x8 c:\Users\robol\AppData\Roaming\Code\User\globalStorage\vexrobotics.vexcode\sdk\cpp\V5\V5_20240802_15_00_00/vexv5\libv5rt.a(vex_device.cpp.obj)
                0x03806e0c                vex::device::value()
 .text._ZN3vex6deviceD0Ev
                0x03806e14       0x14 c:\Users\robol\AppData\Roaming\Code\User\globalStorage\vexrobotics.vexcode\sdk\cpp\V5\V5_20240802_15_00_00/vexv5\libv5rt.a(vex_device.cpp.obj)
                0x03806e14                vex::device::~device()
 .text._ZN3vex6device4initEl
                0x03806e28       0x30 c:\Users\robol\AppData\Roaming\Code\User\globalStorage\vexrobotics.vexcode\sdk\cpp\V5\V5_20240802_15_00_00/vexv5\libv5rt.a(vex_device.cpp.obj)
                0x03806e28                vex::device::init(long)
 .text._ZN3vex6deviceC2El
                0x03806e58       0x20 c:\Users\robol\AppData\Roaming\Code\User\globalStorage\vexrobotics.vexcode\sdk\cpp\V5\V5_20240802_15_00_00/vexv5\libv5rt.a(vex_device.cpp.obj)
                0x03806e58                vex::device::device(long)
                0x03806e58                vex::device::device(long)
 .text._ZN3vex6device4typeEv
                0x03806e78       0x10 c:\Users\robol\AppData\Roaming\Code\User\globalStorage\vexrobotics.vexcode\sdk\cpp\V5\V5_20240802_15_00_00/vexv5\libv5rt.a(vex_device.cpp.obj)
                0x03806e78                vex::device::type()
 .text._ZN3vex6device9installedEv
                0x03806e88       0x14 c:\Users\robol\AppData\Roaming\Code\User\globalStorage\vexrobotics.vexcode\sdk\cpp\V5\V5_20240802_15_00_00/vexv5\libv5rt.a(vex_device.cpp.obj)
                0x03806e88                vex::device::installed()
 .text._ZN3vex5motorD2Ev
                0x03806e9c       0x20 c:\Users\robol\AppData\Roaming\Code\User\globalStorage\vexrobotics.vexcode\sdk\cpp\V5\V5_20240802_15_00_00/vexv5\libv5rt.a(vex_motor.cpp.obj)
                0x03806e9c                vex::motor::~motor()
                0x03806e9c                vex::motor::~motor()
 .text._ZN3vex5motorD0Ev
                0x03806ebc       0x1c c:\Users\robol\AppData\Roaming\Code\User\globalStorage\vexrobotics.vexcode\sdk\cpp\V5\V5_20240802_15_00_00/vexv5\libv5rt.a(vex_motor.cpp.obj)
                0x03806ebc                vex::motor::~motor()
 .text._ZN3vex5motor9installedEv
                0x03806ed8       0x18 c:\Users\robol\AppData\Roaming\Code\User\globalStorage\vexrobotics.vexcode\sdk\cpp\V5\V5_20240802_15_00_00/vexv5\libv5rt.a(vex_motor.cpp.obj)
                0x03806ed8                vex::motor::installed()
 .text._ZN3vex5motor15defaultStoppingENS_9brakeTypeE
                0x03806ef0       0x30 c:\Users\robol\AppData\Roaming\Code\User\globalStorage\vexrobotics.vexcode\sdk\cpp\V5\V5_20240802_15_00_00/vexv5\libv5rt.a(vex_motor.cpp.obj)
                0x03806ef0                vex::motor::defaultStopping(vex::brakeType)
 .text._ZN3vex5motorC2El
                0x03806f20       0x78 c:\Users\robol\AppData\Roaming\Code\User\globalStorage\vexrobotics.vexcode\sdk\cpp\V5\V5_20240802_15_00_00/vexv5\libv5rt.a(vex_motor.cpp.obj)
                0x03806f20                vex::motor::motor(long)
                0x03806f20                vex::motor::motor(long)
 .text._ZN3vex5motorC2ElNS_11gearSettingEb
                0x03806f98       0x34 c:\Users\robol\AppData\Roaming\Code\User\globalStorage\vexrobotics.vexcode\sdk\cpp\V5\V5_20240802_15_00_00/vexv5\libv5rt.a(vex_motor.cpp.obj)
                0x03806f98                vex::motor::motor(long, vex::gearSetting, bool)
                0x03806f98                vex::motor::motor(long, vex::gearSetting, bool)
 *fill*         0x03806fcc        0x4 
 .text._ZN3vex5motor4spinENS_13directionTypeEdNS_12voltageUnitsE
                0x03806fd0       0x50 c:\Users\robol\AppData\Roaming\Code\User\globalStorage\vexrobotics.vexcode\sdk\cpp\V5\V5_20240802_15_00_00/vexv5\libv5rt.a(vex_motor.cpp.obj)
                0x03806fd0                vex::motor::spin(vex::directionType, double, vex::voltageUnits)
 .text._ZN3vex5motor4stopENS_9brakeTypeE
                0x03807020       0x30 c:\Users\robol\AppData\Roaming\Code\User\globalStorage\vexrobotics.vexcode\sdk\cpp\V5\V5_20240802_15_00_00/vexv5\libv5rt.a(vex_motor.cpp.obj)
                0x03807020                vex::motor::stop(vex::brakeType)
 .text._ZN3vex5motor16velocityToScaledEdNS_13velocityUnitsE
                0x03807050       0x5c c:\Users\robol\AppData\Roaming\Code\User\globalStorage\vexrobotics.vexcode\sdk\cpp\V5\V5_20240802_15_00_00/vexv5\libv5rt.a(vex_motor.cpp.obj)
                0x03807050                vex::motor::velocityToScaled(double, vex::velocityUnits)
 .text._ZN3vex5motor8velocityENS_13velocityUnitsE
                0x038070ac       0x30 c:\Users\robol\AppData\Roaming\Code\User\globalStorage\vexrobotics.vexcode\sdk\cpp\V5\V5_20240802_15_00_00/vexv5\libv5rt.a(vex_motor.cpp.obj)
                0x038070ac                vex::motor::velocity(vex::velocityUnits)
 .text._ZN3vex5motor5valueEv
                0x038070dc       0x1c c:\Users\robol\AppData\Roaming\Code\User\globalStorage\vexrobotics.vexcode\sdk\cpp\V5\V5_20240802_15_00_00/vexv5\libv5rt.a(vex_motor.cpp.obj)
                0x038070dc                vex::motor::value()
 .text._ZN3vex5motor16scaledToVelocityEdNS_13velocityUnitsE
                0x038070f8       0xa4 c:\Users\robol\AppData\Roaming\Code\User\globalStorage\vexrobotics.vexcode\sdk\cpp\V5\V5_20240802_15_00_00/vexv5\libv5rt.a(vex_motor.cpp.obj)
                0x038070f8                vex::motor::scaledToVelocity(double, vex::velocityUnits)
 .text._ZN3vex5motor4spinENS_13directionTypeEdNS_13velocityUnitsE
                0x0380719c       0x5c c:\Users\robol\AppData\Roaming\Code\User\globalStorage\vexrobotics.vexcode\sdk\cpp\V5\V5_20240802_15_00_00/vexv5\libv5rt.a(vex_motor.cpp.obj)
                0x0380719c                vex::motor::spin(vex::directionType, double, vex::velocityUnits)
 .text._ZN3vex5motor4spinENS_13directionTypeE
                0x038071f8       0x28 c:\Users\robol\AppData\Roaming\Code\User\globalStorage\vexrobotics.vexcode\sdk\cpp\V5\V5_20240802_15_00_00/vexv5\libv5rt.a(vex_motor.cpp.obj)
                0x038071f8                vex::motor::spin(vex::directionType)
 .text._ZN3vex5motor11setVelocityEdNS_13velocityUnitsE
                0x03807220       0x54 c:\Users\robol\AppData\Roaming\Code\User\globalStorage\vexrobotics.vexcode\sdk\cpp\V5\V5_20240802_15_00_00/vexv5\libv5rt.a(vex_motor.cpp.obj)
                0x03807220                vex::motor::setVelocity(double, vex::velocityUnits)
 .text._ZN3vex5motor16setRotationUnitsENS_13rotationUnitsE
                0x03807274       0x1c c:\Users\robol\AppData\Roaming\Code\User\globalStorage\vexrobotics.vexcode\sdk\cpp\V5\V5_20240802_15_00_00/vexv5\libv5rt.a(vex_motor.cpp.obj)
                0x03807274                vex::motor::setRotationUnits(vex::rotationUnits)
 .text._ZN3vex5motor8positionENS_13rotationUnitsE
                0x03807290       0x44 c:\Users\robol\AppData\Roaming\Code\User\globalStorage\vexrobotics.vexcode\sdk\cpp\V5\V5_20240802_15_00_00/vexv5\libv5rt.a(vex_motor.cpp.obj)
                0x03807290                vex::motor::position(vex::rotationUnits)
 .text._ZN3vex8inertial11getTurnTypeEv
                0x038072d4        0x8 c:\Users\robol\AppData\Roaming\Code\User\globalStorage\vexrobotics.vexcode\sdk\cpp\V5\V5_20240802_15_00_00/vexv5\libv5rt.a(vex_imu.cpp.obj)
                0x038072d4                vex::inertial::getTurnType()
 .text._ZThn16_N3vex8inertial11getTurnTypeEv
                0x038072dc        0x8 c:\Users\robol\AppData\Roaming\Code\User\globalStorage\vexrobotics.vexcode\sdk\cpp\V5\V5_20240802_15_00_00/vexv5\libv5rt.a(vex_imu.cpp.obj)
                0x038072dc                non-virtual thunk to vex::inertial::getTurnType()
 *fill*         0x038072e4        0x4 
 .text._ZN3vex8inertial10setHeadingEdNS_13rotationUnitsE
                0x038072e8       0x58 c:\Users\robol\AppData\Roaming\Code\User\globalStorage\vexrobotics.vexcode\sdk\cpp\V5\V5_20240802_15_00_00/vexv5\libv5rt.a(vex_imu.cpp.obj)
                0x038072e8                vex::inertial::setHeading(double, vex::rotationUnits)
 .text._ZThn16_N3vex8inertial10setHeadingEdNS_13rotationUnitsE
                0x03807340        0x8 c:\Users\robol\AppData\Roaming\Code\User\globalStorage\vexrobotics.vexcode\sdk\cpp\V5\V5_20240802_15_00_00/vexv5\libv5rt.a(vex_imu.cpp.obj)
                0x03807340                non-virtual thunk to vex::inertial::setHeading(double, vex::rotationUnits)
 .text._ZN3vex8inertial11setRotationEdNS_13rotationUnitsE
                0x03807348       0x58 c:\Users\robol\AppData\Roaming\Code\User\globalStorage\vexrobotics.vexcode\sdk\cpp\V5\V5_20240802_15_00_00/vexv5\libv5rt.a(vex_imu.cpp.obj)
                0x03807348                vex::inertial::setRotation(double, vex::rotationUnits)
 .text._ZThn16_N3vex8inertial11setRotationEdNS_13rotationUnitsE
                0x038073a0        0x8 c:\Users\robol\AppData\Roaming\Code\User\globalStorage\vexrobotics.vexcode\sdk\cpp\V5\V5_20240802_15_00_00/vexv5\libv5rt.a(vex_imu.cpp.obj)
                0x038073a0                non-virtual thunk to vex::inertial::setRotation(double, vex::rotationUnits)
 .text._ZN3vex8inertialD2Ev
                0x038073a8       0x20 c:\Users\robol\AppData\Roaming\Code\User\globalStorage\vexrobotics.vexcode\sdk\cpp\V5\V5_20240802_15_00_00/vexv5\libv5rt.a(vex_imu.cpp.obj)
                0x038073a8                vex::inertial::~inertial()
                0x038073a8                vex::inertial::~inertial()
 .text._ZThn16_N3vex8inertialD1Ev
                0x038073c8        0x8 c:\Users\robol\AppData\Roaming\Code\User\globalStorage\vexrobotics.vexcode\sdk\cpp\V5\V5_20240802_15_00_00/vexv5\libv5rt.a(vex_imu.cpp.obj)
                0x038073c8                non-virtual thunk to vex::inertial::~inertial()
 .text._ZN3vex8inertialD0Ev
                0x038073d0       0x1c c:\Users\robol\AppData\Roaming\Code\User\globalStorage\vexrobotics.vexcode\sdk\cpp\V5\V5_20240802_15_00_00/vexv5\libv5rt.a(vex_imu.cpp.obj)
                0x038073d0                vex::inertial::~inertial()
 .text._ZThn16_N3vex8inertialD0Ev
                0x038073ec        0x8 c:\Users\robol\AppData\Roaming\Code\User\globalStorage\vexrobotics.vexcode\sdk\cpp\V5\V5_20240802_15_00_00/vexv5\libv5rt.a(vex_imu.cpp.obj)
                0x038073ec                non-virtual thunk to vex::inertial::~inertial()
 .text._ZN3vex8inertial9installedEv
                0x038073f4       0x18 c:\Users\robol\AppData\Roaming\Code\User\globalStorage\vexrobotics.vexcode\sdk\cpp\V5\V5_20240802_15_00_00/vexv5\libv5rt.a(vex_imu.cpp.obj)
                0x038073f4                vex::inertial::installed()
 .text._ZN3vex8inertial5angleENS_13rotationUnitsE
                0x0380740c       0x6c c:\Users\robol\AppData\Roaming\Code\User\globalStorage\vexrobotics.vexcode\sdk\cpp\V5\V5_20240802_15_00_00/vexv5\libv5rt.a(vex_imu.cpp.obj)
                0x0380740c                vex::inertial::angle(vex::rotationUnits)
 .text._ZThn16_N3vex8inertial5angleENS_13rotationUnitsE
                0x03807478        0x8 c:\Users\robol\AppData\Roaming\Code\User\globalStorage\vexrobotics.vexcode\sdk\cpp\V5\V5_20240802_15_00_00/vexv5\libv5rt.a(vex_imu.cpp.obj)
                0x03807478                non-virtual thunk to vex::inertial::angle(vex::rotationUnits)
 .text._ZN3vex8inertial7headingENS_13rotationUnitsE
                0x03807480        0x4 c:\Users\robol\AppData\Roaming\Code\User\globalStorage\vexrobotics.vexcode\sdk\cpp\V5\V5_20240802_15_00_00/vexv5\libv5rt.a(vex_imu.cpp.obj)
                0x03807480                vex::inertial::heading(vex::rotationUnits)
 .text._ZThn16_N3vex8inertial7headingENS_13rotationUnitsE
                0x03807484        0x8 c:\Users\robol\AppData\Roaming\Code\User\globalStorage\vexrobotics.vexcode\sdk\cpp\V5\V5_20240802_15_00_00/vexv5\libv5rt.a(vex_imu.cpp.obj)
                0x03807484                non-virtual thunk to vex::inertial::heading(vex::rotationUnits)
 .text._ZN3vex8inertial5valueEv
                0x0380748c       0x1c c:\Users\robol\AppData\Roaming\Code\User\globalStorage\vexrobotics.vexcode\sdk\cpp\V5\V5_20240802_15_00_00/vexv5\libv5rt.a(vex_imu.cpp.obj)
                0x0380748c                vex::inertial::value()
 .text._ZN3vex8inertial8rotationENS_13rotationUnitsE
                0x038074a8       0x48 c:\Users\robol\AppData\Roaming\Code\User\globalStorage\vexrobotics.vexcode\sdk\cpp\V5\V5_20240802_15_00_00/vexv5\libv5rt.a(vex_imu.cpp.obj)
                0x038074a8                vex::inertial::rotation(vex::rotationUnits)
 .text._ZThn16_N3vex8inertial8rotationENS_13rotationUnitsE
                0x038074f0        0x8 c:\Users\robol\AppData\Roaming\Code\User\globalStorage\vexrobotics.vexcode\sdk\cpp\V5\V5_20240802_15_00_00/vexv5\libv5rt.a(vex_imu.cpp.obj)
                0x038074f0                non-virtual thunk to vex::inertial::rotation(vex::rotationUnits)
 .text._ZN3vex8inertial13isCalibratingEv
                0x038074f8       0x38 c:\Users\robol\AppData\Roaming\Code\User\globalStorage\vexrobotics.vexcode\sdk\cpp\V5\V5_20240802_15_00_00/vexv5\libv5rt.a(vex_imu.cpp.obj)
                0x038074f8                vex::inertial::isCalibrating()
 .text._ZThn16_N3vex8inertial13isCalibratingEv
                0x03807530        0x8 c:\Users\robol\AppData\Roaming\Code\User\globalStorage\vexrobotics.vexcode\sdk\cpp\V5\V5_20240802_15_00_00/vexv5\libv5rt.a(vex_imu.cpp.obj)
                0x03807530                non-virtual thunk to vex::inertial::isCalibrating()
 .text._ZN3vex8inertialC2ElNS_8turnTypeE
                0x03807538       0x4c c:\Users\robol\AppData\Roaming\Code\User\globalStorage\vexrobotics.vexcode\sdk\cpp\V5\V5_20240802_15_00_00/vexv5\libv5rt.a(vex_imu.cpp.obj)
                0x03807538                vex::inertial::inertial(long, vex::turnType)
                0x03807538                vex::inertial::inertial(long, vex::turnType)
 .text._ZN3vex8inertial16startCalibrationEl
                0x03807584       0x20 c:\Users\robol\AppData\Roaming\Code\User\globalStorage\vexrobotics.vexcode\sdk\cpp\V5\V5_20240802_15_00_00/vexv5\libv5rt.a(vex_imu.cpp.obj)
                0x03807584                vex::inertial::startCalibration(long)
 .text._ZN3vex8inertial9calibrateEl
                0x038075a4        0xc c:\Users\robol\AppData\Roaming\Code\User\globalStorage\vexrobotics.vexcode\sdk\cpp\V5\V5_20240802_15_00_00/vexv5\libv5rt.a(vex_imu.cpp.obj)
                0x038075a4                vex::inertial::calibrate(long)
                0x038075a8                non-virtual thunk to vex::inertial::calibrate(long)
 .text._ZN3vex7opticalD2Ev
                0x038075b0       0x20 c:\Users\robol\AppData\Roaming\Code\User\globalStorage\vexrobotics.vexcode\sdk\cpp\V5\V5_20240802_15_00_00/vexv5\libv5rt.a(vex_optical.cpp.obj)
                0x038075b0                vex::optical::~optical()
                0x038075b0                vex::optical::~optical()
 .text._ZN3vex7opticalD0Ev
                0x038075d0       0x1c c:\Users\robol\AppData\Roaming\Code\User\globalStorage\vexrobotics.vexcode\sdk\cpp\V5\V5_20240802_15_00_00/vexv5\libv5rt.a(vex_optical.cpp.obj)
                0x038075d0                vex::optical::~optical()
 .text._ZN3vex7optical9installedEv
                0x038075ec       0x18 c:\Users\robol\AppData\Roaming\Code\User\globalStorage\vexrobotics.vexcode\sdk\cpp\V5\V5_20240802_15_00_00/vexv5\libv5rt.a(vex_optical.cpp.obj)
                0x038075ec                vex::optical::installed()
 .text._ZN3vex7optical3hueEv
                0x03807604        0x8 c:\Users\robol\AppData\Roaming\Code\User\globalStorage\vexrobotics.vexcode\sdk\cpp\V5\V5_20240802_15_00_00/vexv5\libv5rt.a(vex_optical.cpp.obj)
                0x03807604                vex::optical::hue()
 .text._ZN3vex7optical5valueEv
                0x0380760c       0x18 c:\Users\robol\AppData\Roaming\Code\User\globalStorage\vexrobotics.vexcode\sdk\cpp\V5\V5_20240802_15_00_00/vexv5\libv5rt.a(vex_optical.cpp.obj)
                0x0380760c                vex::optical::value()
 .text._ZN3vex7optical8setLightENS_8ledStateE
                0x03807624       0x18 c:\Users\robol\AppData\Roaming\Code\User\globalStorage\vexrobotics.vexcode\sdk\cpp\V5\V5_20240802_15_00_00/vexv5\libv5rt.a(vex_optical.cpp.obj)
                0x03807624                vex::optical::setLight(vex::ledState)
 .text._ZN3vex7optical13setLightPowerElNS_12percentUnitsE
                0x0380763c       0x2c c:\Users\robol\AppData\Roaming\Code\User\globalStorage\vexrobotics.vexcode\sdk\cpp\V5\V5_20240802_15_00_00/vexv5\libv5rt.a(vex_optical.cpp.obj)
                0x0380763c                vex::optical::setLightPower(long, vex::percentUnits)
 .text._ZN3vex7optical13gestureEnableEv
                0x03807668        0x8 c:\Users\robol\AppData\Roaming\Code\User\globalStorage\vexrobotics.vexcode\sdk\cpp\V5\V5_20240802_15_00_00/vexv5\libv5rt.a(vex_optical.cpp.obj)
                0x03807668                vex::optical::gestureEnable()
 .text._ZN3vex7optical14gestureDisableEv
                0x03807670        0x8 c:\Users\robol\AppData\Roaming\Code\User\globalStorage\vexrobotics.vexcode\sdk\cpp\V5\V5_20240802_15_00_00/vexv5\libv5rt.a(vex_optical.cpp.obj)
                0x03807670                vex::optical::gestureDisable()
 .text._ZN3vex7opticalC2Elb
                0x03807678       0x54 c:\Users\robol\AppData\Roaming\Code\User\globalStorage\vexrobotics.vexcode\sdk\cpp\V5\V5_20240802_15_00_00/vexv5\libv5rt.a(vex_optical.cpp.obj)
                0x03807678                vex::optical::optical(long, bool)
                0x03807678                vex::optical::optical(long, bool)
 .text._ZN3vex3gps11getTurnTypeEv
                0x038076cc        0x8 c:\Users\robol\AppData\Roaming\Code\User\globalStorage\vexrobotics.vexcode\sdk\cpp\V5\V5_20240802_15_00_00/vexv5\libv5rt.a(vex_gps.cpp.obj)
                0x038076cc                vex::gps::getTurnType()
 .text._ZThn16_N3vex3gps11getTurnTypeEv
                0x038076d4        0x8 c:\Users\robol\AppData\Roaming\Code\User\globalStorage\vexrobotics.vexcode\sdk\cpp\V5\V5_20240802_15_00_00/vexv5\libv5rt.a(vex_gps.cpp.obj)
                0x038076d4                non-virtual thunk to vex::gps::getTurnType()
 *fill*         0x038076dc        0x4 
 .text._ZN3vex3gps10setHeadingEdNS_13rotationUnitsE
                0x038076e0       0x58 c:\Users\robol\AppData\Roaming\Code\User\globalStorage\vexrobotics.vexcode\sdk\cpp\V5\V5_20240802_15_00_00/vexv5\libv5rt.a(vex_gps.cpp.obj)
                0x038076e0                vex::gps::setHeading(double, vex::rotationUnits)
 .text._ZThn16_N3vex3gps10setHeadingEdNS_13rotationUnitsE
                0x03807738        0x8 c:\Users\robol\AppData\Roaming\Code\User\globalStorage\vexrobotics.vexcode\sdk\cpp\V5\V5_20240802_15_00_00/vexv5\libv5rt.a(vex_gps.cpp.obj)
                0x03807738                non-virtual thunk to vex::gps::setHeading(double, vex::rotationUnits)
 .text._ZN3vex3gps11setRotationEdNS_13rotationUnitsE
                0x03807740       0x58 c:\Users\robol\AppData\Roaming\Code\User\globalStorage\vexrobotics.vexcode\sdk\cpp\V5\V5_20240802_15_00_00/vexv5\libv5rt.a(vex_gps.cpp.obj)
                0x03807740                vex::gps::setRotation(double, vex::rotationUnits)
 .text._ZThn16_N3vex3gps11setRotationEdNS_13rotationUnitsE
                0x03807798        0x8 c:\Users\robol\AppData\Roaming\Code\User\globalStorage\vexrobotics.vexcode\sdk\cpp\V5\V5_20240802_15_00_00/vexv5\libv5rt.a(vex_gps.cpp.obj)
                0x03807798                non-virtual thunk to vex::gps::setRotation(double, vex::rotationUnits)
 .text._ZN3vex3gpsD2Ev
                0x038077a0       0x20 c:\Users\robol\AppData\Roaming\Code\User\globalStorage\vexrobotics.vexcode\sdk\cpp\V5\V5_20240802_15_00_00/vexv5\libv5rt.a(vex_gps.cpp.obj)
                0x038077a0                vex::gps::~gps()
                0x038077a0                vex::gps::~gps()
 .text._ZThn16_N3vex3gpsD1Ev
                0x038077c0        0x8 c:\Users\robol\AppData\Roaming\Code\User\globalStorage\vexrobotics.vexcode\sdk\cpp\V5\V5_20240802_15_00_00/vexv5\libv5rt.a(vex_gps.cpp.obj)
                0x038077c0                non-virtual thunk to vex::gps::~gps()
 .text._ZN3vex3gpsD0Ev
                0x038077c8       0x1c c:\Users\robol\AppData\Roaming\Code\User\globalStorage\vexrobotics.vexcode\sdk\cpp\V5\V5_20240802_15_00_00/vexv5\libv5rt.a(vex_gps.cpp.obj)
                0x038077c8                vex::gps::~gps()
 .text._ZThn16_N3vex3gpsD0Ev
                0x038077e4        0x8 c:\Users\robol\AppData\Roaming\Code\User\globalStorage\vexrobotics.vexcode\sdk\cpp\V5\V5_20240802_15_00_00/vexv5\libv5rt.a(vex_gps.cpp.obj)
                0x038077e4                non-virtual thunk to vex::gps::~gps()
 .text._ZN3vex3gps9installedEv
                0x038077ec       0x18 c:\Users\robol\AppData\Roaming\Code\User\globalStorage\vexrobotics.vexcode\sdk\cpp\V5\V5_20240802_15_00_00/vexv5\libv5rt.a(vex_gps.cpp.obj)
                0x038077ec                vex::gps::installed()
 .text._ZN3vex3gps5angleENS_13rotationUnitsE
                0x03807804       0x84 c:\Users\robol\AppData\Roaming\Code\User\globalStorage\vexrobotics.vexcode\sdk\cpp\V5\V5_20240802_15_00_00/vexv5\libv5rt.a(vex_gps.cpp.obj)
                0x03807804                vex::gps::angle(vex::rotationUnits)
 .text._ZThn16_N3vex3gps5angleENS_13rotationUnitsE
                0x03807888        0x8 c:\Users\robol\AppData\Roaming\Code\User\globalStorage\vexrobotics.vexcode\sdk\cpp\V5\V5_20240802_15_00_00/vexv5\libv5rt.a(vex_gps.cpp.obj)
                0x03807888                non-virtual thunk to vex::gps::angle(vex::rotationUnits)
 .text._ZN3vex3gps7headingENS_13rotationUnitsE
                0x03807890        0x4 c:\Users\robol\AppData\Roaming\Code\User\globalStorage\vexrobotics.vexcode\sdk\cpp\V5\V5_20240802_15_00_00/vexv5\libv5rt.a(vex_gps.cpp.obj)
                0x03807890                vex::gps::heading(vex::rotationUnits)
 .text._ZThn16_N3vex3gps7headingENS_13rotationUnitsE
                0x03807894        0x8 c:\Users\robol\AppData\Roaming\Code\User\globalStorage\vexrobotics.vexcode\sdk\cpp\V5\V5_20240802_15_00_00/vexv5\libv5rt.a(vex_gps.cpp.obj)
                0x03807894                non-virtual thunk to vex::gps::heading(vex::rotationUnits)
 .text._ZN3vex3gps5valueEv
                0x0380789c       0x1c c:\Users\robol\AppData\Roaming\Code\User\globalStorage\vexrobotics.vexcode\sdk\cpp\V5\V5_20240802_15_00_00/vexv5\libv5rt.a(vex_gps.cpp.obj)
                0x0380789c                vex::gps::value()
 .text._ZN3vex3gps8rotationENS_13rotationUnitsE
                0x038078b8       0x60 c:\Users\robol\AppData\Roaming\Code\User\globalStorage\vexrobotics.vexcode\sdk\cpp\V5\V5_20240802_15_00_00/vexv5\libv5rt.a(vex_gps.cpp.obj)
                0x038078b8                vex::gps::rotation(vex::rotationUnits)
 .text._ZThn16_N3vex3gps8rotationENS_13rotationUnitsE
                0x03807918        0x8 c:\Users\robol\AppData\Roaming\Code\User\globalStorage\vexrobotics.vexcode\sdk\cpp\V5\V5_20240802_15_00_00/vexv5\libv5rt.a(vex_gps.cpp.obj)
                0x03807918                non-virtual thunk to vex::gps::rotation(vex::rotationUnits)
 .text._ZN3vex3gps13isCalibratingEv
                0x03807920       0x38 c:\Users\robol\AppData\Roaming\Code\User\globalStorage\vexrobotics.vexcode\sdk\cpp\V5\V5_20240802_15_00_00/vexv5\libv5rt.a(vex_gps.cpp.obj)
                0x03807920                vex::gps::isCalibrating()
 .text._ZThn16_N3vex3gps13isCalibratingEv
                0x03807958        0x8 c:\Users\robol\AppData\Roaming\Code\User\globalStorage\vexrobotics.vexcode\sdk\cpp\V5\V5_20240802_15_00_00/vexv5\libv5rt.a(vex_gps.cpp.obj)
                0x03807958                non-virtual thunk to vex::gps::isCalibrating()
 .text._ZN3vex3gps17setSensorRotationEd
                0x03807960        0x8 c:\Users\robol\AppData\Roaming\Code\User\globalStorage\vexrobotics.vexcode\sdk\cpp\V5\V5_20240802_15_00_00/vexv5\libv5rt.a(vex_gps.cpp.obj)
                0x03807960                vex::gps::setSensorRotation(double)
 .text._ZN3vex3gpsC2EldNS_8turnTypeE
                0x03807968       0x74 c:\Users\robol\AppData\Roaming\Code\User\globalStorage\vexrobotics.vexcode\sdk\cpp\V5\V5_20240802_15_00_00/vexv5\libv5rt.a(vex_gps.cpp.obj)
                0x03807968                vex::gps::gps(long, double, vex::turnType)
                0x03807968                vex::gps::gps(long, double, vex::turnType)
 *fill*         0x038079dc        0x4 
 .text._ZN3vex3gps9setOriginEddNS_13distanceUnitsE
                0x038079e0       0x68 c:\Users\robol\AppData\Roaming\Code\User\globalStorage\vexrobotics.vexcode\sdk\cpp\V5\V5_20240802_15_00_00/vexv5\libv5rt.a(vex_gps.cpp.obj)
                0x038079e0                vex::gps::setOrigin(double, double, vex::distanceUnits)
 .text._ZN3vex3gpsC2ElddNS_13distanceUnitsEdNS_8turnTypeE
                0x03807a48       0x4c c:\Users\robol\AppData\Roaming\Code\User\globalStorage\vexrobotics.vexcode\sdk\cpp\V5\V5_20240802_15_00_00/vexv5\libv5rt.a(vex_gps.cpp.obj)
                0x03807a48                vex::gps::gps(long, double, double, vex::distanceUnits, double, vex::turnType)
                0x03807a48                vex::gps::gps(long, double, double, vex::distanceUnits, double, vex::turnType)
 *fill*         0x03807a94        0x4 
 .text._ZN3vex3gps9xPositionENS_13distanceUnitsE
                0x03807a98       0x70 c:\Users\robol\AppData\Roaming\Code\User\globalStorage\vexrobotics.vexcode\sdk\cpp\V5\V5_20240802_15_00_00/vexv5\libv5rt.a(vex_gps.cpp.obj)
                0x03807a98                vex::gps::xPosition(vex::distanceUnits)
 .text._ZN3vex3gps9yPositionENS_13distanceUnitsE
                0x03807b08       0x70 c:\Users\robol\AppData\Roaming\Code\User\globalStorage\vexrobotics.vexcode\sdk\cpp\V5\V5_20240802_15_00_00/vexv5\libv5rt.a(vex_gps.cpp.obj)
                0x03807b08                vex::gps::yPosition(vex::distanceUnits)
 .text._ZN3vex3gps16startCalibrationEl
                0x03807b78       0x48 c:\Users\robol\AppData\Roaming\Code\User\globalStorage\vexrobotics.vexcode\sdk\cpp\V5\V5_20240802_15_00_00/vexv5\libv5rt.a(vex_gps.cpp.obj)
                0x03807b78                vex::gps::startCalibration(long)
 .text._ZN3vex3gps9calibrateEl
                0x03807bc0        0xc c:\Users\robol\AppData\Roaming\Code\User\globalStorage\vexrobotics.vexcode\sdk\cpp\V5\V5_20240802_15_00_00/vexv5\libv5rt.a(vex_gps.cpp.obj)
                0x03807bc0                vex::gps::calibrate(long)
                0x03807bc4                non-virtual thunk to vex::gps::calibrate(long)
 .text._ZN3vex10controllerD2Ev
                0x03807bcc        0x4 c:\Users\robol\AppData\Roaming\Code\User\globalStorage\vexrobotics.vexcode\sdk\cpp\V5\V5_20240802_15_00_00/vexv5\libv5rt.a(vex_controller.cpp.obj)
                0x03807bcc                vex::controller::~controller()
                0x03807bcc                vex::controller::~controller()
 .text._ZN3vex10controller5valueE19_V5_ControllerIndex
                0x03807bd0        0x8 c:\Users\robol\AppData\Roaming\Code\User\globalStorage\vexrobotics.vexcode\sdk\cpp\V5\V5_20240802_15_00_00/vexv5\libv5rt.a(vex_controller.cpp.obj)
                0x03807bd0                vex::controller::value(_V5_ControllerIndex)
 .text._ZNK3vex10controller6button8pressingEv
                0x03807bd8       0xc8 c:\Users\robol\AppData\Roaming\Code\User\globalStorage\vexrobotics.vexcode\sdk\cpp\V5\V5_20240802_15_00_00/vexv5\libv5rt.a(vex_controller.cpp.obj)
                0x03807bd8                vex::controller::button::pressing() const
 .text._ZNK3vex10controller6button21_buttonToPressedEventEv
                0x03807ca0       0x20 c:\Users\robol\AppData\Roaming\Code\User\globalStorage\vexrobotics.vexcode\sdk\cpp\V5\V5_20240802_15_00_00/vexv5\libv5rt.a(vex_controller.cpp.obj)
                0x03807ca0                vex::controller::button::_buttonToPressedEvent() const
 .text._ZNK3vex10controller6button22_buttonToReleasedEventEv
                0x03807cc0       0x20 c:\Users\robol\AppData\Roaming\Code\User\globalStorage\vexrobotics.vexcode\sdk\cpp\V5\V5_20240802_15_00_00/vexv5\libv5rt.a(vex_controller.cpp.obj)
                0x03807cc0                vex::controller::button::_buttonToReleasedEvent() const
 .text._ZN3vex10controller6buttonC2ENS0_11tButtonTypeEPS0_
                0x03807ce0       0x48 c:\Users\robol\AppData\Roaming\Code\User\globalStorage\vexrobotics.vexcode\sdk\cpp\V5\V5_20240802_15_00_00/vexv5\libv5rt.a(vex_controller.cpp.obj)
                0x03807ce0                vex::controller::button::button(vex::controller::tButtonType, vex::controller*)
                0x03807ce0                vex::controller::button::button(vex::controller::tButtonType, vex::controller*)
 .text._ZNK3vex10controller4axis5valueEv
                0x03807d28       0x58 c:\Users\robol\AppData\Roaming\Code\User\globalStorage\vexrobotics.vexcode\sdk\cpp\V5\V5_20240802_15_00_00/vexv5\libv5rt.a(vex_controller.cpp.obj)
                0x03807d28                vex::controller::axis::value() const
 .text._ZNK3vex10controller4axis8positionENS_12percentUnitsE
                0x03807d80       0x1c c:\Users\robol\AppData\Roaming\Code\User\globalStorage\vexrobotics.vexcode\sdk\cpp\V5\V5_20240802_15_00_00/vexv5\libv5rt.a(vex_controller.cpp.obj)
                0x03807d80                vex::controller::axis::position(vex::percentUnits) const
 .text._ZNK3vex10controller4axis23_joystickToChangedEventEv
                0x03807d9c       0x20 c:\Users\robol\AppData\Roaming\Code\User\globalStorage\vexrobotics.vexcode\sdk\cpp\V5\V5_20240802_15_00_00/vexv5\libv5rt.a(vex_controller.cpp.obj)
                0x03807d9c                vex::controller::axis::_joystickToChangedEvent() const
 .text._ZN3vex10controller4axisC2ENS0_9tAxisTypeEPS0_
                0x03807dbc       0x2c c:\Users\robol\AppData\Roaming\Code\User\globalStorage\vexrobotics.vexcode\sdk\cpp\V5\V5_20240802_15_00_00/vexv5\libv5rt.a(vex_controller.cpp.obj)
                0x03807dbc                vex::controller::axis::axis(vex::controller::tAxisType, vex::controller*)
                0x03807dbc                vex::controller::axis::axis(vex::controller::tAxisType, vex::controller*)
 .text._ZN3vex10controllerC2ENS_14controllerTypeE
                0x03807de8      0x16c c:\Users\robol\AppData\Roaming\Code\User\globalStorage\vexrobotics.vexcode\sdk\cpp\V5\V5_20240802_15_00_00/vexv5\libv5rt.a(vex_controller.cpp.obj)
                0x03807de8                vex::controller::controller(vex::controllerType)
                0x03807de8                vex::controller::controller(vex::controllerType)
 .text._ZN3vex4taskC2EPFivE
                0x03807f54       0x5c c:\Users\robol\AppData\Roaming\Code\User\globalStorage\vexrobotics.vexcode\sdk\cpp\V5\V5_20240802_15_00_00/vexv5\libv5rt.a(vex_task.cpp.obj)
                0x03807f54                vex::task::task(int (*)())
                0x03807f54                vex::task::task(int (*)())
 .text._ZN3vex4taskD2Ev
                0x03807fb0        0x4 c:\Users\robol\AppData\Roaming\Code\User\globalStorage\vexrobotics.vexcode\sdk\cpp\V5\V5_20240802_15_00_00/vexv5\libv5rt.a(vex_task.cpp.obj)
                0x03807fb0                vex::task::~task()
                0x03807fb0                vex::task::~task()
 .text._ZN3vex4task4stopEPvi
                0x03807fb4       0x1c c:\Users\robol\AppData\Roaming\Code\User\globalStorage\vexrobotics.vexcode\sdk\cpp\V5\V5_20240802_15_00_00/vexv5\libv5rt.a(vex_task.cpp.obj)
                0x03807fb4                vex::task::stop(void*, int)
 .text._ZN3vex4task5sleepEm
                0x03807fd0        0x4 c:\Users\robol\AppData\Roaming\Code\User\globalStorage\vexrobotics.vexcode\sdk\cpp\V5\V5_20240802_15_00_00/vexv5\libv5rt.a(vex_task.cpp.obj)
                0x03807fd0                vex::task::sleep(unsigned long)
 .text._ZN3vex4task6_indexEPFivE
                0x03807fd4       0x14 c:\Users\robol\AppData\Roaming\Code\User\globalStorage\vexrobotics.vexcode\sdk\cpp\V5\V5_20240802_15_00_00/vexv5\libv5rt.a(vex_task.cpp.obj)
                0x03807fd4                vex::task::_index(int (*)())
 .text._ZN3vex4task8_stopAllEv
                0x03807fe8       0x3c c:\Users\robol\AppData\Roaming\Code\User\globalStorage\vexrobotics.vexcode\sdk\cpp\V5\V5_20240802_15_00_00/vexv5\libv5rt.a(vex_task.cpp.obj)
                0x03807fe8                vex::task::_stopAll()
 .text._ZN3vex6threadC2EPFivE
                0x03808024       0x5c c:\Users\robol\AppData\Roaming\Code\User\globalStorage\vexrobotics.vexcode\sdk\cpp\V5\V5_20240802_15_00_00/vexv5\libv5rt.a(vex_thread.cpp.obj)
                0x03808024                vex::thread::thread(int (*)())
                0x03808024                vex::thread::thread(int (*)())
 .text._ZN3vex6threadC2EPFiPvES1_
                0x03808080       0x5c c:\Users\robol\AppData\Roaming\Code\User\globalStorage\vexrobotics.vexcode\sdk\cpp\V5\V5_20240802_15_00_00/vexv5\libv5rt.a(vex_thread.cpp.obj)
                0x03808080                vex::thread::thread(int (*)(void*), void*)
                0x03808080                vex::thread::thread(int (*)(void*), void*)
 .text._ZN3vex6threadD2Ev
                0x038080dc        0x4 c:\Users\robol\AppData\Roaming\Code\User\globalStorage\vexrobotics.vexcode\sdk\cpp\V5\V5_20240802_15_00_00/vexv5\libv5rt.a(vex_thread.cpp.obj)
                0x038080dc                vex::thread::~thread()
                0x038080dc                vex::thread::~thread()
 .text._ZN3vex6thread11setPriorityEl
                0x038080e0       0x1c c:\Users\robol\AppData\Roaming\Code\User\globalStorage\vexrobotics.vexcode\sdk\cpp\V5\V5_20240802_15_00_00/vexv5\libv5rt.a(vex_thread.cpp.obj)
                0x038080e0                vex::thread::setPriority(long)
 .text._ZN3vex11this_thread5yieldEv
                0x038080fc        0x4 c:\Users\robol\AppData\Roaming\Code\User\globalStorage\vexrobotics.vexcode\sdk\cpp\V5\V5_20240802_15_00_00/vexv5\libv5rt.a(vex_thread.cpp.obj)
                0x038080fc                vex::this_thread::yield()
 .text._ZN3vex11this_thread9sleep_forEm
                0x03808100        0x4 c:\Users\robol\AppData\Roaming\Code\User\globalStorage\vexrobotics.vexcode\sdk\cpp\V5\V5_20240802_15_00_00/vexv5\libv5rt.a(vex_thread.cpp.obj)
                0x03808100                vex::this_thread::sleep_for(unsigned long)
 .text._ZN3vex5mutexC2Ev
                0x03808104       0x1c c:\Users\robol\AppData\Roaming\Code\User\globalStorage\vexrobotics.vexcode\sdk\cpp\V5\V5_20240802_15_00_00/vexv5\libv5rt.a(vex_thread.cpp.obj)
                0x03808104                vex::mutex::mutex()
                0x03808104                vex::mutex::mutex()
 .text._ZN3vex5mutexD2Ev
                0x03808120        0x4 c:\Users\robol\AppData\Roaming\Code\User\globalStorage\vexrobotics.vexcode\sdk\cpp\V5\V5_20240802_15_00_00/vexv5\libv5rt.a(vex_thread.cpp.obj)
                0x03808120                vex::mutex::~mutex()
                0x03808120                vex::mutex::~mutex()
 .text._ZN3vex5mutex4lockEv
                0x03808124        0x8 c:\Users\robol\AppData\Roaming\Code\User\globalStorage\vexrobotics.vexcode\sdk\cpp\V5\V5_20240802_15_00_00/vexv5\libv5rt.a(vex_thread.cpp.obj)
                0x03808124                vex::mutex::lock()
 .text._ZN3vex5mutex6unlockEv
                0x0380812c        0x4 c:\Users\robol\AppData\Roaming\Code\User\globalStorage\vexrobotics.vexcode\sdk\cpp\V5\V5_20240802_15_00_00/vexv5\libv5rt.a(vex_thread.cpp.obj)
                0x0380812c                vex::mutex::unlock()
 .text._ZN3vex5event4initEmmPFvvE
                0x03808130        0x4 c:\Users\robol\AppData\Roaming\Code\User\globalStorage\vexrobotics.vexcode\sdk\cpp\V5\V5_20240802_15_00_00/vexv5\libv5rt.a(vex_event.cpp.obj)
                0x03808130                vex::event::init(unsigned long, unsigned long, void (*)())
 .text._ZN3vex5event4initEmmPFvPvES1_
                0x03808134        0x4 c:\Users\robol\AppData\Roaming\Code\User\globalStorage\vexrobotics.vexcode\sdk\cpp\V5\V5_20240802_15_00_00/vexv5\libv5rt.a(vex_event.cpp.obj)
                0x03808134                vex::event::init(unsigned long, unsigned long, void (*)(void*), void*)
 .text._ZN3vex5event9userindexEv
                0x03808138        0x4 c:\Users\robol\AppData\Roaming\Code\User\globalStorage\vexrobotics.vexcode\sdk\cpp\V5\V5_20240802_15_00_00/vexv5\libv5rt.a(vex_event.cpp.obj)
                0x03808138                vex::event::userindex()
 .text._ZZN3vex6meventC4EmmENUlvE_4_FUNEv
                0x0380813c        0x4 c:\Users\robol\AppData\Roaming\Code\User\globalStorage\vexrobotics.vexcode\sdk\cpp\V5\V5_20240802_15_00_00/vexv5\libv5rt.a(vex_mevent.cpp.obj)
 .text._ZN3vex6meventC2Emm
                0x03808140       0x70 c:\Users\robol\AppData\Roaming\Code\User\globalStorage\vexrobotics.vexcode\sdk\cpp\V5\V5_20240802_15_00_00/vexv5\libv5rt.a(vex_mevent.cpp.obj)
                0x03808140                vex::mevent::mevent(unsigned long, unsigned long)
                0x03808140                vex::mevent::mevent(unsigned long, unsigned long)
 .text._ZN3vex5brain9_getIndexEv
                0x038081b0       0x10 c:\Users\robol\AppData\Roaming\Code\User\globalStorage\vexrobotics.vexcode\sdk\cpp\V5\V5_20240802_15_00_00/vexv5\libv5rt.a(vex_brain.cpp.obj)
                0x038081b0                vex::brain::_getIndex()
 .text._ZN3vex5brain3lcd9setCursorEll
                0x038081c0       0x44 c:\Users\robol\AppData\Roaming\Code\User\globalStorage\vexrobotics.vexcode\sdk\cpp\V5\V5_20240802_15_00_00/vexv5\libv5rt.a(vex_brain.cpp.obj)
                0x038081c0                vex::brain::lcd::setCursor(long, long)
 .text._ZN3vex5brain3lcd7setFontENS_8fontTypeE
                0x03808204      0x23c c:\Users\robol\AppData\Roaming\Code\User\globalStorage\vexrobotics.vexcode\sdk\cpp\V5\V5_20240802_15_00_00/vexv5\libv5rt.a(vex_brain.cpp.obj)
                0x03808204                vex::brain::lcd::setFont(vex::fontType)
 .text._ZN3vex5brain3lcdC2Ev
                0x03808440       0x94 c:\Users\robol\AppData\Roaming\Code\User\globalStorage\vexrobotics.vexcode\sdk\cpp\V5\V5_20240802_15_00_00/vexv5\libv5rt.a(vex_brain.cpp.obj)
                0x03808440                vex::brain::lcd::lcd()
                0x03808440                vex::brain::lcd::lcd()
 .text._ZN3vex5brainC2Ev
                0x038084d4       0x3c c:\Users\robol\AppData\Roaming\Code\User\globalStorage\vexrobotics.vexcode\sdk\cpp\V5\V5_20240802_15_00_00/vexv5\libv5rt.a(vex_brain.cpp.obj)
                0x038084d4                vex::brain::brain()
                0x038084d4                vex::brain::brain()
 .text._ZN3vex5brain3lcd11setPenColorERKNS_5colorE
                0x03808510       0x14 c:\Users\robol\AppData\Roaming\Code\User\globalStorage\vexrobotics.vexcode\sdk\cpp\V5\V5_20240802_15_00_00/vexv5\libv5rt.a(vex_brain.cpp.obj)
                0x03808510                vex::brain::lcd::setPenColor(vex::color const&)
 .text._ZN3vex5brain3lcd12setFillColorERKNS_5colorE
                0x03808524       0x38 c:\Users\robol\AppData\Roaming\Code\User\globalStorage\vexrobotics.vexcode\sdk\cpp\V5\V5_20240802_15_00_00/vexv5\libv5rt.a(vex_brain.cpp.obj)
                0x03808524                vex::brain::lcd::setFillColor(vex::color const&)
 .text._ZN3vex5brain3lcd7printAtEllPKcz
                0x0380855c       0x54 c:\Users\robol\AppData\Roaming\Code\User\globalStorage\vexrobotics.vexcode\sdk\cpp\V5\V5_20240802_15_00_00/vexv5\libv5rt.a(vex_brain.cpp.obj)
                0x0380855c                vex::brain::lcd::printAt(long, long, char const*, ...)
 .text._ZN3vex5brain3lcd12_clearScreenEm
                0x038085b0       0x38 c:\Users\robol\AppData\Roaming\Code\User\globalStorage\vexrobotics.vexcode\sdk\cpp\V5\V5_20240802_15_00_00/vexv5\libv5rt.a(vex_brain.cpp.obj)
                0x038085b0                vex::brain::lcd::_clearScreen(unsigned long)
 .text._ZN3vex5brain3lcd11clearScreenERKNS_5colorE
                0x038085e8       0x20 c:\Users\robol\AppData\Roaming\Code\User\globalStorage\vexrobotics.vexcode\sdk\cpp\V5\V5_20240802_15_00_00/vexv5\libv5rt.a(vex_brain.cpp.obj)
                0x038085e8                vex::brain::lcd::clearScreen(vex::color const&)
 .text._ZN3vex5brain3lcd11clearScreenEv
                0x03808608       0x2c c:\Users\robol\AppData\Roaming\Code\User\globalStorage\vexrobotics.vexcode\sdk\cpp\V5\V5_20240802_15_00_00/vexv5\libv5rt.a(vex_brain.cpp.obj)
                0x03808608                vex::brain::lcd::clearScreen()
 .text._ZN3vex5brain3lcd13drawRectangleEiiii
                0x03808634       0xdc c:\Users\robol\AppData\Roaming\Code\User\globalStorage\vexrobotics.vexcode\sdk\cpp\V5\V5_20240802_15_00_00/vexv5\libv5rt.a(vex_brain.cpp.obj)
                0x03808634                vex::brain::lcd::drawRectangle(int, int, int, int)
 .text._ZN3vex5brain3lcd14_drawRectangleEiiiim
                0x03808710       0x74 c:\Users\robol\AppData\Roaming\Code\User\globalStorage\vexrobotics.vexcode\sdk\cpp\V5\V5_20240802_15_00_00/vexv5\libv5rt.a(vex_brain.cpp.obj)
                0x03808710                vex::brain::lcd::_drawRectangle(int, int, int, int, unsigned long)
 .text._ZN3vex5brain3lcd13drawRectangleEiiiiRKNS_5colorE
                0x03808784       0x68 c:\Users\robol\AppData\Roaming\Code\User\globalStorage\vexrobotics.vexcode\sdk\cpp\V5\V5_20240802_15_00_00/vexv5\libv5rt.a(vex_brain.cpp.obj)
                0x03808784                vex::brain::lcd::drawRectangle(int, int, int, int, vex::color const&)
 .text._ZN3vex5brain3lcd6renderEv
                0x038087ec        0xc c:\Users\robol\AppData\Roaming\Code\User\globalStorage\vexrobotics.vexcode\sdk\cpp\V5\V5_20240802_15_00_00/vexv5\libv5rt.a(vex_brain.cpp.obj)
                0x038087ec                vex::brain::lcd::render()
 .text._ZN3vex5brain3lcd13setClipRegionEiiii
                0x038087f8       0x34 c:\Users\robol\AppData\Roaming\Code\User\globalStorage\vexrobotics.vexcode\sdk\cpp\V5\V5_20240802_15_00_00/vexv5\libv5rt.a(vex_brain.cpp.obj)
                0x038087f8                vex::brain::lcd::setClipRegion(int, int, int, int)
 .text._ZN3vex5brainD2Ev
                0x0380882c       0x20 c:\Users\robol\AppData\Roaming\Code\User\globalStorage\vexrobotics.vexcode\sdk\cpp\V5\V5_20240802_15_00_00/vexv5\libv5rt.a(vex_brain.cpp.obj)
                0x0380882c                vex::brain::~brain()
                0x0380882c                vex::brain::~brain()
 .text._ZN3vex11competition8_disableEPv