Archive member included because of file (symbol)

c:\Users\robol\AppData\Roaming\Code\User\globalStorage\vexrobotics.vexcode\sdk\cpp\V5\V5_20240802_15_00_00/vexv5\libv5rt.a(v5_startup.c.obj)
                              (vexStartup)
c:\Users\robol\AppData\Roaming\Code\User\globalStorage\vexrobotics.vexcode\sdk\cpp\V5\V5_20240802_15_00_00/vexv5\libv5rt.a(v5_util.c.obj)
                              c:\Users\robol\AppData\Roaming\Code\User\globalStorage\vexrobotics.vexcode\sdk\cpp\V5\V5_20240802_15_00_00/vexv5\libv5rt.a(v5_startup.c.obj) (vexStdlibVersionLinked)
c:\Users\robol\AppData\Roaming\Code\User\globalStorage\vexrobotics.vexcode\sdk\cpp\V5\V5_20240802_15_00_00/vexv5\libv5rt.a(v5_apijump.c.obj)
                              c:\Users\robol\AppData\Roaming\Code\User\globalStorage\vexrobotics.vexcode\sdk\cpp\V5\V5_20240802_15_00_00/vexv5\libv5rt.a(v5_startup.c.obj) (vexPrivateApiEnable)
c:\Users\robol\AppData\Roaming\Code\User\globalStorage\vexrobotics.vexcode\sdk\cpp\V5\V5_20240802_15_00_00/vexv5\libv5rt.a(v5_apiversions.c.obj)
                              c:\Users\robol\AppData\Roaming\Code\User\globalStorage\vexrobotics.vexcode\sdk\cpp\V5\V5_20240802_15_00_00/vexv5\libv5rt.a(v5_apijump.c.obj) (vexSystemVersion)
c:\Users\robol\AppData\Roaming\Code\User\globalStorage\vexrobotics.vexcode\sdk\cpp\V5\V5_20240802_15_00_00/vexv5\libv5rt.a(vex_global.cpp.obj)
                              build/src/ai_functions.o (vex::wait(double, vex::timeUnits))
c:\Users\robol\AppData\Roaming\Code\User\globalStorage\vexrobotics.vexcode\sdk\cpp\V5\V5_20240802_15_00_00/vexv5\libv5rt.a(vex_device.cpp.obj)
                              build/src/ai_robot_link.o (vex::device::value())
c:\Users\robol\AppData\Roaming\Code\User\globalStorage\vexrobotics.vexcode\sdk\cpp\V5\V5_20240802_15_00_00/vexv5\libv5rt.a(vex_motor.cpp.obj)
                              build/src/robot-config.o (vex::motor::~motor())
c:\Users\robol\AppData\Roaming\Code\User\globalStorage\vexrobotics.vexcode\sdk\cpp\V5\V5_20240802_15_00_00/vexv5\libv5rt.a(vex_imu.cpp.obj)
                              build/src/robot-config.o (vex::inertial::setHeading(double, vex::rotationUnits))
c:\Users\robol\AppData\Roaming\Code\User\globalStorage\vexrobotics.vexcode\sdk\cpp\V5\V5_20240802_15_00_00/vexv5\libv5rt.a(vex_optical.cpp.obj)
                              build/src/robot-config.o (vex::optical::~optical())
c:\Users\robol\AppData\Roaming\Code\User\globalStorage\vexrobotics.vexcode\sdk\cpp\V5\V5_20240802_15_00_00/vexv5\libv5rt.a(vex_gps.cpp.obj)
                              build/src/robot-config.o (vex::gps::~gps())
c:\Users\robol\AppData\Roaming\Code\User\globalStorage\vexrobotics.vexcode\sdk\cpp\V5\V5_20240802_15_00_00/vexv5\libv5rt.a(vex_controller.cpp.obj)
                              build/src/robot-config.o (vex::controller::~controller())
c:\Users\robol\AppData\Roaming\Code\User\globalStorage\vexrobotics.vexcode\sdk\cpp\V5\V5_20240802_15_00_00/vexv5\libv5rt.a(vex_task.cpp.obj)
                              build/src/JAR-Template/drive.o (vex::task::sleep(unsigned long))
c:\Users\robol\AppData\Roaming\Code\User\globalStorage\vexrobotics.vexcode\sdk\cpp\V5\V5_20240802_15_00_00/vexv5\libv5rt.a(vex_thread.cpp.obj)
                              build/src/main.o (vex::thread::thread(int (*)()))
c:\Users\robol\AppData\Roaming\Code\User\globalStorage\vexrobotics.vexcode\sdk\cpp\V5\V5_20240802_15_00_00/vexv5\libv5rt.a(vex_event.cpp.obj)
                              c:\Users\robol\AppData\Roaming\Code\User\globalStorage\vexrobotics.vexcode\sdk\cpp\V5\V5_20240802_15_00_00/vexv5\libv5rt.a(vex_imu.cpp.obj) (vex::event::init(unsigned long, unsigned long, void (*)()))
c:\Users\robol\AppData\Roaming\Code\User\globalStorage\vexrobotics.vexcode\sdk\cpp\V5\V5_20240802_15_00_00/vexv5\libv5rt.a(vex_mevent.cpp.obj)
                              c:\Users\robol\AppData\Roaming\Code\User\globalStorage\vexrobotics.vexcode\sdk\cpp\V5\V5_20240802_15_00_00/vexv5\libv5rt.a(vex_controller.cpp.obj) (vex::mevent::mevent(unsigned long, unsigned long))
c:\Users\robol\AppData\Roaming\Code\User\globalStorage\vexrobotics.vexcode\sdk\cpp\V5\V5_20240802_15_00_00/vexv5\libv5rt.a(vex_brain.cpp.obj)
                              build/src/robot-config.o (vex::brain::lcd::setCursor(long, long))
c:\Users\robol\AppData\Roaming\Code\User\globalStorage\vexrobotics.vexcode\sdk\cpp\V5\V5_20240802_15_00_00/vexv5\libv5rt.a(vex_competition.cpp.obj)
                              build/src/main.o (vex::competition::competition())
c:\Users\robol\AppData\Roaming\Code\User\globalStorage\vexrobotics.vexcode\sdk\cpp\V5\V5_20240802_15_00_00/vexv5\libv5rt.a(vex_triport.cpp.obj)
                              c:\Users\robol\AppData\Roaming\Code\User\globalStorage\vexrobotics.vexcode\sdk\cpp\V5\V5_20240802_15_00_00/vexv5\libv5rt.a(vex_brain.cpp.obj) (vex::triport::~triport())
c:\Users\robol\AppData\Roaming\Code\User\globalStorage\vexrobotics.vexcode\sdk\cpp\V5\V5_20240802_15_00_00/vexv5\libv5rt.a(vex_color.cpp.obj)
[...]
Memory Configuration

Name             Origin             Length             Attributes
ps7_ddr_0_S_AXI_BASEADDR 0x03800000         0x04800000
*default*        0x00000000         0xffffffff

Linker script and memory map

                0x00002000                _STACK_SIZE = DEFINED (_STACK_SIZE)?_STACK_SIZE:0x2000
                0x00100000                _HEAP_SIZE = DEFINED (_HEAP_SIZE)?_HEAP_SIZE:0x100000
                0x00000400                _ABORT_STACK_SIZE = DEFINED (_ABORT_STACK_SIZE)?_ABORT_STACK_SIZE:0x400
                0x00000800                _SUPERVISOR_STACK_SIZE = DEFINED (_SUPERVISOR_STACK_SIZE)?_SUPERVISOR_STACK_SIZE:0x800
                0x00000400                _IRQ_STACK_SIZE = DEFINED (_IRQ_STACK_SIZE)?_IRQ_STACK_SIZE:0x400
                0x00000400                _FIQ_STACK_SIZE = DEFINED (_FIQ_STACK_SIZE)?_FIQ_STACK_SIZE:0x400
                0x00000400                _UNDEF_STACK_SIZE = DEFINED (_UNDEF_STACK_SIZE)?_UNDEF_STACK_SIZE:0x400

.text           0x03800000     0x9838
 *(.vectors)
 *(.boot_data)
 .boot_data     0x03800000       0x20 c:\Users\robol\AppData\Roaming\Code\User\globalStorage\vexrobotics.vexcode\sdk\cpp\V5\V5_20240802_15_00_00/vexv5\libv5rt.a(v5_startup.c.obj)
                0x03800000                vexCodeSig
                0x00000020                . = 0x20
 *(.boot)
 .boot          0x03800020       0xbc c:\Users\robol\AppData\Roaming\Code\User\globalStorage\vexrobotics.vexcode\sdk\cpp\V5\V5_20240802_15_00_00/vexv5\libv5rt.a(v5_startup.c.obj)
                0x03800020                vexStartup
                0x03800100                . = ALIGN (0x40)
 *fill*         0x038000dc       0x24 
 *(.freertos_vectors)
 *(.text)
 .text          0x03800100       0x3a c:\Users\robol\AppData\Roaming\Code\User\globalStorage\vexrobotics.vexcode\sdk\cpp\V5\V5_20240802_15_00_00/vexv5/gcc/libs\libc.a(lib_a-aeabi_memmove-soft.o)
                0x03800100                __aeabi_memmove4
                0x03800100                __aeabi_memmove
                0x03800100                __aeabi_memmove8
 .text          0x0380013a       0x9a c:\Users\robol\AppData\Roaming\Code\User\globalStorage\vexrobotics.vexcode\sdk\cpp\V5\V5_20240802_15_00_00/vexv5/gcc/libs\libc.a(lib_a-aeabi_memset-soft.o)
                0x0380013a                __aeabi_memset8
                0x0380013a                __aeabi_memset
                0x0380013a                __aeabi_memset4
 *(.text.*)
 .text._ZN7DualGPSC2ERN3vex3gpsES2_RNS0_8inertialENS0_13distanceUnitsE
                0x038001d4       0x44 build/src/DualGPS.o
                0x038001d4                DualGPS::DualGPS(vex::gps&, vex::gps&, vex::inertial&, vex::distanceUnits)
                0x038001d4                DualGPS::DualGPS(vex::gps&, vex::gps&, vex::inertial&, vex::distanceUnits)
 .text._ZN7DualGPS12updateThreadEPv
                0x03800218       0x20 build/src/DualGPS.o
                0x03800218                DualGPS::updateThread(void*)
 .text._ZN7DualGPS14updatePositionEv
                0x03800238      0x274 build/src/DualGPS.o
                0x03800238                DualGPS::updatePosition()
 .text._GLOBAL__sub_I_DualGPS.cpp
                0x038004ac       0x34 build/src/DualGPS.o
 .text._Z11usercontrolv
                0x038004e0        0x4 build/src/main.o
                0x038004e0                usercontrol()
 .text._Z16auto_Interactionv
                0x038004e4       0x14 build/src/main.o
                0x038004e4                auto_Interaction()
 .text.main     0x038004f8       0xfc build/src/main.o
                0x038004f8                main
 .text._GLOBAL__sub_I_main.cpp
                0x038005f4       0x5c build/src/main.o
 .text._ZN5FieldC2Edddd
                0x03800650      0x388 build/src/field.o
                0x03800650                Field::Field(double, double, double, double)
                0x03800650                Field::Field(double, double, double, double)
 .text._ZNSt6vectorIPK5PointSaIS2_EE13_M_assign_auxIPKS2_EEvT_S8_St20forward_iterator_tag
                0x038009d8       0xf8 build/src/field.o
                0x038009d8                void std::vector<Point const*, std::allocator<Point const*> >::_M_assign_aux<Point const* const*>(Point const* const*, Point const* const*, std::forward_iterator_tag)
 .text._ZNSt12_Vector_baseIPK5PointSaIS2_EE11_M_allocateEj
                0x03800ad0       0x30 build/src/field.o
                0x03800ad0                std::_Vector_base<Point const*, std::allocator<Point const*> >::_M_allocate(unsigned int)
 .text._ZNSt6vectorIP5PointSaIS1_EE13_M_assign_auxIPKS1_EEvT_S7_St20forward_iterator_tag
                0x03800b00       0xf8 build/src/field.o
                0x03800b00                void std::vector<Point*, std::allocator<Point*> >::_M_assign_aux<Point* const*>(Point* const*, Point* const*, std::forward_iterator_tag)
 .text._ZNSt12_Vector_baseIP5PointSaIS1_EE11_M_allocateEj
                0x03800bf8       0x30 build/src/field.o
                0x03800bf8                std::_Vector_base<Point*, std::allocator<Point*> >::_M_allocate(unsigned int)
 .text._GLOBAL__sub_I_field.cpp
                0x03800c28      0x2c8 build/src/field.o
 .text._Z13dashboardTaskv
                0x03800ef0      0x7cc build/src/dashboard.o
                0x03800ef0                dashboardTask()
 .text._GLOBAL__sub_I_dashboard.cpp
                0x038016bc       0x34 build/src/dashboard.o
 .text._Z16calculateBearingdddd
                0x038016f0       0xb0 build/src/ai_functions.o
                0x038016f0                calculateBearing(double, double, double, double)
 .text._Z10findScoredP9AI_RECORDb
                0x038017a0      0x844 build/src/ai_functions.o
                0x038017a0                findScored(AI_RECORD*, bool)
 .text._ZNSt6vectorIS_ISt5tupleIJ16DETECTION_OBJECTiEESaIS2_EESaIS4_EE9push_backERKS4_
                0x03801fe4       0x3c build/src/ai_functions.o
                0x03801fe4                std::vector<std::vector<std::tuple<DETECTION_OBJECT, int>, std::allocator<std::tuple<DETECTION_OBJECT, int> > >, std::allocator<std::vector<std::tuple<DETECTION_OBJECT, int>, std::allocator<std::tuple<DETECTION_OBJECT, int> > > > >::push_back(std::vector<std::tuple<DETECTION_OBJECT, int>, std::allocator<std::tuple<DETECTION_OBJECT, int> > > const&)
 .text._ZNSt6vectorIS_ISt5tupleIJ16DETECTION_OBJECTiEESaIS2_EESaIS4_EED2Ev
                0x03802020       0x50 build/src/ai_functions.o
                0x03802020                std::vector<std::vector<std::tuple<DETECTION_OBJECT, int>, std::allocator<std::tuple<DETECTION_OBJECT, int> > >, std::allocator<std::vector<std::tuple<DETECTION_OBJECT, int>, std::allocator<std::tuple<DETECTION_OBJECT, int> > > > >::~vector()
 .text._Z10findTargetib
                0x03802070      0x22c build/src/ai_functions.o
                0x03802070                findTarget(int, bool)
 .text._Z7GetRingv
                0x0380229c      0x174 build/src/ai_functions.o
                0x0380229c                GetRing()
 .text._Z9ScoreRing16DETECTION_OBJECT
                0x03802410      0x198 build/src/ai_functions.o
                0x03802410                ScoreRing(DETECTION_OBJECT)
 .text._Z13GetMobileGoalv
                0x038025a8       0xd8 build/src/ai_functions.o
                0x038025a8                GetMobileGoal()
 .text._Z14GrabMobileGoal16DETECTION_OBJECT
                0x03802680      0x208 build/src/ai_functions.o
                0x03802680                GrabMobileGoal(DETECTION_OBJECT)
 .text._ZNSt8_Rb_treeIiiSt9_IdentityIiESt4lessIiESaIiEE8_M_eraseEPSt13_Rb_tree_nodeIiE
                0x03802888       0x40 build/src/ai_functions.o
                0x03802888                std::_Rb_tree<int, int, std::_Identity<int>, std::less<int>, std::allocator<int> >::_M_erase(std::_Rb_tree_node<int>*)
 .text._ZNSt6vectorISt5tupleIJ16DETECTION_OBJECTiEESaIS2_EE19_M_emplace_back_auxIJS2_EEEvDpOT_
                0x038028c8       0xc8 build/src/ai_functions.o
                0x038028c8                void std::vector<std::tuple<DETECTION_OBJECT, int>, std::allocator<std::tuple<DETECTION_OBJECT, int> > >::_M_emplace_back_aux<std::tuple<DETECTION_OBJECT, int> >(std::tuple<DETECTION_OBJECT, int>&&)
 .text._ZNKSt6vectorISt5tupleIJ16DETECTION_OBJECTiEESaIS2_EE12_M_check_lenEjPKc
                0x03802990       0x64 build/src/ai_functions.o
                0x03802990                std::vector<std::tuple<DETECTION_OBJECT, int>, std::allocator<std::tuple<DETECTION_OBJECT, int> > >::_M_check_len(unsigned int, char const*) const
 .text._ZNSt12_Vector_baseISt5tupleIJ16DETECTION_OBJECTiEESaIS2_EE11_M_allocateEj
                0x038029f4       0x3c build/src/ai_functions.o
                0x038029f4                std::_Vector_base<std::tuple<DETECTION_OBJECT, int>, std::allocator<std::tuple<DETECTION_OBJECT, int> > >::_M_allocate(unsigned int)
 .text._ZNSt6vectorISt5tupleIJ16DETECTION_OBJECTiEESaIS2_EE19_M_emplace_back_auxIJRKS2_EEEvDpOT_
                0x03802a30       0xcc build/src/ai_functions.o
                0x03802a30                void std::vector<std::tuple<DETECTION_OBJECT, int>, std::allocator<std::tuple<DETECTION_OBJECT, int> > >::_M_emplace_back_aux<std::tuple<DETECTION_OBJECT, int> const&>(std::tuple<DETECTION_OBJECT, int> const&)
 .text._ZNSt6vectorIS_ISt5tupleIJ16DETECTION_OBJECTiEESaIS2_EESaIS4_EE19_M_emplace_back_auxIJRKS4_EEEvDpOT_
                0x03802afc       0xb4 build/src/ai_functions.o
                0x03802afc                void std::vector<std::vector<std::tuple<DETECTION_OBJECT, int>, std::allocator<std::tuple<DETECTION_OBJECT, int> > >, std::allocator<std::vector<std::tuple<DETECTION_OBJECT, int>, std::allocator<std::tuple<DETECTION_OBJECT, int> > > > >::_M_emplace_back_aux<std::vector<std::tuple<DETECTION_OBJECT, int>, std::allocator<std::tuple<DETECTION_OBJECT, int> > > const&>(std::vector<std::tuple<DETECTION_OBJECT, int>, std::allocator<std::tuple<DETECTION_OBJECT, int> > > const&)
 .text._ZNSt6vectorISt5tupleIJ16DETECTION_OBJECTiEESaIS2_EEC2ERKS4_
                0x03802bb0       0x94 build/src/ai_functions.o
                0x03802bb0                std::vector<std::tuple<DETECTION_OBJECT, int>, std::allocator<std::tuple<DETECTION_OBJECT, int> > >::vector(std::vector<std::tuple<DETECTION_OBJECT, int>, std::allocator<std::tuple<DETECTION_OBJECT, int> > > const&)
 .text._ZNKSt6vectorIS_ISt5tupleIJ16DETECTION_OBJECTiEESaIS2_EESaIS4_EE12_M_check_lenEjPKc
                0x03802c44       0x64 build/src/ai_functions.o
                0x03802c44                std::vector<std::vector<std::tuple<DETECTION_OBJECT, int>, std::allocator<std::tuple<DETECTION_OBJECT, int> > >, std::allocator<std::vector<std::tuple<DETECTION_OBJECT, int>, std::allocator<std::tuple<DETECTION_OBJECT, int> > > > >::_M_check_len(unsigned int, char const*) const
 .text._ZNSt12_Vector_baseISt6vectorISt5tupleIJ16DETECTION_OBJECTiEESaIS3_EESaIS5_EE11_M_allocateEj
                0x03802ca8       0x3c build/src/ai_functions.o
                0x03802ca8                std::_Vector_base<std::vector<std::tuple<DETECTION_OBJECT, int>, std::allocator<std::tuple<DETECTION_OBJECT, int> > >, std::allocator<std::vector<std::tuple<DETECTION_OBJECT, int>, std::allocator<std::tuple<DETECTION_OBJECT, int> > > > >::_M_allocate(unsigned int)
 .text._ZNSt20__uninitialized_copyILb0EE13__uninit_copyISt13move_iteratorIPSt6vectorISt5tupleIJ16DETECTION_OBJECTiEESaIS6_EEES9_EET0_T_SC_SB_
                0x03802ce4       0x84 build/src/ai_functions.o
                0x03802ce4                std::vector<std::tuple<DETECTION_OBJECT, int>, std::allocator<std::tuple<DETECTION_OBJECT, int> > >* std::__uninitialized_copy<false>::__uninit_copy<std::move_iterator<std::vector<std::tuple<DETECTION_OBJECT, int>, std::allocator<std::tuple<DETECTION_OBJECT, int> > >*>, std::vector<std::tuple<DETECTION_OBJECT, int>, std::allocator<std::tuple<DETECTION_OBJECT, int> > >*>(std::move_iterator<std::vector<std::tuple<DETECTION_OBJECT, int>, std::allocator<std::tuple<DETECTION_OBJECT, int> > >*>, std::move_iterator<std::vector<std::tuple<DETECTION_OBJECT, int>, std::allocator<std::tuple<DETECTION_OBJECT, int> > >*>, std::vector<std::tuple<DETECTION_OBJECT, int>, std::allocator<std::tuple<DETECTION_OBJECT, int> > >*)
 .text._ZNSt8_Rb_treeIiiSt9_IdentityIiESt4lessIiESaIiEE16_M_insert_uniqueIRKiEESt4pairISt17_Rb_tree_iteratorIiEbEOT_
                0x03802d68       0x5c build/src/ai_functions.o
                0x03802d68                std::pair<std::_Rb_tree_iterator<int>, bool> std::_Rb_tree<int, int, std::_Identity<int>, std::less<int>, std::allocator<int> >::_M_insert_unique<int const&>(int const&)
 .text._ZNSt8_Rb_treeIiiSt9_IdentityIiESt4lessIiESaIiEE24_M_get_insert_unique_posERKi
                0x03802dc4       0x90 build/src/ai_functions.o
                0x03802dc4                std::_Rb_tree<int, int, std::_Identity<int>, std::less<int>, std::allocator<int> >::_M_get_insert_unique_pos(int const&)
 .text._ZNSt8_Rb_treeIiiSt9_IdentityIiESt4lessIiESaIiEE10_M_insert_IRKiEESt17_Rb_tree_iteratorIiEPSt18_Rb_tree_node_baseSC_OT_
                0x03802e54       0x7c build/src/ai_functions.o
                0x03802e54                std::_Rb_tree_iterator<int> std::_Rb_tree<int, int, std::_Identity<int>, std::less<int>, std::allocator<int> >::_M_insert_<int const&>(std::_Rb_tree_node_base*, std::_Rb_tree_node_base*, int const&)
 .text._GLOBAL__sub_I_ai_functions.cpp
                0x03802ed0       0x34 build/src/ai_functions.o
 .text._ZN5FieldD2Ev
                0x03802f04       0xc4 build/src/robot-config.o
                0x03802f04                Field::~Field()
 .text._ZN3vex11motor_groupC2IJNS_5motorES2_EEERS2_DpRT_
                0x03802fc8       0x44 build/src/robot-config.o
                0x03802fc8                vex::motor_group::motor_group<vex::motor, vex::motor>(vex::motor&, vex::motor&, vex::motor&)
 .text._ZN5DriveD2Ev
                0x0380300c       0x2c build/src/robot-config.o
                0x0380300c                Drive::~Drive()
 .text._Z11vexcodeInitv
                0x03803038      0x270 build/src/robot-config.o
                0x03803038                vexcodeInit()
 .text._Z15tuned_constantsv
                0x038032a8      0x128 build/src/robot-config.o
                0x038032a8                tuned_constants()
 .text._GLOBAL__sub_I_robot_config.cpp
                0x038033d0      0x788 build/src/robot-config.o
 .text._ZN2ai10robot_linkC2ElPKcN3vex8linkTypeE
                0x03803b58       0x98 build/src/ai_robot_link.o
                0x03803b58                ai::robot_link::robot_link(long, char const*, vex::linkType)
                0x03803b58                ai::robot_link::robot_link(long, char const*, vex::linkType)
 .text._ZN2ai10robot_link7tx_taskEPv
                0x03803bf0       0xe0 build/src/ai_robot_link.o
                0x03803bf0                ai::robot_link::tx_task(void*)
 .text._ZN2ai10robot_link7rx_taskEPv
                0x03803cd0       0x8c build/src/ai_robot_link.o
                0x03803cd0                ai::robot_link::rx_task(void*)
 .text._ZN2ai10robot_linkD2Ev
                0x03803d5c       0x4c build/src/ai_robot_link.o
                0x03803d5c                ai::robot_link::~robot_link()
                0x03803d5c                ai::robot_link::~robot_link()
 .text._ZN2ai10robot_linkD0Ev
                0x03803da8       0x14 build/src/ai_robot_link.o
                0x03803da8                ai::robot_link::~robot_link()
 .text._ZN2ai10robot_link11get_packetsEv
                0x03803dbc        0x8 build/src/ai_robot_link.o
                0x03803dbc                ai::robot_link::get_packets()
 .text._ZN2ai10robot_link10get_errorsEv
                0x03803dc4        0x8 build/src/ai_robot_link.o
                0x03803dc4                ai::robot_link::get_errors()
 .text._ZN2ai10robot_link12get_timeoutsEv
                0x03803dcc        0x8 build/src/ai_robot_link.o
                0x03803dcc                ai::robot_link::get_timeouts()
 .text._ZN2ai10robot_link9get_totalEv
                0x03803dd4        0x8 build/src/ai_robot_link.o
                0x03803dd4                ai::robot_link::get_total()
 .text._ZN2ai10robot_link19set_remote_locationEfffl
                0x03803ddc       0x78 build/src/ai_robot_link.o
                0x03803ddc                ai::robot_link::set_remote_location(float, float, float, long)
 .text._ZN2ai10robot_link18get_local_locationERfS1_S1_Rl
                0x03803e54       0x88 build/src/ai_robot_link.o
                0x03803e54                ai::robot_link::get_local_location(float&, float&, float&, long&)
 .text._ZN2ai10robot_link19get_remote_locationERfS1_S1_
                0x03803edc       0x7c build/src/ai_robot_link.o
                0x03803edc                ai::robot_link::get_remote_location(float&, float&, float&)
 .text._ZN2ai10robot_link7processEh
                0x03803f58      0x258 build/src/ai_robot_link.o
                0x03803f58                ai::robot_link::process(unsigned char)
 .text._GLOBAL__sub_I_ai_robot_link.cpp
                0x038041b0       0x34 build/src/ai_robot_link.o
 .text._ZN2ai6jetsonC2Ev
                0x038041e4       0x60 build/src/ai_jetson.o
                0x038041e4                ai::jetson::jetson()
                0x038041e4                ai::jetson::jetson()
 .text._ZN2ai6jetson12receive_taskEPv
                0x03804244       0x8c build/src/ai_jetson.o
                0x03804244                ai::jetson::receive_task(void*)
 .text._ZN2ai6jetsonD2Ev
                0x038042d0       0x28 build/src/ai_jetson.o
                0x038042d0                ai::jetson::~jetson()
                0x038042d0                ai::jetson::~jetson()
 .text._ZN2ai6jetson11get_packetsEv
                0x038042f8        0x8 build/src/ai_jetson.o
                0x038042f8                ai::jetson::get_packets()
 .text._ZN2ai6jetson10get_errorsEv
                0x03804300        0x8 build/src/ai_jetson.o
                0x03804300                ai::jetson::get_errors()
 .text._ZN2ai6jetson12get_timeoutsEv
                0x03804308        0x8 build/src/ai_jetson.o
                0x03804308                ai::jetson::get_timeouts()
 .text._ZN2ai6jetson9get_totalEv
                0x03804310        0x8 build/src/ai_jetson.o
                0x03804310                ai::jetson::get_total()
 .text._ZN2ai6jetson8get_dataEP9AI_RECORD
                0x03804318       0x5c build/src/ai_jetson.o
                0x03804318                ai::jetson::get_data(AI_RECORD*)
 .text._ZN2ai6jetson5crc32EPhmm
                0x03804374       0x84 build/src/ai_jetson.o
                0x03804374                ai::jetson::crc32(unsigned char*, unsigned long, unsigned long)
 .text._ZN2ai6jetson5parseEh
                0x038043f8      0x31c build/src/ai_jetson.o
                0x038043f8                ai::jetson::parse(unsigned char)
 .text._ZN2ai6jetson11request_mapEv
                0x03804714       0x88 build/src/ai_jetson.o
                0x03804714                ai::jetson::request_map()
 .text._GLOBAL__sub_I_ai_jetson.cpp
                0x0380479c       0x34 build/src/ai_jetson.o
 .text._Z15reduce_0_to_360f
                0x038047d0       0x7c build/src/JAR-Template/util.o
                0x038047d0                reduce_0_to_360(float)
 .text._Z26reduce_negative_180_to_180f
                0x0380484c       0x90 build/src/JAR-Template/util.o
                0x0380484c                reduce_negative_180_to_180(float)
 .text._Z5clampfff
                0x038048dc       0x2c build/src/JAR-Template/util.o
                0x038048dc                clamp(float, float, float)
 .text._GLOBAL__sub_I_util.cpp
                0x03804908       0x34 build/src/JAR-Template/util.o
 *fill*         0x0380493c        0x4 
 .text._ZN5DriveC2EN3vex11motor_groupES1_ifff
                0x03804940       0xa0 build/src/JAR-Template/drive.o
                0x03804940                Drive::Drive(vex::motor_group, vex::motor_group, int, float, float, float)
                0x03804940                Drive::Drive(vex::motor_group, vex::motor_group, int, float, float, float)
 .text._ZN5Drive18drive_with_voltageEff
                0x038049e0       0x6c build/src/JAR-Template/drive.o
                0x038049e0                Drive::drive_with_voltage(float, float)
 .text._ZN5Drive18set_turn_constantsEfffff
                0x03804a4c       0x1c build/src/JAR-Template/drive.o
                0x03804a4c                Drive::set_turn_constants(float, float, float, float, float)
 .text._ZN5Drive19set_drive_constantsEfffff
                0x03804a68       0x1c build/src/JAR-Template/drive.o
                0x03804a68                Drive::set_drive_constants(float, float, float, float, float)
 .text._ZN5Drive21set_heading_constantsEfffff
                0x03804a84       0x1c build/src/JAR-Template/drive.o
                0x03804a84                Drive::set_heading_constants(float, float, float, float, float)
 .text._ZN5Drive19set_swing_constantsEfffff
                0x03804aa0       0x1c build/src/JAR-Template/drive.o
                0x03804aa0                Drive::set_swing_constants(float, float, float, float, float)
 .text._ZN5Drive24set_turn_exit_conditionsEfff
                0x03804abc        0xc build/src/JAR-Template/drive.o
                0x03804abc                Drive::set_turn_exit_conditions(float, float, float)
 .text._ZN5Drive25set_drive_exit_conditionsEfff
                0x03804ac8        0xc build/src/JAR-Template/drive.o
                0x03804ac8                Drive::set_drive_exit_conditions(float, float, float)
 .text._ZN5Drive25set_swing_exit_conditionsEfff
                0x03804ad4        0xc build/src/JAR-Template/drive.o
                0x03804ad4                Drive::set_swing_exit_conditions(float, float, float)
 .text._ZN5Drive20get_absolute_headingEv
                0x03804ae0       0x48 build/src/JAR-Template/drive.o
                0x03804ae0                Drive::get_absolute_heading()
 .text._ZN5Drive13turn_to_angleEf
                0x03804b28       0x50 build/src/JAR-Template/drive.o
                0x03804b28                Drive::turn_to_angle(float)
 .text._ZN5Drive13turn_to_angleEfffffffff
                0x03804b78      0x178 build/src/JAR-Template/drive.o
                0x03804b78                Drive::turn_to_angle(float, float, float, float, float, float, float, float, float)
 .text._ZN5Drive14drive_distanceEf
                0x03804cf0       0x80 build/src/JAR-Template/drive.o
                0x03804cf0                Drive::drive_distance(float)
 .text._ZN5Drive14drive_distanceEfffffffffffffff
                0x03804d70      0x2e0 build/src/JAR-Template/drive.o
                0x03804d70                Drive::drive_distance(float, float, float, float, float, float, float, float, float, float, float, float, float, float, float)
 .text._ZN5Drive11set_headingEf
                0x03805050       0x50 build/src/JAR-Template/drive.o
                0x03805050                Drive::set_heading(float)
 .text._GLOBAL__sub_I_drive.cpp
                0x038050a0       0x34 build/src/JAR-Template/drive.o
 .text._ZN3PIDC2Efffff
                0x038050d4       0x2c build/src/JAR-Template/PID.o
                0x038050d4                PID::PID(float, float, float, float, float)
                0x038050d4                PID::PID(float, float, float, float, float)
 .text._ZN3PIDC2Effffffff
                0x03805100       0x44 build/src/JAR-Template/PID.o
                0x03805100                PID::PID(float, float, float, float, float, float, float, float)
                0x03805100                PID::PID(float, float, float, float, float, float, float, float)
 .text._ZN3PID7computeEf
                0x03805144       0xd0 build/src/JAR-Template/PID.o
                0x03805144                PID::compute(float)
 .text._ZN3PID10is_settledEv
                0x03805214       0x44 build/src/JAR-Template/PID.o
                0x03805214                PID::is_settled()
 .text._GLOBAL__sub_I_PID.cpp
                0x03805258       0x34 build/src/JAR-Template/PID.o
 .text.vexMain  0x0380528c       0xb0 c:\Users\robol\AppData\Roaming\Code\User\globalStorage\vexrobotics.vexcode\sdk\cpp\V5\V5_20240802_15_00_00/vexv5\libv5rt.a(v5_startup.c.obj)
                0x0380528c                vexMain
 .text.__vex_function_prolog
                0x0380533c       0x18 c:\Users\robol\AppData\Roaming\Code\User\globalStorage\vexrobotics.vexcode\sdk\cpp\V5\V5_20240802_15_00_00/vexv5\libv5rt.a(v5_startup.c.obj)
                0x0380533c                __vex_function_prolog
 .text._init    0x03805354        0x4 c:\Users\robol\AppData\Roaming\Code\User\globalStorage\vexrobotics.vexcode\sdk\cpp\V5\V5_20240802_15_00_00/vexv5\libv5rt.a(v5_startup.c.obj)
                0x03805354                _init
 .text._fini    0x03805358        0x4 c:\Users\robol\AppData\Roaming\Code\User\globalStorage\vexrobotics.vexcode\sdk\cpp\V5\V5_20240802_15_00_00/vexv5\libv5rt.a(v5_startup.c.obj)
                0x03805358                _fini
 .text.vexStdlibVersionLinked
                0x0380535c        0xc c:\Users\robol\AppData\Roaming\Code\User\globalStorage\vexrobotics.vexcode\sdk\cpp\V5\V5_20240802_15_00_00/vexv5\libv5rt.a(v5_util.c.obj)
                0x0380535c                vexStdlibVersionLinked
 .text.vexStdlibVersionVerify
                0x03805368       0x30 c:\Users\robol\AppData\Roaming\Code\User\globalStorage\vexrobotics.vexcode\sdk\cpp\V5\V5_20240802_15_00_00/vexv5\libv5rt.a(v5_util.c.obj)
                0x03805368                vexStdlibVersionVerify
 .text.vexPrivateApiEnable
                0x03805398       0x10 c:\Users\robol\AppData\Roaming\Code\User\globalStorage\vexrobotics.vexcode\sdk\cpp\V5\V5_20240802_15_00_00/vexv5\libv5rt.a(v5_apijump.c.obj)
                0x03805398                vexPrivateApiEnable
 .text.vexStdlibMismatchError
                0x038053a8       0x3c c:\Users\robol\AppData\Roaming\Code\User\globalStorage\vexrobotics.vexcode\sdk\cpp\V5\V5_20240802_15_00_00/vexv5\libv5rt.a(v5_apijump.c.obj)
                0x038053a8                vexStdlibMismatchError
 .text.vexTaskAdd
                0x038053e4       0x10 c:\Users\robol\AppData\Roaming\Code\User\globalStorage\vexrobotics.vexcode\sdk\cpp\V5\V5_20240802_15_00_00/vexv5\libv5rt.a(v5_apijump.c.obj)
                0x038053e4                vexTaskAdd
 .text.vexTasksRun
                0x038053f4       0x10 c:\Users\robol\AppData\Roaming\Code\User\globalStorage\vexrobotics.vexcode\sdk\cpp\V5\V5_20240802_15_00_00/vexv5\libv5rt.a(v5_apijump.c.obj)
                0x038053f4                vexTasksRun
 .text.vexTaskYield
                0x03805404       0x10 c:\Users\robol\AppData\Roaming\Code\User\globalStorage\vexrobotics.vexcode\sdk\cpp\V5\V5_20240802_15_00_00/vexv5\libv5rt.a(v5_apijump.c.obj)
                0x03805404                vexTaskYield
 .text.vexTaskCheckTimeslice
                0x03805414       0x10 c:\Users\robol\AppData\Roaming\Code\User\globalStorage\vexrobotics.vexcode\sdk\cpp\V5\V5_20240802_15_00_00/vexv5\libv5rt.a(v5_apijump.c.obj)
                0x03805414                vexTaskCheckTimeslice
 .text.vexTaskSleep
                0x03805424       0x10 c:\Users\robol\AppData\Roaming\Code\User\globalStorage\vexrobotics.vexcode\sdk\cpp\V5\V5_20240802_15_00_00/vexv5\libv5rt.a(v5_apijump.c.obj)
                0x03805424                vexTaskSleep
 .text.vexSemaphoreInit
                0x03805434       0x24 c:\Users\robol\AppData\Roaming\Code\User\globalStorage\vexrobotics.vexcode\sdk\cpp\V5\V5_20240802_15_00_00/vexv5\libv5rt.a(v5_apijump.c.obj)
                0x03805434                vexSemaphoreInit
 .text.vexSemaphoreLock
                0x03805458       0x2c c:\Users\robol\AppData\Roaming\Code\User\globalStorage\vexrobotics.vexcode\sdk\cpp\V5\V5_20240802_15_00_00/vexv5\libv5rt.a(v5_apijump.c.obj)
                0x03805458                vexSemaphoreLock
 .text.vexSemaphoreUnlock
                0x03805484       0x24 c:\Users\robol\AppData\Roaming\Code\User\globalStorage\vexrobotics.vexcode\sdk\cpp\V5\V5_20240802_15_00_00/vexv5\libv5rt.a(v5_apijump.c.obj)
                0x03805484                vexSemaphoreUnlock
 .text.vexTasksDump
                0x038054a8       0x1c c:\Users\robol\AppData\Roaming\Code\User\globalStorage\vexrobotics.vexcode\sdk\cpp\V5\V5_20240802_15_00_00/vexv5\libv5rt.a(v5_apijump.c.obj)
                0x038054a8                vexTasksDump
 .text.vexTaskGetTaskIndex
                0x038054c4       0x10 c:\Users\robol\AppData\Roaming\Code\User\globalStorage\vexrobotics.vexcode\sdk\cpp\V5\V5_20240802_15_00_00/vexv5\libv5rt.a(v5_apijump.c.obj)
                0x038054c4                vexTaskGetTaskIndex
 .text.vexTaskStopAll
                0x038054d4       0x10 c:\Users\robol\AppData\Roaming\Code\User\globalStorage\vexrobotics.vexcode\sdk\cpp\V5\V5_20240802_15_00_00/vexv5\libv5rt.a(v5_apijump.c.obj)
                0x038054d4                vexTaskStopAll
 .text.vexTaskRemoveAllUser
                0x038054e4       0x34 c:\Users\robol\AppData\Roaming\Code\User\globalStorage\vexrobotics.vexcode\sdk\cpp\V5\V5_20240802_15_00_00/vexv5\libv5rt.a(v5_apijump.c.obj)
                0x038054e4                vexTaskRemoveAllUser
 .text.vexTaskCompletionIdSet
                0x03805518       0x10 c:\Users\robol\AppData\Roaming\Code\User\globalStorage\vexrobotics.vexcode\sdk\cpp\V5\V5_20240802_15_00_00/vexv5\libv5rt.a(v5_apijump.c.obj)
                0x03805518                vexTaskCompletionIdSet
 .text.vexTaskAddWithArg
                0x03805528       0x10 c:\Users\robol\AppData\Roaming\Code\User\globalStorage\vexrobotics.vexcode\sdk\cpp\V5\V5_20240802_15_00_00/vexv5\libv5rt.a(v5_apijump.c.obj)
                0x03805528                vexTaskAddWithArg
 .text.vexTaskStopWithId
                0x03805538       0x10 c:\Users\robol\AppData\Roaming\Code\User\globalStorage\vexrobotics.vexcode\sdk\cpp\V5\V5_20240802_15_00_00/vexv5\libv5rt.a(v5_apijump.c.obj)
                0x03805538                vexTaskStopWithId
 .text.vexTaskPrioritySetWithId
                0x03805548       0x10 c:\Users\robol\AppData\Roaming\Code\User\globalStorage\vexrobotics.vexcode\sdk\cpp\V5\V5_20240802_15_00_00/vexv5\libv5rt.a(v5_apijump.c.obj)
                0x03805548                vexTaskPrioritySetWithId
 .text.vexCriticalSection
                0x03805558       0x2c c:\Users\robol\AppData\Roaming\Code\User\globalStorage\vexrobotics.vexcode\sdk\cpp\V5\V5_20240802_15_00_00/vexv5\libv5rt.a(v5_apijump.c.obj)
                0x03805558                vexCriticalSection
 .text.vexEventAdd
                0x03805584       0x34 c:\Users\robol\AppData\Roaming\Code\User\globalStorage\vexrobotics.vexcode\sdk\cpp\V5\V5_20240802_15_00_00/vexv5\libv5rt.a(v5_apijump.c.obj)
                0x03805584                vexEventAdd
 .text.vexEventUserIndexGet
                0x038055b8       0x1c c:\Users\robol\AppData\Roaming\Code\User\globalStorage\vexrobotics.vexcode\sdk\cpp\V5\V5_20240802_15_00_00/vexv5\libv5rt.a(v5_apijump.c.obj)
                0x038055b8                vexEventUserIndexGet
 .text.vexEventAddWithArg
                0x038055d4       0x3c c:\Users\robol\AppData\Roaming\Code\User\globalStorage\vexrobotics.vexcode\sdk\cpp\V5\V5_20240802_15_00_00/vexv5\libv5rt.a(v5_apijump.c.obj)
                0x038055d4                vexEventAddWithArg
 .text.vexEventsCleanup
                0x03805610       0x2c c:\Users\robol\AppData\Roaming\Code\User\globalStorage\vexrobotics.vexcode\sdk\cpp\V5\V5_20240802_15_00_00/vexv5\libv5rt.a(v5_apijump.c.obj)
                0x03805610                vexEventsCleanup
 .text.vexDebug
                0x0380563c       0x38 c:\Users\robol\AppData\Roaming\Code\User\globalStorage\vexrobotics.vexcode\sdk\cpp\V5\V5_20240802_15_00_00/vexv5\libv5rt.a(v5_apijump.c.obj)
                0x0380563c                vexDebug
 .text.vex_sprintf
                0x03805674       0x40 c:\Users\robol\AppData\Roaming\Code\User\globalStorage\vexrobotics.vexcode\sdk\cpp\V5\V5_20240802_15_00_00/vexv5\libv5rt.a(v5_apijump.c.obj)
                0x03805674                vex_sprintf
 .text.vex_vsnprintf
                0x038056b4       0x3c c:\Users\robol\AppData\Roaming\Code\User\globalStorage\vexrobotics.vexcode\sdk\cpp\V5\V5_20240802_15_00_00/vexv5\libv5rt.a(v5_apijump.c.obj)
                0x038056b4                vex_vsnprintf
 .text.vexSystemTimeGet
                0x038056f0       0x1c c:\Users\robol\AppData\Roaming\Code\User\globalStorage\vexrobotics.vexcode\sdk\cpp\V5\V5_20240802_15_00_00/vexv5\libv5rt.a(v5_apijump.c.obj)
                0x038056f0                vexSystemTimeGet
 .text.vexSystemExitRequest
                0x0380570c       0x1c c:\Users\robol\AppData\Roaming\Code\User\globalStorage\vexrobotics.vexcode\sdk\cpp\V5\V5_20240802_15_00_00/vexv5\libv5rt.a(v5_apijump.c.obj)
                0x0380570c                vexSystemExitRequest
 .text.vexDeviceGetByIndex
                0x03805728       0x24 c:\Users\robol\AppData\Roaming\Code\User\globalStorage\vexrobotics.vexcode\sdk\cpp\V5\V5_20240802_15_00_00/vexv5\libv5rt.a(v5_apijump.c.obj)
                0x03805728                vexDeviceGetByIndex
 .text.vexDeviceGetTimestamp
                0x0380574c       0x3c c:\Users\robol\AppData\Roaming\Code\User\globalStorage\vexrobotics.vexcode\sdk\cpp\V5\V5_20240802_15_00_00/vexv5\libv5rt.a(v5_apijump.c.obj)
                0x0380574c                vexDeviceGetTimestamp
 .text.vexDeviceAdiPortConfigSet
                0x03805788       0x34 c:\Users\robol\AppData\Roaming\Code\User\globalStorage\vexrobotics.vexcode\sdk\cpp\V5\V5_20240802_15_00_00/vexv5\libv5rt.a(v5_apijump.c.obj)
                0x03805788                vexDeviceAdiPortConfigSet
 .text.vexDeviceAdiPortConfigGet
                0x038057bc       0x2c c:\Users\robol\AppData\Roaming\Code\User\globalStorage\vexrobotics.vexcode\sdk\cpp\V5\V5_20240802_15_00_00/vexv5\libv5rt.a(v5_apijump.c.obj)
                0x038057bc                vexDeviceAdiPortConfigGet
 .text.vexDeviceAdiValueSet
                0x038057e8       0x34 c:\Users\robol\AppData\Roaming\Code\User\globalStorage\vexrobotics.vexcode\sdk\cpp\V5\V5_20240802_15_00_00/vexv5\libv5rt.a(v5_apijump.c.obj)
                0x038057e8                vexDeviceAdiValueSet
 .text.vexDeviceMotorVelocitySet
                0x0380581c       0x2c c:\Users\robol\AppData\Roaming\Code\User\globalStorage\vexrobotics.vexcode\sdk\cpp\V5\V5_20240802_15_00_00/vexv5\libv5rt.a(v5_apijump.c.obj)
                0x0380581c                vexDeviceMotorVelocitySet
 .text.vexDeviceMotorVoltageSet
                0x03805848       0x2c c:\Users\robol\AppData\Roaming\Code\User\globalStorage\vexrobotics.vexcode\sdk\cpp\V5\V5_20240802_15_00_00/vexv5\libv5rt.a(v5_apijump.c.obj)
                0x03805848                vexDeviceMotorVoltageSet
 .text.vexDeviceMotorActualVelocityGet
                0x03805874       0x24 c:\Users\robol\AppData\Roaming\Code\User\globalStorage\vexrobotics.vexcode\sdk\cpp\V5\V5_20240802_15_00_00/vexv5\libv5rt.a(v5_apijump.c.obj)
                0x03805874                vexDeviceMotorActualVelocityGet
 .text.vexDeviceMotorReverseFlagSet
                0x03805898       0x2c c:\Users\robol\AppData\Roaming\Code\User\globalStorage\vexrobotics.vexcode\sdk\cpp\V5\V5_20240802_15_00_00/vexv5\libv5rt.a(v5_apijump.c.obj)
                0x03805898                vexDeviceMotorReverseFlagSet
 .text.vexDeviceMotorEncoderUnitsSet
                0x038058c4       0x2c c:\Users\robol\AppData\Roaming\Code\User\globalStorage\vexrobotics.vexcode\sdk\cpp\V5\V5_20240802_15_00_00/vexv5\libv5rt.a(v5_apijump.c.obj)
                0x038058c4                vexDeviceMotorEncoderUnitsSet
 .text.vexDeviceMotorBrakeModeSet
                0x038058f0       0x2c c:\Users\robol\AppData\Roaming\Code\User\globalStorage\vexrobotics.vexcode\sdk\cpp\V5\V5_20240802_15_00_00/vexv5\libv5rt.a(v5_apijump.c.obj)
                0x038058f0                vexDeviceMotorBrakeModeSet
 .text.vexDeviceMotorPositionSet
                0x0380591c       0x34 c:\Users\robol\AppData\Roaming\Code\User\globalStorage\vexrobotics.vexcode\sdk\cpp\V5\V5_20240802_15_00_00/vexv5\libv5rt.a(v5_apijump.c.obj)
                0x0380591c                vexDeviceMotorPositionSet
 .text.vexDeviceMotorPositionGet
                0x03805950       0x24 c:\Users\robol\AppData\Roaming\Code\User\globalStorage\vexrobotics.vexcode\sdk\cpp\V5\V5_20240802_15_00_00/vexv5\libv5rt.a(v5_apijump.c.obj)
                0x03805950                vexDeviceMotorPositionGet
 .text.vexDeviceMotorGearingSet
                0x03805974       0x2c c:\Users\robol\AppData\Roaming\Code\User\globalStorage\vexrobotics.vexcode\sdk\cpp\V5\V5_20240802_15_00_00/vexv5\libv5rt.a(v5_apijump.c.obj)
                0x03805974                vexDeviceMotorGearingSet
 .text.vexDeviceMotorGearingGet
                0x038059a0       0x24 c:\Users\robol\AppData\Roaming\Code\User\globalStorage\vexrobotics.vexcode\sdk\cpp\V5\V5_20240802_15_00_00/vexv5\libv5rt.a(v5_apijump.c.obj)
                0x038059a0                vexDeviceMotorGearingGet
 .text.vexDeviceImuReset
                0x038059c4       0x24 c:\Users\robol\AppData\Roaming\Code\User\globalStorage\vexrobotics.vexcode\sdk\cpp\V5\V5_20240802_15_00_00/vexv5\libv5rt.a(v5_apijump.c.obj)
                0x038059c4                vexDeviceImuReset
 .text.vexDeviceImuHeadingGet
                0x038059e8       0x24 c:\Users\robol\AppData\Roaming\Code\User\globalStorage\vexrobotics.vexcode\sdk\cpp\V5\V5_20240802_15_00_00/vexv5\libv5rt.a(v5_apijump.c.obj)
                0x038059e8                vexDeviceImuHeadingGet
 .text.vexDeviceImuDegreesGet
                0x03805a0c       0x24 c:\Users\robol\AppData\Roaming\Code\User\globalStorage\vexrobotics.vexcode\sdk\cpp\V5\V5_20240802_15_00_00/vexv5\libv5rt.a(v5_apijump.c.obj)
                0x03805a0c                vexDeviceImuDegreesGet
 .text.vexDeviceImuStatusGet
                0x03805a30       0x24 c:\Users\robol\AppData\Roaming\Code\User\globalStorage\vexrobotics.vexcode\sdk\cpp\V5\V5_20240802_15_00_00/vexv5\libv5rt.a(v5_apijump.c.obj)
                0x03805a30                vexDeviceImuStatusGet
 .text.vexDeviceOpticalHueGet
                0x03805a54       0x24 c:\Users\robol\AppData\Roaming\Code\User\globalStorage\vexrobotics.vexcode\sdk\cpp\V5\V5_20240802_15_00_00/vexv5\libv5rt.a(v5_apijump.c.obj)
                0x03805a54                vexDeviceOpticalHueGet
 .text.vexDeviceOpticalLedPwmSet
                0x03805a78       0x2c c:\Users\robol\AppData\Roaming\Code\User\globalStorage\vexrobotics.vexcode\sdk\cpp\V5\V5_20240802_15_00_00/vexv5\libv5rt.a(v5_apijump.c.obj)
                0x03805a78                vexDeviceOpticalLedPwmSet
 .text.vexDeviceOpticalGestureEnable
                0x03805aa4       0x24 c:\Users\robol\AppData\Roaming\Code\User\globalStorage\vexrobotics.vexcode\sdk\cpp\V5\V5_20240802_15_00_00/vexv5\libv5rt.a(v5_apijump.c.obj)
                0x03805aa4                vexDeviceOpticalGestureEnable
 .text.vexDeviceOpticalGestureDisable
                0x03805ac8       0x24 c:\Users\robol\AppData\Roaming\Code\User\globalStorage\vexrobotics.vexcode\sdk\cpp\V5\V5_20240802_15_00_00/vexv5\libv5rt.a(v5_apijump.c.obj)
                0x03805ac8                vexDeviceOpticalGestureDisable
 .text.vexDeviceOpticalProximityThreshold
                0x03805aec       0x2c c:\Users\robol\AppData\Roaming\Code\User\globalStorage\vexrobotics.vexcode\sdk\cpp\V5\V5_20240802_15_00_00/vexv5\libv5rt.a(v5_apijump.c.obj)
                0x03805aec                vexDeviceOpticalProximityThreshold
 .text.vexDeviceGpsReset
                0x03805b18       0x38 c:\Users\robol\AppData\Roaming\Code\User\globalStorage\vexrobotics.vexcode\sdk\cpp\V5\V5_20240802_15_00_00/vexv5\libv5rt.a(v5_apijump.c.obj)
                0x03805b18                vexDeviceGpsReset
 .text.vexDeviceGpsHeadingGet
                0x03805b50       0x44 c:\Users\robol\AppData\Roaming\Code\User\globalStorage\vexrobotics.vexcode\sdk\cpp\V5\V5_20240802_15_00_00/vexv5\libv5rt.a(v5_apijump.c.obj)
                0x03805b50                vexDeviceGpsHeadingGet
 .text.vexDeviceGpsDegreesGet
                0x03805b94       0x44 c:\Users\robol\AppData\Roaming\Code\User\globalStorage\vexrobotics.vexcode\sdk\cpp\V5\V5_20240802_15_00_00/vexv5\libv5rt.a(v5_apijump.c.obj)
                0x03805b94                vexDeviceGpsDegreesGet
 .text.vexDeviceGpsAttitudeGet
                0x03805bd8      0x198 c:\Users\robol\AppData\Roaming\Code\User\globalStorage\vexrobotics.vexcode\sdk\cpp\V5\V5_20240802_15_00_00/vexv5\libv5rt.a(v5_apijump.c.obj)
                0x03805bd8                vexDeviceGpsAttitudeGet
 .text.vexDeviceGpsStatusGet
                0x03805d70       0x40 c:\Users\robol\AppData\Roaming\Code\User\globalStorage\vexrobotics.vexcode\sdk\cpp\V5\V5_20240802_15_00_00/vexv5\libv5rt.a(v5_apijump.c.obj)
                0x03805d70                vexDeviceGpsStatusGet
 .text.vexDeviceGpsModeSet
                0x03805db0       0x40 c:\Users\robol\AppData\Roaming\Code\User\globalStorage\vexrobotics.vexcode\sdk\cpp\V5\V5_20240802_15_00_00/vexv5\libv5rt.a(v5_apijump.c.obj)
                0x03805db0                vexDeviceGpsModeSet
 .text.vexDeviceGpsOriginSet
                0x03805df0       0x50 c:\Users\robol\AppData\Roaming\Code\User\globalStorage\vexrobotics.vexcode\sdk\cpp\V5\V5_20240802_15_00_00/vexv5\libv5rt.a(v5_apijump.c.obj)
                0x03805df0                vexDeviceGpsOriginSet
 .text.vexDeviceGpsRotationSet
                0x03805e40       0x48 c:\Users\robol\AppData\Roaming\Code\User\globalStorage\vexrobotics.vexcode\sdk\cpp\V5\V5_20240802_15_00_00/vexv5\libv5rt.a(v5_apijump.c.obj)
                0x03805e40                vexDeviceGpsRotationSet
 .text.vexDeviceGpsRotationGet
                0x03805e88       0x44 c:\Users\robol\AppData\Roaming\Code\User\globalStorage\vexrobotics.vexcode\sdk\cpp\V5\V5_20240802_15_00_00/vexv5\libv5rt.a(v5_apijump.c.obj)
                0x03805e88                vexDeviceGpsRotationGet
 .text.vexDeviceGpsErrorGet
                0x03805ecc       0x44 c:\Users\robol\AppData\Roaming\Code\User\globalStorage\vexrobotics.vexcode\sdk\cpp\V5\V5_20240802_15_00_00/vexv5\libv5rt.a(v5_apijump.c.obj)
                0x03805ecc                vexDeviceGpsErrorGet
 .text.vexDisplayForegroundColor
                0x03805f10       0x24 c:\Users\robol\AppData\Roaming\Code\User\globalStorage\vexrobotics.vexcode\sdk\cpp\V5\V5_20240802_15_00_00/vexv5\libv5rt.a(v5_apijump.c.obj)
                0x03805f10                vexDisplayForegroundColor
 .text.vexDisplayBackgroundColor
                0x03805f34       0x24 c:\Users\robol\AppData\Roaming\Code\User\globalStorage\vexrobotics.vexcode\sdk\cpp\V5\V5_20240802_15_00_00/vexv5\libv5rt.a(v5_apijump.c.obj)
                0x03805f34                vexDisplayBackgroundColor
 .text.vexDisplayBackgroundColorGet
                0x03805f58       0x1c c:\Users\robol\AppData\Roaming\Code\User\globalStorage\vexrobotics.vexcode\sdk\cpp\V5\V5_20240802_15_00_00/vexv5\libv5rt.a(v5_apijump.c.obj)
                0x03805f58                vexDisplayBackgroundColorGet
 .text.vexDisplayRectDraw
                0x03805f74       0x4c c:\Users\robol\AppData\Roaming\Code\User\globalStorage\vexrobotics.vexcode\sdk\cpp\V5\V5_20240802_15_00_00/vexv5\libv5rt.a(v5_apijump.c.obj)
                0x03805f74                vexDisplayRectDraw
 .text.vexDisplayRectClear
                0x03805fc0       0x4c c:\Users\robol\AppData\Roaming\Code\User\globalStorage\vexrobotics.vexcode\sdk\cpp\V5\V5_20240802_15_00_00/vexv5\libv5rt.a(v5_apijump.c.obj)
                0x03805fc0                vexDisplayRectClear
 .text.vexDisplayVPrintf
                0x0380600c       0x50 c:\Users\robol\AppData\Roaming\Code\User\globalStorage\vexrobotics.vexcode\sdk\cpp\V5\V5_20240802_15_00_00/vexv5\libv5rt.a(v5_apijump.c.obj)
                0x0380600c                vexDisplayVPrintf
 .text.vexDisplayTextReference
                0x0380605c       0x24 c:\Users\robol\AppData\Roaming\Code\User\globalStorage\vexrobotics.vexcode\sdk\cpp\V5\V5_20240802_15_00_00/vexv5\libv5rt.a(v5_apijump.c.obj)
                0x0380605c                vexDisplayTextReference
 .text.vexDisplayTextSize
                0x03806080       0x2c c:\Users\robol\AppData\Roaming\Code\User\globalStorage\vexrobotics.vexcode\sdk\cpp\V5\V5_20240802_15_00_00/vexv5\libv5rt.a(v5_apijump.c.obj)
                0x03806080                vexDisplayTextSize
 .text.vexDisplayFontNamedSet
                0x038060ac       0x24 c:\Users\robol\AppData\Roaming\Code\User\globalStorage\vexrobotics.vexcode\sdk\cpp\V5\V5_20240802_15_00_00/vexv5\libv5rt.a(v5_apijump.c.obj)
                0x038060ac                vexDisplayFontNamedSet
 .text.vexDisplayStringWidthGet
                0x038060d0       0x24 c:\Users\robol\AppData\Roaming\Code\User\globalStorage\vexrobotics.vexcode\sdk\cpp\V5\V5_20240802_15_00_00/vexv5\libv5rt.a(v5_apijump.c.obj)
                0x038060d0                vexDisplayStringWidthGet
 .text.vexDisplayPenSizeGet
                0x038060f4       0x1c c:\Users\robol\AppData\Roaming\Code\User\globalStorage\vexrobotics.vexcode\sdk\cpp\V5\V5_20240802_15_00_00/vexv5\libv5rt.a(v5_apijump.c.obj)
                0x038060f4                vexDisplayPenSizeGet
 .text.vexSystemStdlibImpureDataAddr
                0x03806110       0x28 c:\Users\robol\AppData\Roaming\Code\User\globalStorage\vexrobotics.vexcode\sdk\cpp\V5\V5_20240802_15_00_00/vexv5\libv5rt.a(v5_apijump.c.obj)
                0x03806110                vexSystemStdlibImpureDataAddr
 .text.vexSystemStdlibImpureDataSize
                0x03806138       0x28 c:\Users\robol\AppData\Roaming\Code\User\globalStorage\vexrobotics.vexcode\sdk\cpp\V5\V5_20240802_15_00_00/vexv5\libv5rt.a(v5_apijump.c.obj)
                0x03806138                vexSystemStdlibImpureDataSize
 .text.vexSystemSaveUserData
                0x03806160       0x3c c:\Users\robol\AppData\Roaming\Code\User\globalStorage\vexrobotics.vexcode\sdk\cpp\V5\V5_20240802_15_00_00/vexv5\libv5rt.a(v5_apijump.c.obj)
                0x03806160                vexSystemSaveUserData
 .text.vexDisplayClipRegionSet
                0x0380619c       0x4c c:\Users\robol\AppData\Roaming\Code\User\globalStorage\vexrobotics.vexcode\sdk\cpp\V5\V5_20240802_15_00_00/vexv5\libv5rt.a(v5_apijump.c.obj)
                0x0380619c                vexDisplayClipRegionSet
 .text.vexDisplayThemeIdGet
                0x038061e8       0x38 c:\Users\robol\AppData\Roaming\Code\User\globalStorage\vexrobotics.vexcode\sdk\cpp\V5\V5_20240802_15_00_00/vexv5\libv5rt.a(v5_apijump.c.obj)
                0x038061e8                vexDisplayThemeIdGet
 .text.vexDisplayRender
                0x03806220       0x2c c:\Users\robol\AppData\Roaming\Code\User\globalStorage\vexrobotics.vexcode\sdk\cpp\V5\V5_20240802_15_00_00/vexv5\libv5rt.a(v5_apijump.c.obj)
                0x03806220                vexDisplayRender
 .text.vexDeviceEventMaskSet
                0x0380624c       0x48 c:\Users\robol\AppData\Roaming\Code\User\globalStorage\vexrobotics.vexcode\sdk\cpp\V5\V5_20240802_15_00_00/vexv5\libv5rt.a(v5_apijump.c.obj)
                0x0380624c                vexDeviceEventMaskSet
 .text.vexDeviceEventMaskGet
                0x03806294       0x3c c:\Users\robol\AppData\Roaming\Code\User\globalStorage\vexrobotics.vexcode\sdk\cpp\V5\V5_20240802_15_00_00/vexv5\libv5rt.a(v5_apijump.c.obj)
                0x03806294                vexDeviceEventMaskGet
 .text.vexDeviceGenericSerialEnable
                0x038062d0       0x2c c:\Users\robol\AppData\Roaming\Code\User\globalStorage\vexrobotics.vexcode\sdk\cpp\V5\V5_20240802_15_00_00/vexv5\libv5rt.a(v5_apijump.c.obj)
                0x038062d0                vexDeviceGenericSerialEnable
 .text.vexDeviceGenericSerialBaudrate
                0x038062fc       0x2c c:\Users\robol\AppData\Roaming\Code\User\globalStorage\vexrobotics.vexcode\sdk\cpp\V5\V5_20240802_15_00_00/vexv5\libv5rt.a(v5_apijump.c.obj)
                0x038062fc                vexDeviceGenericSerialBaudrate
 .text.vexDeviceGenericSerialWriteChar
                0x03806328       0x2c c:\Users\robol\AppData\Roaming\Code\User\globalStorage\vexrobotics.vexcode\sdk\cpp\V5\V5_20240802_15_00_00/vexv5\libv5rt.a(v5_apijump.c.obj)
                0x03806328                vexDeviceGenericSerialWriteChar
 .text.vexDeviceGenericSerialWriteFree
                0x03806354       0x24 c:\Users\robol\AppData\Roaming\Code\User\globalStorage\vexrobotics.vexcode\sdk\cpp\V5\V5_20240802_15_00_00/vexv5\libv5rt.a(v5_apijump.c.obj)
                0x03806354                vexDeviceGenericSerialWriteFree
 .text.vexDeviceGenericSerialTransmit
                0x03806378       0x34 c:\Users\robol\AppData\Roaming\Code\User\globalStorage\vexrobotics.vexcode\sdk\cpp\V5\V5_20240802_15_00_00/vexv5\libv5rt.a(v5_apijump.c.obj)
                0x03806378                vexDeviceGenericSerialTransmit
 .text.vexDeviceGenericSerialReadChar
                0x038063ac       0x24 c:\Users\robol\AppData\Roaming\Code\User\globalStorage\vexrobotics.vexcode\sdk\cpp\V5\V5_20240802_15_00_00/vexv5\libv5rt.a(v5_apijump.c.obj)
                0x038063ac                vexDeviceGenericSerialReadChar
 .text.vexDeviceGenericSerialPeekChar
                0x038063d0       0x24 c:\Users\robol\AppData\Roaming\Code\User\globalStorage\vexrobotics.vexcode\sdk\cpp\V5\V5_20240802_15_00_00/vexv5\libv5rt.a(v5_apijump.c.obj)
                0x038063d0                vexDeviceGenericSerialPeekChar
 .text.vexDeviceGenericSerialReceiveAvail
                0x038063f4       0x24 c:\Users\robol\AppData\Roaming\Code\User\globalStorage\vexrobotics.vexcode\sdk\cpp\V5\V5_20240802_15_00_00/vexv5\libv5rt.a(v5_apijump.c.obj)
                0x038063f4                vexDeviceGenericSerialReceiveAvail
 .text.vexDeviceGenericSerialReceive
                0x03806418       0x34 c:\Users\robol\AppData\Roaming\Code\User\globalStorage\vexrobotics.vexcode\sdk\cpp\V5\V5_20240802_15_00_00/vexv5\libv5rt.a(v5_apijump.c.obj)
                0x03806418                vexDeviceGenericSerialReceive
 .text.vexDeviceGenericRadioConnection
                0x0380644c       0x3c c:\Users\robol\AppData\Roaming\Code\User\globalStorage\vexrobotics.vexcode\sdk\cpp\V5\V5_20240802_15_00_00/vexv5\libv5rt.a(v5_apijump.c.obj)
                0x0380644c                vexDeviceGenericRadioConnection
 .text.vexDeviceGenericRadioWriteChar
                0x03806488       0x2c c:\Users\robol\AppData\Roaming\Code\User\globalStorage\vexrobotics.vexcode\sdk\cpp\V5\V5_20240802_15_00_00/vexv5\libv5rt.a(v5_apijump.c.obj)
                0x03806488                vexDeviceGenericRadioWriteChar
 .text.vexDeviceGenericRadioWriteFree
                0x038064b4       0x24 c:\Users\robol\AppData\Roaming\Code\User\globalStorage\vexrobotics.vexcode\sdk\cpp\V5\V5_20240802_15_00_00/vexv5\libv5rt.a(v5_apijump.c.obj)
                0x038064b4                vexDeviceGenericRadioWriteFree
 .text.vexDeviceGenericRadioTransmit
                0x038064d8       0x34 c:\Users\robol\AppData\Roaming\Code\User\globalStorage\vexrobotics.vexcode\sdk\cpp\V5\V5_20240802_15_00_00/vexv5\libv5rt.a(v5_apijump.c.obj)
                0x038064d8                vexDeviceGenericRadioTransmit
 .text.vexDeviceGenericRadioReadChar
                0x0380650c       0x24 c:\Users\robol\AppData\Roaming\Code\User\globalStorage\vexrobotics.vexcode\sdk\cpp\V5\V5_20240802_15_00_00/vexv5\libv5rt.a(v5_apijump.c.obj)
                0x0380650c                vexDeviceGenericRadioReadChar
 .text.vexDeviceGenericRadioPeekChar
                0x03806530       0x24 c:\Users\robol\AppData\Roaming\Code\User\globalStorage\vexrobotics.vexcode\sdk\cpp\V5\V5_20240802_15_00_00/vexv5\libv5rt.a(v5_apijump.c.obj)
                0x03806530                vexDeviceGenericRadioPeekChar
 .text.vexDeviceGenericRadioReceiveAvail
                0x03806554       0x24 c:\Users\robol\AppData\Roaming\Code\User\globalStorage\vexrobotics.vexcode\sdk\cpp\V5\V5_20240802_15_00_00/vexv5\libv5rt.a(v5_apijump.c.obj)
                0x03806554                vexDeviceGenericRadioReceiveAvail
 .text.vexDeviceGenericRadioReceive
                0x03806578       0x34 c:\Users\robol\AppData\Roaming\Code\User\globalStorage\vexrobotics.vexcode\sdk\cpp\V5\V5_20240802_15_00_00/vexv5\libv5rt.a(v5_apijump.c.obj)
                0x03806578                vexDeviceGenericRadioReceive
 .text.vexDeviceGenericRadioLinkStatus
                0x038065ac       0x24 c:\Users\robol\AppData\Roaming\Code\User\globalStorage\vexrobotics.vexcode\sdk\cpp\V5\V5_20240802_15_00_00/vexv5\libv5rt.a(v5_apijump.c.obj)
                0x038065ac                vexDeviceGenericRadioLinkStatus
 .text.vexDeviceGenericCdcConnection
                0x038065d0       0x2c c:\Users\robol\AppData\Roaming\Code\User\globalStorage\vexrobotics.vexcode\sdk\cpp\V5\V5_20240802_15_00_00/vexv5\libv5rt.a(v5_apijump.c.obj)
                0x038065d0                vexDeviceGenericCdcConnection
 .text.vexDeviceGenericCdcWriteChar
                0x038065fc       0x2c c:\Users\robol\AppData\Roaming\Code\User\globalStorage\vexrobotics.vexcode\sdk\cpp\V5\V5_20240802_15_00_00/vexv5\libv5rt.a(v5_apijump.c.obj)
                0x038065fc                vexDeviceGenericCdcWriteChar
 .text.vexDeviceGenericCdcWriteFree
                0x03806628       0x24 c:\Users\robol\AppData\Roaming\Code\User\globalStorage\vexrobotics.vexcode\sdk\cpp\V5\V5_20240802_15_00_00/vexv5\libv5rt.a(v5_apijump.c.obj)
                0x03806628                vexDeviceGenericCdcWriteFree
 .text.vexDeviceGenericCdcTransmit
                0x0380664c       0x34 c:\Users\robol\AppData\Roaming\Code\User\globalStorage\vexrobotics.vexcode\sdk\cpp\V5\V5_20240802_15_00_00/vexv5\libv5rt.a(v5_apijump.c.obj)
                0x0380664c                vexDeviceGenericCdcTransmit
 .text.vexDeviceGenericCdcReadChar
                0x03806680       0x24 c:\Users\robol\AppData\Roaming\Code\User\globalStorage\vexrobotics.vexcode\sdk\cpp\V5\V5_20240802_15_00_00/vexv5\libv5rt.a(v5_apijump.c.obj)
                0x03806680                vexDeviceGenericCdcReadChar
 .text.vexDeviceGenericCdcPeekChar
                0x038066a4       0x24 c:\Users\robol\AppData\Roaming\Code\User\globalStorage\vexrobotics.vexcode\sdk\cpp\V5\V5_20240802_15_00_00/vexv5\libv5rt.a(v5_apijump.c.obj)
                0x038066a4                vexDeviceGenericCdcPeekChar
 .text.vexDeviceGenericCdcReceiveAvail
                0x038066c8       0x24 c:\Users\robol\AppData\Roaming\Code\User\globalStorage\vexrobotics.vexcode\sdk\cpp\V5\V5_20240802_15_00_00/vexv5\libv5rt.a(v5_apijump.c.obj)
                0x038066c8                vexDeviceGenericCdcReceiveAvail
 .text.vexDeviceGenericCdcReceive
                0x038066ec       0x34 c:\Users\robol\AppData\Roaming\Code\User\globalStorage\vexrobotics.vexcode\sdk\cpp\V5\V5_20240802_15_00_00/vexv5\libv5rt.a(v5_apijump.c.obj)
                0x038066ec                vexDeviceGenericCdcReceive
 .text.vexDeviceGenericCdcLinkStatus
                0x03806720       0x24 c:\Users\robol\AppData\Roaming\Code\User\globalStorage\vexrobotics.vexcode\sdk\cpp\V5\V5_20240802_15_00_00/vexv5\libv5rt.a(v5_apijump.c.obj)
                0x03806720                vexDeviceGenericCdcLinkStatus
 .text.vexSystemVersion
                0x03806744       0x10 c:\Users\robol\AppData\Roaming\Code\User\globalStorage\vexrobotics.vexcode\sdk\cpp\V5\V5_20240802_15_00_00/vexv5\libv5rt.a(v5_apiversions.c.obj)
                0x03806744                vexSystemVersion
 .text.vexStdlibVersion
                0x03806754       0x10 c:\Users\robol\AppData\Roaming\Code\User\globalStorage\vexrobotics.vexcode\sdk\cpp\V5\V5_20240802_15_00_00/vexv5\libv5rt.a(v5_apiversions.c.obj)
                0x03806754                vexStdlibVersion
 *fill*         0x03806764        0x4 
 .text._ZN3vex4waitEdNS_9timeUnitsE
                0x03806768       0x30 c:\Users\robol\AppData\Roaming\Code\User\globalStorage\vexrobotics.vexcode\sdk\cpp\V5\V5_20240802_15_00_00/vexv5\libv5rt.a(vex_global.cpp.obj)
                0x03806768                vex::wait(double, vex::timeUnits)
 .text._ZN3vex6deviceD2Ev
                0x03806798        0x4 c:\Users\robol\AppData\Roaming\Code\User\globalStorage\vexrobotics.vexcode\sdk\cpp\V5\V5_20240802_15_00_00/vexv5\libv5rt.a(vex_device.cpp.obj)
                0x03806798                vex::device::~device()
                0x03806798                vex::device::~device()
 .text._ZN3vex6device5valueEv
                0x0380679c        0x8 c:\Users\robol\AppData\Roaming\Code\User\globalStorage\vexrobotics.vexcode\sdk\cpp\V5\V5_20240802_15_00_00/vexv5\libv5rt.a(vex_device.cpp.obj)
                0x0380679c                vex::device::value()
 .text._ZN3vex6deviceD0Ev
                0x038067a4       0x14 c:\Users\robol\AppData\Roaming\Code\User\globalStorage\vexrobotics.vexcode\sdk\cpp\V5\V5_20240802_15_00_00/vexv5\libv5rt.a(vex_device.cpp.obj)
                0x038067a4                vex::device::~device()
 .text._ZN3vex6device4initEl
                0x038067b8       0x30 c:\Users\robol\AppData\Roaming\Code\User\globalStorage\vexrobotics.vexcode\sdk\cpp\V5\V5_20240802_15_00_00/vexv5\libv5rt.a(vex_device.cpp.obj)
                0x038067b8                vex::device::init(long)
 .text._ZN3vex6deviceC2El
                0x038067e8       0x20 c:\Users\robol\AppData\Roaming\Code\User\globalStorage\vexrobotics.vexcode\sdk\cpp\V5\V5_20240802_15_00_00/vexv5\libv5rt.a(vex_device.cpp.obj)
                0x038067e8                vex::device::device(long)
                0x038067e8                vex::device::device(long)
 .text._ZN3vex6device4typeEv
                0x03806808       0x10 c:\Users\robol\AppData\Roaming\Code\User\globalStorage\vexrobotics.vexcode\sdk\cpp\V5\V5_20240802_15_00_00/vexv5\libv5rt.a(vex_device.cpp.obj)
                0x03806808                vex::device::type()
 .text._ZN3vex6device9installedEv
                0x03806818       0x14 c:\Users\robol\AppData\Roaming\Code\User\globalStorage\vexrobotics.vexcode\sdk\cpp\V5\V5_20240802_15_00_00/vexv5\libv5rt.a(vex_device.cpp.obj)
                0x03806818                vex::device::installed()
 .text._ZN3vex6device9timestampEv
                0x0380682c       0x10 c:\Users\robol\AppData\Roaming\Code\User\globalStorage\vexrobotics.vexcode\sdk\cpp\V5\V5_20240802_15_00_00/vexv5\libv5rt.a(vex_device.cpp.obj)
                0x0380682c                vex::device::timestamp()
 .text._ZN3vex5motorD2Ev
                0x0380683c       0x20 c:\Users\robol\AppData\Roaming\Code\User\globalStorage\vexrobotics.vexcode\sdk\cpp\V5\V5_20240802_15_00_00/vexv5\libv5rt.a(vex_motor.cpp.obj)
                0x0380683c                vex::motor::~motor()
                0x0380683c                vex::motor::~motor()
 .text._ZN3vex5motorD0Ev
                0x0380685c       0x1c c:\Users\robol\AppData\Roaming\Code\User\globalStorage\vexrobotics.vexcode\sdk\cpp\V5\V5_20240802_15_00_00/vexv5\libv5rt.a(vex_motor.cpp.obj)
                0x0380685c                vex::motor::~motor()
 .text._ZN3vex5motor9installedEv
                0x03806878       0x18 c:\Users\robol\AppData\Roaming\Code\User\globalStorage\vexrobotics.vexcode\sdk\cpp\V5\V5_20240802_15_00_00/vexv5\libv5rt.a(vex_motor.cpp.obj)
                0x03806878                vex::motor::installed()
 .text._ZN3vex5motor15defaultStoppingENS_9brakeTypeE
                0x03806890       0x30 c:\Users\robol\AppData\Roaming\Code\User\globalStorage\vexrobotics.vexcode\sdk\cpp\V5\V5_20240802_15_00_00/vexv5\libv5rt.a(vex_motor.cpp.obj)
                0x03806890                vex::motor::defaultStopping(vex::brakeType)
 .text._ZN3vex5motorC2El
                0x038068c0       0x78 c:\Users\robol\AppData\Roaming\Code\User\globalStorage\vexrobotics.vexcode\sdk\cpp\V5\V5_20240802_15_00_00/vexv5\libv5rt.a(vex_motor.cpp.obj)
                0x038068c0                vex::motor::motor(long)
                0x038068c0                vex::motor::motor(long)
 .text._ZN3vex5motorC2ElNS_11gearSettingEb
                0x03806938       0x34 c:\Users\robol\AppData\Roaming\Code\User\globalStorage\vexrobotics.vexcode\sdk\cpp\V5\V5_20240802_15_00_00/vexv5\libv5rt.a(vex_motor.cpp.obj)
                0x03806938                vex::motor::motor(long, vex::gearSetting, bool)
                0x03806938                vex::motor::motor(long, vex::gearSetting, bool)
 *fill*         0x0380696c        0x4 
 .text._ZN3vex5motor4spinENS_13directionTypeEdNS_12voltageUnitsE
                0x03806970       0x50 c:\Users\robol\AppData\Roaming\Code\User\globalStorage\vexrobotics.vexcode\sdk\cpp\V5\V5_20240802_15_00_00/vexv5\libv5rt.a(vex_motor.cpp.obj)
                0x03806970                vex::motor::spin(vex::directionType, double, vex::voltageUnits)
 .text._ZN3vex5motor4stopENS_9brakeTypeE
                0x038069c0       0x30 c:\Users\robol\AppData\Roaming\Code\User\globalStorage\vexrobotics.vexcode\sdk\cpp\V5\V5_20240802_15_00_00/vexv5\libv5rt.a(vex_motor.cpp.obj)
                0x038069c0                vex::motor::stop(vex::brakeType)
 .text._ZN3vex5motor16velocityToScaledEdNS_13velocityUnitsE
                0x038069f0       0x5c c:\Users\robol\AppData\Roaming\Code\User\globalStorage\vexrobotics.vexcode\sdk\cpp\V5\V5_20240802_15_00_00/vexv5\libv5rt.a(vex_motor.cpp.obj)
                0x038069f0                vex::motor::velocityToScaled(double, vex::velocityUnits)
 .text._ZN3vex5motor8velocityENS_13velocityUnitsE
                0x03806a4c       0x30 c:\Users\robol\AppData\Roaming\Code\User\globalStorage\vexrobotics.vexcode\sdk\cpp\V5\V5_20240802_15_00_00/vexv5\libv5rt.a(vex_motor.cpp.obj)
                0x03806a4c                vex::motor::velocity(vex::velocityUnits)
 .text._ZN3vex5motor5valueEv
                0x03806a7c       0x1c c:\Users\robol\AppData\Roaming\Code\User\globalStorage\vexrobotics.vexcode\sdk\cpp\V5\V5_20240802_15_00_00/vexv5\libv5rt.a(vex_motor.cpp.obj)
                0x03806a7c                vex::motor::value()
 .text._ZN3vex5motor16scaledToVelocityEdNS_13velocityUnitsE
                0x03806a98       0xa4 c:\Users\robol\AppData\Roaming\Code\User\globalStorage\vexrobotics.vexcode\sdk\cpp\V5\V5_20240802_15_00_00/vexv5\libv5rt.a(vex_motor.cpp.obj)
                0x03806a98                vex::motor::scaledToVelocity(double, vex::velocityUnits)
 .text._ZN3vex5motor4spinENS_13directionTypeEdNS_13velocityUnitsE
                0x03806b3c       0x5c c:\Users\robol\AppData\Roaming\Code\User\globalStorage\vexrobotics.vexcode\sdk\cpp\V5\V5_20240802_15_00_00/vexv5\libv5rt.a(vex_motor.cpp.obj)
                0x03806b3c                vex::motor::spin(vex::directionType, double, vex::velocityUnits)
 .text._ZN3vex5motor4spinENS_13directionTypeE
                0x03806b98       0x28 c:\Users\robol\AppData\Roaming\Code\User\globalStorage\vexrobotics.vexcode\sdk\cpp\V5\V5_20240802_15_00_00/vexv5\libv5rt.a(vex_motor.cpp.obj)
                0x03806b98                vex::motor::spin(vex::directionType)
 .text._ZN3vex5motor11setVelocityEdNS_13velocityUnitsE
                0x03806bc0       0x54 c:\Users\robol\AppData\Roaming\Code\User\globalStorage\vexrobotics.vexcode\sdk\cpp\V5\V5_20240802_15_00_00/vexv5\libv5rt.a(vex_motor.cpp.obj)
                0x03806bc0                vex::motor::setVelocity(double, vex::velocityUnits)
 .text._ZN3vex5motor16setRotationUnitsENS_13rotationUnitsE
                0x03806c14       0x1c c:\Users\robol\AppData\Roaming\Code\User\globalStorage\vexrobotics.vexcode\sdk\cpp\V5\V5_20240802_15_00_00/vexv5\libv5rt.a(vex_motor.cpp.obj)
                0x03806c14                vex::motor::setRotationUnits(vex::rotationUnits)
 .text._ZN3vex5motor8positionENS_13rotationUnitsE
                0x03806c30       0x44 c:\Users\robol\AppData\Roaming\Code\User\globalStorage\vexrobotics.vexcode\sdk\cpp\V5\V5_20240802_15_00_00/vexv5\libv5rt.a(vex_motor.cpp.obj)
                0x03806c30                vex::motor::position(vex::rotationUnits)
 .text._ZN3vex8inertial11getTurnTypeEv
                0x03806c74        0x8 c:\Users\robol\AppData\Roaming\Code\User\globalStorage\vexrobotics.vexcode\sdk\cpp\V5\V5_20240802_15_00_00/vexv5\libv5rt.a(vex_imu.cpp.obj)
                0x03806c74                vex::inertial::getTurnType()
 .text._ZThn16_N3vex8inertial11getTurnTypeEv
                0x03806c7c        0x8 c:\Users\robol\AppData\Roaming\Code\User\globalStorage\vexrobotics.vexcode\sdk\cpp\V5\V5_20240802_15_00_00/vexv5\libv5rt.a(vex_imu.cpp.obj)
                0x03806c7c                non-virtual thunk to vex::inertial::getTurnType()
 *fill*         0x03806c84        0x4 
 .text._ZN3vex8inertial10setHeadingEdNS_13rotationUnitsE
                0x03806c88       0x58 c:\Users\robol\AppData\Roaming\Code\User\globalStorage\vexrobotics.vexcode\sdk\cpp\V5\V5_20240802_15_00_00/vexv5\libv5rt.a(vex_imu.cpp.obj)
                0x03806c88                vex::inertial::setHeading(double, vex::rotationUnits)
 .text._ZThn16_N3vex8inertial10setHeadingEdNS_13rotationUnitsE
                0x03806ce0        0x8 c:\Users\robol\AppData\Roaming\Code\User\globalStorage\vexrobotics.vexcode\sdk\cpp\V5\V5_20240802_15_00_00/vexv5\libv5rt.a(vex_imu.cpp.obj)
                0x03806ce0                non-virtual thunk to vex::inertial::setHeading(double, vex::rotationUnits)
 .text._ZN3vex8inertial11setRotationEdNS_13rotationUnitsE
                0x03806ce8       0x58 c:\Users\robol\AppData\Roaming\Code\User\globalStorage\vexrobotics.vexcode\sdk\cpp\V5\V5_20240802_15_00_00/vexv5\libv5rt.a(vex_imu.cpp.obj)
                0x03806ce8                vex::inertial::setRotation(double, vex::rotationUnits)
 .text._ZThn16_N3vex8inertial11setRotationEdNS_13rotationUnitsE
                0x03806d40        0x8 c:\Users\robol\AppData\Roaming\Code\User\globalStorage\vexrobotics.vexcode\sdk\cpp\V5\V5_20240802_15_00_00/vexv5\libv5rt.a(vex_imu.cpp.obj)
                0x03806d40                non-virtual thunk to vex::inertial::setRotation(double, vex::rotationUnits)
 .text._ZN3vex8inertialD2Ev
                0x03806d48       0x20 c:\Users\robol\AppData\Roaming\Code\User\globalStorage\vexrobotics.vexcode\sdk\cpp\V5\V5_20240802_15_00_00/vexv5\libv5rt.a(vex_imu.cpp.obj)
                0x03806d48                vex::inertial::~inertial()
                0x03806d48                vex::inertial::~inertial()
 .text._ZThn16_N3vex8inertialD1Ev
                0x03806d68        0x8 c:\Users\robol\AppData\Roaming\Code\User\globalStorage\vexrobotics.vexcode\sdk\cpp\V5\V5_20240802_15_00_00/vexv5\libv5rt.a(vex_imu.cpp.obj)
                0x03806d68                non-virtual thunk to vex::inertial::~inertial()
 .text._ZN3vex8inertialD0Ev
                0x03806d70       0x1c c:\Users\robol\AppData\Roaming\Code\User\globalStorage\vexrobotics.vexcode\sdk\cpp\V5\V5_20240802_15_00_00/vexv5\libv5rt.a(vex_imu.cpp.obj)
                0x03806d70                vex::inertial::~inertial()
 .text._ZThn16_N3vex8inertialD0Ev
                0x03806d8c        0x8 c:\Users\robol\AppData\Roaming\Code\User\globalStorage\vexrobotics.vexcode\sdk\cpp\V5\V5_20240802_15_00_00/vexv5\libv5rt.a(vex_imu.cpp.obj)
                0x03806d8c                non-virtual thunk to vex::inertial::~inertial()
 .text._ZN3vex8inertial9installedEv
                0x03806d94       0x18 c:\Users\robol\AppData\Roaming\Code\User\globalStorage\vexrobotics.vexcode\sdk\cpp\V5\V5_20240802_15_00_00/vexv5\libv5rt.a(vex_imu.cpp.obj)
                0x03806d94                vex::inertial::installed()
 .text._ZN3vex8inertial5angleENS_13rotationUnitsE
                0x03806dac       0x6c c:\Users\robol\AppData\Roaming\Code\User\globalStorage\vexrobotics.vexcode\sdk\cpp\V5\V5_20240802_15_00_00/vexv5\libv5rt.a(vex_imu.cpp.obj)
                0x03806dac                vex::inertial::angle(vex::rotationUnits)
 .text._ZThn16_N3vex8inertial5angleENS_13rotationUnitsE
                0x03806e18        0x8 c:\Users\robol\AppData\Roaming\Code\User\globalStorage\vexrobotics.vexcode\sdk\cpp\V5\V5_20240802_15_00_00/vexv5\libv5rt.a(vex_imu.cpp.obj)
                0x03806e18                non-virtual thunk to vex::inertial::angle(vex::rotationUnits)
 .text._ZN3vex8inertial7headingENS_13rotationUnitsE
                0x03806e20        0x4 c:\Users\robol\AppData\Roaming\Code\User\globalStorage\vexrobotics.vexcode\sdk\cpp\V5\V5_20240802_15_00_00/vexv5\libv5rt.a(vex_imu.cpp.obj)
                0x03806e20                vex::inertial::heading(vex::rotationUnits)
 .text._ZThn16_N3vex8inertial7headingENS_13rotationUnitsE
                0x03806e24        0x8 c:\Users\robol\AppData\Roaming\Code\User\globalStorage\vexrobotics.vexcode\sdk\cpp\V5\V5_20240802_15_00_00/vexv5\libv5rt.a(vex_imu.cpp.obj)
                0x03806e24                non-virtual thunk to vex::inertial::heading(vex::rotationUnits)
 .text._ZN3vex8inertial5valueEv
                0x03806e2c       0x1c c:\Users\robol\AppData\Roaming\Code\User\globalStorage\vexrobotics.vexcode\sdk\cpp\V5\V5_20240802_15_00_00/vexv5\libv5rt.a(vex_imu.cpp.obj)
                0x03806e2c                vex::inertial::value()
 .text._ZN3vex8inertial8rotationENS_13rotationUnitsE
                0x03806e48       0x48 c:\Users\robol\AppData\Roaming\Code\User\globalStorage\vexrobotics.vexcode\sdk\cpp\V5\V5_20240802_15_00_00/vexv5\libv5rt.a(vex_imu.cpp.obj)
                0x03806e48                vex::inertial::rotation(vex::rotationUnits)
 .text._ZThn16_N3vex8inertial8rotationENS_13rotationUnitsE
                0x03806e90        0x8 c:\Users\robol\AppData\Roaming\Code\User\globalStorage\vexrobotics.vexcode\sdk\cpp\V5\V5_20240802_15_00_00/vexv5\libv5rt.a(vex_imu.cpp.obj)
                0x03806e90                non-virtual thunk to vex::inertial::rotation(vex::rotationUnits)
 .text._ZN3vex8inertial13isCalibratingEv
                0x03806e98       0x38 c:\Users\robol\AppData\Roaming\Code\User\globalStorage\vexrobotics.vexcode\sdk\cpp\V5\V5_20240802_15_00_00/vexv5\libv5rt.a(vex_imu.cpp.obj)
                0x03806e98                vex::inertial::isCalibrating()
 .text._ZThn16_N3vex8inertial13isCalibratingEv
                0x03806ed0        0x8 c:\Users\robol\AppData\Roaming\Code\User\globalStorage\vexrobotics.vexcode\sdk\cpp\V5\V5_20240802_15_00_00/vexv5\libv5rt.a(vex_imu.cpp.obj)
                0x03806ed0                non-virtual thunk to vex::inertial::isCalibrating()
 .text._ZN3vex8inertialC2ElNS_8turnTypeE
                0x03806ed8       0x4c c:\Users\robol\AppData\Roaming\Code\User\globalStorage\vexrobotics.vexcode\sdk\cpp\V5\V5_20240802_15_00_00/vexv5\libv5rt.a(vex_imu.cpp.obj)
                0x03806ed8                vex::inertial::inertial(long, vex::turnType)
                0x03806ed8                vex::inertial::inertial(long, vex::turnType)
 .text._ZN3vex8inertial16startCalibrationEl
                0x03806f24       0x20 c:\Users\robol\AppData\Roaming\Code\User\globalStorage\vexrobotics.vexcode\sdk\cpp\V5\V5_20240802_15_00_00/vexv5\libv5rt.a(vex_imu.cpp.obj)
                0x03806f24                vex::inertial::startCalibration(long)
 .text._ZN3vex8inertial9calibrateEl
                0x03806f44        0xc c:\Users\robol\AppData\Roaming\Code\User\globalStorage\vexrobotics.vexcode\sdk\cpp\V5\V5_20240802_15_00_00/vexv5\libv5rt.a(vex_imu.cpp.obj)
                0x03806f44                vex::inertial::calibrate(long)
                0x03806f48                non-virtual thunk to vex::inertial::calibrate(long)
 .text._ZN3vex7opticalD2Ev
                0x03806f50       0x20 c:\Users\robol\AppData\Roaming\Code\User\globalStorage\vexrobotics.vexcode\sdk\cpp\V5\V5_20240802_15_00_00/vexv5\libv5rt.a(vex_optical.cpp.obj)
                0x03806f50                vex::optical::~optical()
                0x03806f50                vex::optical::~optical()
 .text._ZN3vex7opticalD0Ev
                0x03806f70       0x1c c:\Users\robol\AppData\Roaming\Code\User\globalStorage\vexrobotics.vexcode\sdk\cpp\V5\V5_20240802_15_00_00/vexv5\libv5rt.a(vex_optical.cpp.obj)
                0x03806f70                vex::optical::~optical()
 .text._ZN3vex7optical9installedEv
                0x03806f8c       0x18 c:\Users\robol\AppData\Roaming\Code\User\globalStorage\vexrobotics.vexcode\sdk\cpp\V5\V5_20240802_15_00_00/vexv5\libv5rt.a(vex_optical.cpp.obj)
                0x03806f8c                vex::optical::installed()
 .text._ZN3vex7optical3hueEv
                0x03806fa4        0x8 c:\Users\robol\AppData\Roaming\Code\User\globalStorage\vexrobotics.vexcode\sdk\cpp\V5\V5_20240802_15_00_00/vexv5\libv5rt.a(vex_optical.cpp.obj)
                0x03806fa4                vex::optical::hue()
 .text._ZN3vex7optical5valueEv
                0x03806fac       0x18 c:\Users\robol\AppData\Roaming\Code\User\globalStorage\vexrobotics.vexcode\sdk\cpp\V5\V5_20240802_15_00_00/vexv5\libv5rt.a(vex_optical.cpp.obj)
                0x03806fac                vex::optical::value()
 .text._ZN3vex7optical8setLightENS_8ledStateE
                0x03806fc4       0x18 c:\Users\robol\AppData\Roaming\Code\User\globalStorage\vexrobotics.vexcode\sdk\cpp\V5\V5_20240802_15_00_00/vexv5\libv5rt.a(vex_optical.cpp.obj)
                0x03806fc4                vex::optical::setLight(vex::ledState)
 .text._ZN3vex7optical13setLightPowerElNS_12percentUnitsE
                0x03806fdc       0x2c c:\Users\robol\AppData\Roaming\Code\User\globalStorage\vexrobotics.vexcode\sdk\cpp\V5\V5_20240802_15_00_00/vexv5\libv5rt.a(vex_optical.cpp.obj)
                0x03806fdc                vex::optical::setLightPower(long, vex::percentUnits)
 .text._ZN3vex7optical13gestureEnableEv
                0x03807008        0x8 c:\Users\robol\AppData\Roaming\Code\User\globalStorage\vexrobotics.vexcode\sdk\cpp\V5\V5_20240802_15_00_00/vexv5\libv5rt.a(vex_optical.cpp.obj)
                0x03807008                vex::optical::gestureEnable()
 .text._ZN3vex7optical14gestureDisableEv
                0x03807010        0x8 c:\Users\robol\AppData\Roaming\Code\User\globalStorage\vexrobotics.vexcode\sdk\cpp\V5\V5_20240802_15_00_00/vexv5\libv5rt.a(vex_optical.cpp.obj)
                0x03807010                vex::optical::gestureDisable()
 .text._ZN3vex7opticalC2Elb
                0x03807018       0x54 c:\Users\robol\AppData\Roaming\Code\User\globalStorage\vexrobotics.vexcode\sdk\cpp\V5\V5_20240802_15_00_00/vexv5\libv5rt.a(vex_optical.cpp.obj)
                0x03807018                vex::optical::optical(long, bool)
                0x03807018                vex::optical::optical(long, bool)
 .text._ZN3vex3gps11getTurnTypeEv
                0x0380706c        0x8 c:\Users\robol\AppData\Roaming\Code\User\globalStorage\vexrobotics.vexcode\sdk\cpp\V5\V5_20240802_15_00_00/vexv5\libv5rt.a(vex_gps.cpp.obj)
                0x0380706c                vex::gps::getTurnType()
 .text._ZThn16_N3vex3gps11getTurnTypeEv
                0x03807074        0x8 c:\Users\robol\AppData\Roaming\Code\User\globalStorage\vexrobotics.vexcode\sdk\cpp\V5\V5_20240802_15_00_00/vexv5\libv5rt.a(vex_gps.cpp.obj)
                0x03807074                non-virtual thunk to vex::gps::getTurnType()
 *fill*         0x0380707c        0x4 
 .text._ZN3vex3gps10setHeadingEdNS_13rotationUnitsE
                0x03807080       0x58 c:\Users\robol\AppData\Roaming\Code\User\globalStorage\vexrobotics.vexcode\sdk\cpp\V5\V5_20240802_15_00_00/vexv5\libv5rt.a(vex_gps.cpp.obj)
                0x03807080                vex::gps::setHeading(double, vex::rotationUnits)
 .text._ZThn16_N3vex3gps10setHeadingEdNS_13rotationUnitsE
                0x038070d8        0x8 c:\Users\robol\AppData\Roaming\Code\User\globalStorage\vexrobotics.vexcode\sdk\cpp\V5\V5_20240802_15_00_00/vexv5\libv5rt.a(vex_gps.cpp.obj)
                0x038070d8                non-virtual thunk to vex::gps::setHeading(double, vex::rotationUnits)
 .text._ZN3vex3gps11setRotationEdNS_13rotationUnitsE
                0x038070e0       0x58 c:\Users\robol\AppData\Roaming\Code\User\globalStorage\vexrobotics.vexcode\sdk\cpp\V5\V5_20240802_15_00_00/vexv5\libv5rt.a(vex_gps.cpp.obj)
                0x038070e0                vex::gps::setRotation(double, vex::rotationUnits)
 .text._ZThn16_N3vex3gps11setRotationEdNS_13rotationUnitsE
                0x03807138        0x8 c:\Users\robol\AppData\Roaming\Code\User\globalStorage\vexrobotics.vexcode\sdk\cpp\V5\V5_20240802_15_00_00/vexv5\libv5rt.a(vex_gps.cpp.obj)
                0x03807138                non-virtual thunk to vex::gps::setRotation(double, vex::rotationUnits)
 .text._ZN3vex3gpsD2Ev
                0x03807140       0x20 c:\Users\robol\AppData\Roaming\Code\User\globalStorage\vexrobotics.vexcode\sdk\cpp\V5\V5_20240802_15_00_00/vexv5\libv5rt.a(vex_gps.cpp.obj)
                0x03807140                vex::gps::~gps()
                0x03807140                vex::gps::~gps()
 .text._ZThn16_N3vex3gpsD1Ev
                0x03807160        0x8 c:\Users\robol\AppData\Roaming\Code\User\globalStorage\vexrobotics.vexcode\sdk\cpp\V5\V5_20240802_15_00_00/vexv5\libv5rt.a(vex_gps.cpp.obj)
                0x03807160                non-virtual thunk to vex::gps::~gps()
 .text._ZN3vex3gpsD0Ev
                0x03807168       0x1c c:\Users\robol\AppData\Roaming\Code\User\globalStorage\vexrobotics.vexcode\sdk\cpp\V5\V5_20240802_15_00_00/vexv5\libv5rt.a(vex_gps.cpp.obj)
                0x03807168                vex::gps::~gps()
 .text._ZThn16_N3vex3gpsD0Ev
                0x03807184        0x8 c:\Users\robol\AppData\Roaming\Code\User\globalStorage\vexrobotics.vexcode\sdk\cpp\V5\V5_20240802_15_00_00/vexv5\libv5rt.a(vex_gps.cpp.obj)
                0x03807184                non-virtual thunk to vex::gps::~gps()
 .text._ZN3vex3gps9installedEv
                0x0380718c       0x18 c:\Users\robol\AppData\Roaming\Code\User\globalStorage\vexrobotics.vexcode\sdk\cpp\V5\V5_20240802_15_00_00/vexv5\libv5rt.a(vex_gps.cpp.obj)
                0x0380718c                vex::gps::installed()
 .text._ZN3vex3gps5angleENS_13rotationUnitsE
                0x038071a4       0x84 c:\Users\robol\AppData\Roaming\Code\User\globalStorage\vexrobotics.vexcode\sdk\cpp\V5\V5_20240802_15_00_00/vexv5\libv5rt.a(vex_gps.cpp.obj)
                0x038071a4                vex::gps::angle(vex::rotationUnits)
 .text._ZThn16_N3vex3gps5angleENS_13rotationUnitsE
                0x03807228        0x8 c:\Users\robol\AppData\Roaming\Code\User\globalStorage\vexrobotics.vexcode\sdk\cpp\V5\V5_20240802_15_00_00/vexv5\libv5rt.a(vex_gps.cpp.obj)
                0x03807228                non-virtual thunk to vex::gps::angle(vex::rotationUnits)
 .text._ZN3vex3gps7headingENS_13rotationUnitsE
                0x03807230        0x4 c:\Users\robol\AppData\Roaming\Code\User\globalStorage\vexrobotics.vexcode\sdk\cpp\V5\V5_20240802_15_00_00/vexv5\libv5rt.a(vex_gps.cpp.obj)
                0x03807230                vex::gps::heading(vex::rotationUnits)
 .text._ZThn16_N3vex3gps7headingENS_13rotationUnitsE
                0x03807234        0x8 c:\Users\robol\AppData\Roaming\Code\User\globalStorage\vexrobotics.vexcode\sdk\cpp\V5\V5_20240802_15_00_00/vexv5\libv5rt.a(vex_gps.cpp.obj)
                0x03807234                non-virtual thunk to vex::gps::heading(vex::rotationUnits)
 .text._ZN3vex3gps5valueEv
                0x0380723c       0x1c c:\Users\robol\AppData\Roaming\Code\User\globalStorage\vexrobotics.vexcode\sdk\cpp\V5\V5_20240802_15_00_00/vexv5\libv5rt.a(vex_gps.cpp.obj)
                0x0380723c                vex::gps::value()
 .text._ZN3vex3gps8rotationENS_13rotationUnitsE
                0x03807258       0x60 c:\Users\robol\AppData\Roaming\Code\User\globalStorage\vexrobotics.vexcode\sdk\cpp\V5\V5_20240802_15_00_00/vexv5\libv5rt.a(vex_gps.cpp.obj)
                0x03807258                vex::gps::rotation(vex::rotationUnits)
 .text._ZThn16_N3vex3gps8rotationENS_13rotationUnitsE
                0x038072b8        0x8 c:\Users\robol\AppData\Roaming\Code\User\globalStorage\vexrobotics.vexcode\sdk\cpp\V5\V5_20240802_15_00_00/vexv5\libv5rt.a(vex_gps.cpp.obj)
                0x038072b8                non-virtual thunk to vex::gps::rotation(vex::rotationUnits)
 .text._ZN3vex3gps13isCalibratingEv
                0x038072c0       0x38 c:\Users\robol\AppData\Roaming\Code\User\globalStorage\vexrobotics.vexcode\sdk\cpp\V5\V5_20240802_15_00_00/vexv5\libv5rt.a(vex_gps.cpp.obj)
                0x038072c0                vex::gps::isCalibrating()
 .text._ZThn16_N3vex3gps13isCalibratingEv
                0x038072f8        0x8 c:\Users\robol\AppData\Roaming\Code\User\globalStorage\vexrobotics.vexcode\sdk\cpp\V5\V5_20240802_15_00_00/vexv5\libv5rt.a(vex_gps.cpp.obj)
                0x038072f8                non-virtual thunk to vex::gps::isCalibrating()
 .text._ZN3vex3gps17setSensorRotationEd
                0x03807300        0x8 c:\Users\robol\AppData\Roaming\Code\User\globalStorage\vexrobotics.vexcode\sdk\cpp\V5\V5_20240802_15_00_00/vexv5\libv5rt.a(vex_gps.cpp.obj)
                0x03807300                vex::gps::setSensorRotation(double)
 .text._ZN3vex3gpsC2EldNS_8turnTypeE
                0x03807308       0x74 c:\Users\robol\AppData\Roaming\Code\User\globalStorage\vexrobotics.vexcode\sdk\cpp\V5\V5_20240802_15_00_00/vexv5\libv5rt.a(vex_gps.cpp.obj)
                0x03807308                vex::gps::gps(long, double, vex::turnType)
                0x03807308                vex::gps::gps(long, double, vex::turnType)
 *fill*         0x0380737c        0x4 
 .text._ZN3vex3gps9setOriginEddNS_13distanceUnitsE
                0x03807380       0x68 c:\Users\robol\AppData\Roaming\Code\User\globalStorage\vexrobotics.vexcode\sdk\cpp\V5\V5_20240802_15_00_00/vexv5\libv5rt.a(vex_gps.cpp.obj)
                0x03807380                vex::gps::setOrigin(double, double, vex::distanceUnits)
 .text._ZN3vex3gpsC2ElddNS_13distanceUnitsEdNS_8turnTypeE
                0x038073e8       0x4c c:\Users\robol\AppData\Roaming\Code\User\globalStorage\vexrobotics.vexcode\sdk\cpp\V5\V5_20240802_15_00_00/vexv5\libv5rt.a(vex_gps.cpp.obj)
                0x038073e8                vex::gps::gps(long, double, double, vex::distanceUnits, double, vex::turnType)
                0x038073e8                vex::gps::gps(long, double, double, vex::distanceUnits, double, vex::turnType)
 *fill*         0x03807434        0x4 
 .text._ZN3vex3gps9xPositionENS_13distanceUnitsE
                0x03807438       0x70 c:\Users\robol\AppData\Roaming\Code\User\globalStorage\vexrobotics.vexcode\sdk\cpp\V5\V5_20240802_15_00_00/vexv5\libv5rt.a(vex_gps.cpp.obj)
                0x03807438                vex::gps::xPosition(vex::distanceUnits)
 .text._ZN3vex3gps9yPositionENS_13distanceUnitsE
                0x038074a8       0x70 c:\Users\robol\AppData\Roaming\Code\User\globalStorage\vexrobotics.vexcode\sdk\cpp\V5\V5_20240802_15_00_00/vexv5\libv5rt.a(vex_gps.cpp.obj)
                0x038074a8                vex::gps::yPosition(vex::distanceUnits)
 .text._ZN3vex3gps16startCalibrationEl
                0x03807518       0x48 c:\Users\robol\AppData\Roaming\Code\User\globalStorage\vexrobotics.vexcode\sdk\cpp\V5\V5_20240802_15_00_00/vexv5\libv5rt.a(vex_gps.cpp.obj)
                0x03807518                vex::gps::startCalibration(long)
 .text._ZN3vex3gps9calibrateEl
                0x03807560        0xc c:\Users\robol\AppData\Roaming\Code\User\globalStorage\vexrobotics.vexcode\sdk\cpp\V5\V5_20240802_15_00_00/vexv5\libv5rt.a(vex_gps.cpp.obj)
                0x03807560                vex::gps::calibrate(long)
                0x03807564                non-virtual thunk to vex::gps::calibrate(long)
 *fill*         0x0380756c        0x4 
 .text._ZN3vex3gps7qualityEv
                0x03807570       0x68 c:\Users\robol\AppData\Roaming\Code\User\globalStorage\vexrobotics.vexcode\sdk\cpp\V5\V5_20240802_15_00_00/vexv5\libv5rt.a(vex_gps.cpp.obj)
                0x03807570                vex::gps::quality()
 .text._ZN3vex10controllerD2Ev
                0x038075d8        0x4 c:\Users\robol\AppData\Roaming\Code\User\globalStorage\vexrobotics.vexcode\sdk\cpp\V5\V5_20240802_15_00_00/vexv5\libv5rt.a(vex_controller.cpp.obj)
                0x038075d8                vex::controller::~controller()
                0x038075d8                vex::controller::~controller()
 .text._ZNK3vex10controller6button21_buttonToPressedEventEv
                0x038075dc       0x20 c:\Users\robol\AppData\Roaming\Code\User\globalStorage\vexrobotics.vexcode\sdk\cpp\V5\V5_20240802_15_00_00/vexv5\libv5rt.a(vex_controller.cpp.obj)
                0x038075dc                vex::controller::button::_buttonToPressedEvent() const
 .text._ZNK3vex10controller6button22_buttonToReleasedEventEv
                0x038075fc       0x20 c:\Users\robol\AppData\Roaming\Code\User\globalStorage\vexrobotics.vexcode\sdk\cpp\V5\V5_20240802_15_00_00/vexv5\libv5rt.a(vex_controller.cpp.obj)
                0x038075fc                vex::controller::button::_buttonToReleasedEvent() const
 .text._ZN3vex10controller6buttonC2ENS0_11tButtonTypeEPS0_
                0x0380761c       0x48 c:\Users\robol\AppData\Roaming\Code\User\globalStorage\vexrobotics.vexcode\sdk\cpp\V5\V5_20240802_15_00_00/vexv5\libv5rt.a(vex_controller.cpp.obj)
                0x0380761c                vex::controller::button::button(vex::controller::tButtonType, vex::controller*)
                0x0380761c                vex::controller::button::button(vex::controller::tButtonType, vex::controller*)
 .text._ZNK3vex10controller4axis23_joystickToChangedEventEv
                0x03807664       0x20 c:\Users\robol\AppData\Roaming\Code\User\globalStorage\vexrobotics.vexcode\sdk\cpp\V5\V5_20240802_15_00_00/vexv5\libv5rt.a(vex_controller.cpp.obj)
                0x03807664                vex::controller::axis::_joystickToChangedEvent() const
 .text._ZN3vex10controller4axisC2ENS0_9tAxisTypeEPS0_
                0x03807684       0x2c c:\Users\robol\AppData\Roaming\Code\User\globalStorage\vexrobotics.vexcode\sdk\cpp\V5\V5_20240802_15_00_00/vexv5\libv5rt.a(vex_controller.cpp.obj)
                0x03807684                vex::controller::axis::axis(vex::controller::tAxisType, vex::controller*)
                0x03807684                vex::controller::axis::axis(vex::controller::tAxisType, vex::controller*)
 .text._ZN3vex10controllerC2ENS_14controllerTypeE
                0x038076b0      0x16c c:\Users\robol\AppData\Roaming\Code\User\globalStorage\vexrobotics.vexcode\sdk\cpp\V5\V5_20240802_15_00_00/vexv5\libv5rt.a(vex_controller.cpp.obj)
                0x038076b0                vex::controller::controller(vex::controllerType)
                0x038076b0                vex::controller::controller(vex::controllerType)
 .text._ZN3vex4taskC2EPFivE
                0x0380781c       0x5c c:\Users\robol\AppData\Roaming\Code\User\globalStorage\vexrobotics.vexcode\sdk\cpp\V5\V5_20240802_15_00_00/vexv5\libv5rt.a(vex_task.cpp.obj)
                0x0380781c                vex::task::task(int (*)())
                0x0380781c                vex::task::task(int (*)())
 .text._ZN3vex4taskD2Ev
                0x03807878        0x4 c:\Users\robol\AppData\Roaming\Code\User\globalStorage\vexrobotics.vexcode\sdk\cpp\V5\V5_20240802_15_00_00/vexv5\libv5rt.a(vex_task.cpp.obj)
                0x03807878                vex::task::~task()
                0x03807878                vex::task::~task()
 .text._ZN3vex4task4stopEPvi
                0x0380787c       0x1c c:\Users\robol\AppData\Roaming\Code\User\globalStorage\vexrobotics.vexcode\sdk\cpp\V5\V5_20240802_15_00_00/vexv5\libv5rt.a(vex_task.cpp.obj)
                0x0380787c                vex::task::stop(void*, int)
 .text._ZN3vex4task5sleepEm
                0x03807898        0x4 c:\Users\robol\AppData\Roaming\Code\User\globalStorage\vexrobotics.vexcode\sdk\cpp\V5\V5_20240802_15_00_00/vexv5\libv5rt.a(vex_task.cpp.obj)
                0x03807898                vex::task::sleep(unsigned long)
 .text._ZN3vex4task6_indexEPFivE
                0x0380789c       0x14 c:\Users\robol\AppData\Roaming\Code\User\globalStorage\vexrobotics.vexcode\sdk\cpp\V5\V5_20240802_15_00_00/vexv5\libv5rt.a(vex_task.cpp.obj)
                0x0380789c                vex::task::_index(int (*)())
 .text._ZN3vex4task8_stopAllEv
                0x038078b0       0x3c c:\Users\robol\AppData\Roaming\Code\User\globalStorage\vexrobotics.vexcode\sdk\cpp\V5\V5_20240802_15_00_00/vexv5\libv5rt.a(vex_task.cpp.obj)
                0x038078b0                vex::task::_stopAll()
 .text._ZN3vex6threadC2EPFivE
                0x038078ec       0x5c c:\Users\robol\AppData\Roaming\Code\User\globalStorage\vexrobotics.vexcode\sdk\cpp\V5\V5_20240802_15_00_00/vexv5\libv5rt.a(vex_thread.cpp.obj)
                0x038078ec                vex::thread::thread(int (*)())
                0x038078ec                vex::thread::thread(int (*)())
 .text._ZN3vex6threadC2EPFiPvES1_
                0x03807948       0x5c c:\Users\robol\AppData\Roaming\Code\User\globalStorage\vexrobotics.vexcode\sdk\cpp\V5\V5_20240802_15_00_00/vexv5\libv5rt.a(vex_thread.cpp.obj)
                0x03807948                vex::thread::thread(int (*)(void*), void*)
                0x03807948                vex::thread::thread(int (*)(void*), void*)
 .text._ZN3vex6threadD2Ev
                0x038079a4        0x4 c:\Users\robol\AppData\Roaming\Code\User\globalStorage\vexrobotics.vexcode\sdk\cpp\V5\V5_20240802_15_00_00/vexv5\libv5rt.a(vex_thread.cpp.obj)
                0x038079a4                vex::thread::~thread()
                0x038079a4                vex::thread::~thread()
 .text._ZN3vex6thread11setPriorityEl
                0x038079a8       0x1c c:\Users\robol\AppData\Roaming\Code\User\globalStorage\vexrobotics.vexcode\sdk\cpp\V5\V5_20240802_15_00_00/vexv5\libv5rt.a(vex_thread.cpp.obj)
                0x038079a8                vex::thread::setPriority(long)
 .text._ZN3vex11this_thread5yieldEv
                0x038079c4        0x4 c:\Users\robol\AppData\Roaming\Code\User\globalStorage\vexrobotics.vexcode\sdk\cpp\V5\V5_20240802_15_00_00/vexv5\libv5rt.a(vex_thread.cpp.obj)
                0x038079c4                vex::this_thread::yield()
 .text._ZN3vex11this_thread9sleep_forEm
                0x038079c8        0x4 c:\Users\robol\AppData\Roaming\Code\User\globalStorage\vexrobotics.vexcode\sdk\cpp\V5\V5_20240802_15_00_00/vexv5\libv5rt.a(vex_thread.cpp.obj)
                0x038079c8                vex::this_thread::sleep_for(unsigned long)
 .text._ZN3vex5mutexC2Ev
                0x038079cc       0x1c c:\Users\robol\AppData\Roaming\Code\User\globalStorage\vexrobotics.vexcode\sdk\cpp\V5\V5_20240802_15_00_00/vexv5\libv5rt.a(vex_thread.cpp.obj)
                0x038079cc                vex::mutex::mutex()
                0x038079cc                vex::mutex::mutex()
 .text._ZN3vex5mutexD2Ev
                0x038079e8        0x4 c:\Users\robol\AppData\Roaming\Code\User\globalStorage\vexrobotics.vexcode\sdk\cpp\V5\V5_20240802_15_00_00/vexv5\libv5rt.a(vex_thread.cpp.obj)
                0x038079e8                vex::mutex::~mutex()
                0x038079e8                vex::mutex::~mutex()
 .text._ZN3vex5mutex4lockEv
                0x038079ec        0x8 c:\Users\robol\AppData\Roaming\Code\User\globalStorage\vexrobotics.vexcode\sdk\cpp\V5\V5_20240802_15_00_00/vexv5\libv5rt.a(vex_thread.cpp.obj)
                0x038079ec                vex::mutex::lock()
 .text._ZN3vex5mutex6unlockEv
                0x038079f4        0x4 c:\Users\robol\AppData\Roaming\Code\User\globalStorage\vexrobotics.vexcode\sdk\cpp\V5\V5_20240802_15_00_00/vexv5\libv5rt.a(vex_thread.cpp.obj)
                0x038079f4                vex::mutex::unlock()
 .text._ZN3vex5event4initEmmPFvvE
                0x038079f8        0x4 c:\Users\robol\AppData\Roaming\Code\User\globalStorage\vexrobotics.vexcode\sdk\cpp\V5\V5_20240802_15_00_00/vexv5\libv5rt.a(vex_event.cpp.obj)
                0x038079f8                vex::event::init(unsigned long, unsigned long, void (*)())
 .text._ZN3vex5event4initEmmPFvPvES1_
                0x038079fc        0x4 c:\Users\robol\AppData\Roaming\Code\User\globalStorage\vexrobotics.vexcode\sdk\cpp\V5\V5_20240802_15_00_00/vexv5\libv5rt.a(vex_event.cpp.obj)
                0x038079fc                vex::event::init(unsigned long, unsigned long, void (*)(void*), void*)
 .text._ZN3vex5event9userindexEv
                0x03807a00        0x4 c:\Users\robol\AppData\Roaming\Code\User\globalStorage\vexrobotics.vexcode\sdk\cpp\V5\V5_20240802_15_00_00/vexv5\libv5rt.a(vex_event.cpp.obj)
                0x03807a00                vex::event::userindex()
 .text._ZZN3vex6meventC4EmmENUlvE_4_FUNEv
                0x03807a04        0x4 c:\Users\robol\AppData\Roaming\Code\User\globalStorage\vexrobotics.vexcode\sdk\cpp\V5\V5_20240802_15_00_00/vexv5\libv5rt.a(vex_mevent.cpp.obj)
 .text._ZN3vex6meventC2Emm
                0x03807a08       0x70 c:\Users\robol\AppData\Roaming\Code\User\globalStorage\vexrobotics.vexcode\sdk\cpp\V5\V5_20240802_15_00_00/vexv5\libv5rt.a(vex_mevent.cpp.obj)
                0x03807a08                vex::mevent::mevent(unsigned long, unsigned long)
                0x03807a08                vex::mevent::mevent(unsigned long, unsigned long)
 .text._ZN3vex5brain9_getIndexEv
                0x03807a78       0x10 c:\Users\robol\AppData\Roaming\Code\User\globalStorage\vexrobotics.vexcode\sdk\cpp\V5\V5_20240802_15_00_00/vexv5\libv5rt.a(vex_brain.cpp.obj)
                0x03807a78                vex::brain::_getIndex()
 .text._ZN3vex5brain3lcd9setCursorEll
                0x03807a88       0x44 c:\Users\robol\AppData\Roaming\Code\User\globalStorage\vexrobotics.vexcode\sdk\cpp\V5\V5_20240802_15_00_00/vexv5\libv5rt.a(vex_brain.cpp.obj)
                0x03807a88                vex::brain::lcd::setCursor(long, long)
 .text._ZN3vex5brain3lcd7setFontENS_8fontTypeE
                0x03807acc      0x23c c:\Users\robol\AppData\Roaming\Code\User\globalStorage\vexrobotics.vexcode\sdk\cpp\V5\V5_20240802_15_00_00/vexv5\libv5rt.a(vex_brain.cpp.obj)
                0x03807acc                vex::brain::lcd::setFont(vex::fontType)
 .text._ZN3vex5brain3lcdC2Ev
                0x03807d08       0x94 c:\Users\robol\AppData\Roaming\Code\User\globalStorage\vexrobotics.vexcode\sdk\cpp\V5\V5_20240802_15_00_00/vexv5\libv5rt.a(vex_brain.cpp.obj)
                0x03807d08                vex::brain::lcd::lcd()
                0x03807d08                vex::brain::lcd::lcd()
 .text._ZN3vex5brainC2Ev
                0x03807d9c       0x3c c:\Users\robol\AppData\Roaming\Code\User\globalStorage\vexrobotics.vexcode\sdk\cpp\V5\V5_20240802_15_00_00/vexv5\libv5rt.a(vex_brain.cpp.obj)
                0x03807d9c                vex::brain::brain()
                0x03807d9c                vex::brain::brain()
 .text._ZN3vex5brain3lcd11setPenColorERKNS_5colorE